[1m[33mwarning[0m[1m: function pointer comparisons do not produce meaningful results since their addresses are not guaranteed to be unique[0m
   [1m[94m--> [0msrc/wrap_fn_ptr.rs:57:27
    [1m[94m|[0m
[1m[94m 57[0m [1m[94m|[0m               pub struct Fn(FnPtr);
    [1m[94m|[0m                             [1m[33m^^^^^[0m
    [1m[94m|[0m
   [1m[94m::: [0msrc/filmgrain.rs:184:1
    [1m[94m|[0m
[1m[94m184[0m [1m[94m|[0m [1m[94m/[0m wrap_fn_ptr!(pub unsafe extern "C" fn fguv_32x32xn(
[1m[94m185[0m [1m[94m|[0m [1m[94m|[0m     dst_row_ptr: *mut DynPixel,
[1m[94m186[0m [1m[94m|[0m [1m[94m|[0m     src_row_ptr: *const DynPixel,
[1m[94m187[0m [1m[94m|[0m [1m[94m|[0m     stride: ptrdiff_t,
[1m[94m...[0m   [1m[94m|[0m
[1m[94m201[0m [1m[94m|[0m [1m[94m|[0m     _luma_row: *const FFISafe<PicOffset>,
[1m[94m202[0m [1m[94m|[0m [1m[94m|[0m ) -> ());
    [1m[94m|[0m [1m[94m|________-[0m [1m[94min this macro invocation[0m
    [1m[94m|[0m
    [1m[94m= [0m[1mnote[0m: the address of the same function can vary between different codegen units
    [1m[94m= [0m[1mnote[0m: furthermore, different functions could have the same address after being merged together
    [1m[94m= [0m[1mnote[0m: for more information visit <https://doc.rust-lang.org/nightly/core/ptr/fn.fn_addr_eq.html>
    [1m[94m= [0m[1mnote[0m: this warning originates in the derive macro `PartialEq` which comes from the expansion of the macro `wrap_fn_ptr` (in Nightly builds, run with -Z macro-backtrace for more info)

[1m[33mwarning[0m[1m: function pointer comparisons do not produce meaningful results since their addresses are not guaranteed to be unique[0m
  [1m[94m--> [0msrc/wrap_fn_ptr.rs:57:27
   [1m[94m|[0m
[1m[94m57[0m [1m[94m|[0m               pub struct Fn(FnPtr);
   [1m[94m|[0m                             [1m[33m^^^^^[0m
   [1m[94m|[0m
  [1m[94m::: [0msrc/ipred.rs:84:1
   [1m[94m|[0m
[1m[94m84[0m [1m[94m|[0m [1m[94m/[0m wrap_fn_ptr!(pub unsafe extern "C" fn angular_ipred(
[1m[94m85[0m [1m[94m|[0m [1m[94m|[0m     dst_ptr: *mut DynPixel,
[1m[94m86[0m [1m[94m|[0m [1m[94m|[0m     stride: ptrdiff_t,
[1m[94m87[0m [1m[94m|[0m [1m[94m|[0m     topleft: *const DynPixel,
[1m[94m...[0m  [1m[94m|[0m
[1m[94m95[0m [1m[94m|[0m [1m[94m|[0m     _dst: *const FFISafe<PicOffset>,
[1m[94m96[0m [1m[94m|[0m [1m[94m|[0m ) -> ());
   [1m[94m|[0m [1m[94m|________-[0m [1m[94min this macro invocation[0m
   [1m[94m|[0m
   [1m[94m= [0m[1mnote[0m: the address of the same function can vary between different codegen units
   [1m[94m= [0m[1mnote[0m: furthermore, different functions could have the same address after being merged together
   [1m[94m= [0m[1mnote[0m: for more information visit <https://doc.rust-lang.org/nightly/core/ptr/fn.fn_addr_eq.html>
   [1m[94m= [0m[1mnote[0m: this warning originates in the derive macro `PartialEq` which comes from the expansion of the macro `wrap_fn_ptr` (in Nightly builds, run with -Z macro-backtrace for more info)

[1m[33mwarning[0m[1m: function pointer comparisons do not produce meaningful results since their addresses are not guaranteed to be unique[0m
   [1m[94m--> [0msrc/wrap_fn_ptr.rs:57:27
    [1m[94m|[0m
[1m[94m 57[0m [1m[94m|[0m               pub struct Fn(FnPtr);
    [1m[94m|[0m                             [1m[33m^^^^^[0m
    [1m[94m|[0m
   [1m[94m::: [0msrc/ipred.rs:297:1
    [1m[94m|[0m
[1m[94m297[0m [1m[94m|[0m [1m[94m/[0m wrap_fn_ptr!(pub unsafe extern "C" fn cfl_ac(
[1m[94m298[0m [1m[94m|[0m [1m[94m|[0m     ac: &mut [i16; SCRATCH_AC_TXTP_LEN],
[1m[94m299[0m [1m[94m|[0m [1m[94m|[0m     y_ptr: *const DynPixel,
[1m[94m300[0m [1m[94m|[0m [1m[94m|[0m     stride: ptrdiff_t,
[1m[94m...[0m   [1m[94m|[0m
[1m[94m305[0m [1m[94m|[0m [1m[94m|[0m     _y: *const FFISafe<PicOffset>,
[1m[94m306[0m [1m[94m|[0m [1m[94m|[0m ) -> ());
    [1m[94m|[0m [1m[94m|________-[0m [1m[94min this macro invocation[0m
    [1m[94m|[0m
    [1m[94m= [0m[1mnote[0m: the address of the same function can vary between different codegen units
    [1m[94m= [0m[1mnote[0m: furthermore, different functions could have the same address after being merged together
    [1m[94m= [0m[1mnote[0m: for more information visit <https://doc.rust-lang.org/nightly/core/ptr/fn.fn_addr_eq.html>
    [1m[94m= [0m[1mnote[0m: this warning originates in the derive macro `PartialEq` which comes from the expansion of the macro `wrap_fn_ptr` (in Nightly builds, run with -Z macro-backtrace for more info)

[1m[33mwarning[0m[1m: function pointer comparisons do not produce meaningful results since their addresses are not guaranteed to be unique[0m
   [1m[94m--> [0msrc/wrap_fn_ptr.rs:57:27
    [1m[94m|[0m
[1m[94m 57[0m [1m[94m|[0m               pub struct Fn(FnPtr);
    [1m[94m|[0m                             [1m[33m^^^^^[0m
    [1m[94m|[0m
   [1m[94m::: [0msrc/ipred.rs:393:1
    [1m[94m|[0m
[1m[94m393[0m [1m[94m|[0m [1m[94m/[0m wrap_fn_ptr!(pub unsafe extern "C" fn cfl_pred(
[1m[94m394[0m [1m[94m|[0m [1m[94m|[0m     dst_ptr: *mut DynPixel,
[1m[94m395[0m [1m[94m|[0m [1m[94m|[0m     stride: ptrdiff_t,
[1m[94m396[0m [1m[94m|[0m [1m[94m|[0m     topleft: *const DynPixel,
[1m[94m...[0m   [1m[94m|[0m
[1m[94m403[0m [1m[94m|[0m [1m[94m|[0m     _dst: *const FFISafe<PicOffset>,
[1m[94m404[0m [1m[94m|[0m [1m[94m|[0m ) -> ());
    [1m[94m|[0m [1m[94m|________-[0m [1m[94min this macro invocation[0m
    [1m[94m|[0m
    [1m[94m= [0m[1mnote[0m: the address of the same function can vary between different codegen units
    [1m[94m= [0m[1mnote[0m: furthermore, different functions could have the same address after being merged together
    [1m[94m= [0m[1mnote[0m: for more information visit <https://doc.rust-lang.org/nightly/core/ptr/fn.fn_addr_eq.html>
    [1m[94m= [0m[1mnote[0m: this warning originates in the derive macro `PartialEq` which comes from the expansion of the macro `wrap_fn_ptr` (in Nightly builds, run with -Z macro-backtrace for more info)

[1m[33mwarning[0m[1m: function pointer comparisons do not produce meaningful results since their addresses are not guaranteed to be unique[0m
   [1m[94m--> [0msrc/wrap_fn_ptr.rs:57:27
    [1m[94m|[0m
[1m[94m 57[0m [1m[94m|[0m               pub struct Fn(FnPtr);
    [1m[94m|[0m                             [1m[33m^^^^^[0m
    [1m[94m|[0m
   [1m[94m::: [0msrc/ipred.rs:498:1
    [1m[94m|[0m
[1m[94m498[0m [1m[94m|[0m [1m[94m/[0m wrap_fn_ptr!(pub unsafe extern "C" fn pal_pred(
[1m[94m499[0m [1m[94m|[0m [1m[94m|[0m     dst_ptr: *mut DynPixel,
[1m[94m500[0m [1m[94m|[0m [1m[94m|[0m     stride: ptrdiff_t,
[1m[94m501[0m [1m[94m|[0m [1m[94m|[0m     pal: *const [DynPixel; 8],
[1m[94m...[0m   [1m[94m|[0m
[1m[94m505[0m [1m[94m|[0m [1m[94m|[0m     _dst: *const FFISafe<PicOffset>,
[1m[94m506[0m [1m[94m|[0m [1m[94m|[0m ) -> ());
    [1m[94m|[0m [1m[94m|________-[0m [1m[94min this macro invocation[0m
    [1m[94m|[0m
    [1m[94m= [0m[1mnote[0m: the address of the same function can vary between different codegen units
    [1m[94m= [0m[1mnote[0m: furthermore, different functions could have the same address after being merged together
    [1m[94m= [0m[1mnote[0m: for more information visit <https://doc.rust-lang.org/nightly/core/ptr/fn.fn_addr_eq.html>
    [1m[94m= [0m[1mnote[0m: this warning originates in the derive macro `PartialEq` which comes from the expansion of the macro `wrap_fn_ptr` (in Nightly builds, run with -Z macro-backtrace for more info)

[1m[33mwarning[0m[1m: function pointer comparisons do not produce meaningful results since their addresses are not guaranteed to be unique[0m
   [1m[94m--> [0msrc/wrap_fn_ptr.rs:57:27
    [1m[94m|[0m
[1m[94m 57[0m [1m[94m|[0m               pub struct Fn(FnPtr);
    [1m[94m|[0m                             [1m[33m^^^^^[0m
    [1m[94m|[0m
   [1m[94m::: [0msrc/itx.rs:459:1
    [1m[94m|[0m
[1m[94m459[0m [1m[94m|[0m [1m[94m/[0m wrap_fn_ptr!(unsafe extern "C" fn itxfm(
[1m[94m460[0m [1m[94m|[0m [1m[94m|[0m     dst_ptr: *mut DynPixel,
[1m[94m461[0m [1m[94m|[0m [1m[94m|[0m     dst_stride: isize,
[1m[94m462[0m [1m[94m|[0m [1m[94m|[0m     coeff: *mut DynCoef,
[1m[94m...[0m   [1m[94m|[0m
[1m[94m466[0m [1m[94m|[0m [1m[94m|[0m     _dst: *const FFISafe<PicOffset>,
[1m[94m467[0m [1m[94m|[0m [1m[94m|[0m ) -> ());
    [1m[94m|[0m [1m[94m|________-[0m [1m[94min this macro invocation[0m
    [1m[94m|[0m
    [1m[94m= [0m[1mnote[0m: the address of the same function can vary between different codegen units
    [1m[94m= [0m[1mnote[0m: furthermore, different functions could have the same address after being merged together
    [1m[94m= [0m[1mnote[0m: for more information visit <https://doc.rust-lang.org/nightly/core/ptr/fn.fn_addr_eq.html>
    [1m[94m= [0m[1mnote[0m: this warning originates in the derive macro `PartialEq` which comes from the expansion of the macro `wrap_fn_ptr` (in Nightly builds, run with -Z macro-backtrace for more info)

[1m[33mwarning[0m[1m: `extern` block uses type `A16`, which is not FFI-safe[0m
    [1m[94m--> [0msrc/loopfilter.rs:38:10
     [1m[94m|[0m
[1m[94m  38[0m [1m[94m|[0m     lut: &Align16<Av1FilterLUT>,
     [1m[94m|[0m          [1m[33m^^^^^^^^^^^^^^^^^^^^^^[0m [1m[33mnot FFI-safe[0m
[1m[94m...[0m
[1m[94m1543[0m [1m[94m|[0m         self.loop_filter_sb.y.h = bd_fn!(loopfilter_sb::decl_fn, BD, lpf_h_sb_y, ssse3);
     [1m[94m|[0m                                   [1m[94m-----------------------------------------------------[0m [1m[94min this macro invocation[0m
     [1m[94m|[0m
     [1m[94m= [0m[1mhelp[0m: consider adding a `#[repr(C)]` or `#[repr(transparent)]` attribute to this struct
     [1m[94m= [0m[1mnote[0m: this struct has unspecified layout
     [1m[94m= [0m[1mnote[0m: `#[warn(improper_ctypes)]` on by default
     [1m[94m= [0m[1mnote[0m: this warning originates in the macro `loopfilter_sb::decl_fn` which comes from the expansion of the macro `bd_fn` (in Nightly builds, run with -Z macro-backtrace for more info)

[1m[33mwarning[0m[1m: `extern` block uses type `A16`, which is not FFI-safe[0m
    [1m[94m--> [0msrc/loopfilter.rs:38:10
     [1m[94m|[0m
[1m[94m  38[0m [1m[94m|[0m     lut: &Align16<Av1FilterLUT>,
     [1m[94m|[0m          [1m[33m^^^^^^^^^^^^^^^^^^^^^^[0m [1m[33mnot FFI-safe[0m
[1m[94m...[0m
[1m[94m1543[0m [1m[94m|[0m         self.loop_filter_sb.y.h = bd_fn!(loopfilter_sb::decl_fn, BD, lpf_h_sb_y, ssse3);
     [1m[94m|[0m                                   [1m[94m-----------------------------------------------------[0m [1m[94min this macro invocation[0m
     [1m[94m|[0m
     [1m[94m= [0m[1mhelp[0m: consider adding a `#[repr(C)]` or `#[repr(transparent)]` attribute to this struct
     [1m[94m= [0m[1mnote[0m: this struct has unspecified layout
     [1m[94m= [0m[1mnote[0m: this warning originates in the macro `loopfilter_sb::decl_fn` which comes from the expansion of the macro `bd_fn` (in Nightly builds, run with -Z macro-backtrace for more info)

[1m[33mwarning[0m[1m: `extern` block uses type `A16`, which is not FFI-safe[0m
    [1m[94m--> [0msrc/loopfilter.rs:38:10
     [1m[94m|[0m
[1m[94m  38[0m [1m[94m|[0m     lut: &Align16<Av1FilterLUT>,
     [1m[94m|[0m          [1m[33m^^^^^^^^^^^^^^^^^^^^^^[0m [1m[33mnot FFI-safe[0m
[1m[94m...[0m
[1m[94m1544[0m [1m[94m|[0m         self.loop_filter_sb.y.v = bd_fn!(loopfilter_sb::decl_fn, BD, lpf_v_sb_y, ssse3);
     [1m[94m|[0m                                   [1m[94m-----------------------------------------------------[0m [1m[94min this macro invocation[0m
     [1m[94m|[0m
     [1m[94m= [0m[1mhelp[0m: consider adding a `#[repr(C)]` or `#[repr(transparent)]` attribute to this struct
     [1m[94m= [0m[1mnote[0m: this struct has unspecified layout
     [1m[94m= [0m[1mnote[0m: this warning originates in the macro `loopfilter_sb::decl_fn` which comes from the expansion of the macro `bd_fn` (in Nightly builds, run with -Z macro-backtrace for more info)

[1m[33mwarning[0m[1m: `extern` block uses type `A16`, which is not FFI-safe[0m
    [1m[94m--> [0msrc/loopfilter.rs:38:10
     [1m[94m|[0m
[1m[94m  38[0m [1m[94m|[0m     lut: &Align16<Av1FilterLUT>,
     [1m[94m|[0m          [1m[33m^^^^^^^^^^^^^^^^^^^^^^[0m [1m[33mnot FFI-safe[0m
[1m[94m...[0m
[1m[94m1545[0m [1m[94m|[0m         self.loop_filter_sb.uv.h = bd_fn!(loopfilter_sb::decl_fn, BD, lpf_h_sb_uv, ssse3);
     [1m[94m|[0m                                    [1m[94m------------------------------------------------------[0m [1m[94min this macro invocation[0m
     [1m[94m|[0m
     [1m[94m= [0m[1mhelp[0m: consider adding a `#[repr(C)]` or `#[repr(transparent)]` attribute to this struct
     [1m[94m= [0m[1mnote[0m: this struct has unspecified layout
     [1m[94m= [0m[1mnote[0m: this warning originates in the macro `loopfilter_sb::decl_fn` which comes from the expansion of the macro `bd_fn` (in Nightly builds, run with -Z macro-backtrace for more info)

[1m[33mwarning[0m[1m: `extern` block uses type `A16`, which is not FFI-safe[0m
    [1m[94m--> [0msrc/loopfilter.rs:38:10
     [1m[94m|[0m
[1m[94m  38[0m [1m[94m|[0m     lut: &Align16<Av1FilterLUT>,
     [1m[94m|[0m          [1m[33m^^^^^^^^^^^^^^^^^^^^^^[0m [1m[33mnot FFI-safe[0m
[1m[94m...[0m
[1m[94m1546[0m [1m[94m|[0m         self.loop_filter_sb.uv.v = bd_fn!(loopfilter_sb::decl_fn, BD, lpf_v_sb_uv, ssse3);
     [1m[94m|[0m                                    [1m[94m------------------------------------------------------[0m [1m[94min this macro invocation[0m
     [1m[94m|[0m
     [1m[94m= [0m[1mhelp[0m: consider adding a `#[repr(C)]` or `#[repr(transparent)]` attribute to this struct
     [1m[94m= [0m[1mnote[0m: this struct has unspecified layout
     [1m[94m= [0m[1mnote[0m: this warning originates in the macro `loopfilter_sb::decl_fn` which comes from the expansion of the macro `bd_fn` (in Nightly builds, run with -Z macro-backtrace for more info)

[1m[33mwarning[0m[1m: `extern` block uses type `A16`, which is not FFI-safe[0m
    [1m[94m--> [0msrc/loopfilter.rs:38:10
     [1m[94m|[0m
[1m[94m  38[0m [1m[94m|[0m     lut: &Align16<Av1FilterLUT>,
     [1m[94m|[0m          [1m[33m^^^^^^^^^^^^^^^^^^^^^^[0m [1m[33mnot FFI-safe[0m
[1m[94m...[0m
[1m[94m1554[0m [1m[94m|[0m             self.loop_filter_sb.y.h = bd_fn!(loopfilter_sb::decl_fn, BD, lpf_h_sb_y, avx2);
     [1m[94m|[0m                                       [1m[94m----------------------------------------------------[0m [1m[94min this macro invocation[0m
     [1m[94m|[0m
     [1m[94m= [0m[1mhelp[0m: consider adding a `#[repr(C)]` or `#[repr(transparent)]` attribute to this struct
     [1m[94m= [0m[1mnote[0m: this struct has unspecified layout
     [1m[94m= [0m[1mnote[0m: this warning originates in the macro `loopfilter_sb::decl_fn` which comes from the expansion of the macro `bd_fn` (in Nightly builds, run with -Z macro-backtrace for more info)

[1m[33mwarning[0m[1m: `extern` block uses type `A16`, which is not FFI-safe[0m
    [1m[94m--> [0msrc/loopfilter.rs:38:10
     [1m[94m|[0m
[1m[94m  38[0m [1m[94m|[0m     lut: &Align16<Av1FilterLUT>,
     [1m[94m|[0m          [1m[33m^^^^^^^^^^^^^^^^^^^^^^[0m [1m[33mnot FFI-safe[0m
[1m[94m...[0m
[1m[94m1555[0m [1m[94m|[0m             self.loop_filter_sb.y.v = bd_fn!(loopfilter_sb::decl_fn, BD, lpf_v_sb_y, avx2);
     [1m[94m|[0m                                       [1m[94m----------------------------------------------------[0m [1m[94min this macro invocation[0m
     [1m[94m|[0m
     [1m[94m= [0m[1mhelp[0m: consider adding a `#[repr(C)]` or `#[repr(transparent)]` attribute to this struct
     [1m[94m= [0m[1mnote[0m: this struct has unspecified layout
     [1m[94m= [0m[1mnote[0m: this warning originates in the macro `loopfilter_sb::decl_fn` which comes from the expansion of the macro `bd_fn` (in Nightly builds, run with -Z macro-backtrace for more info)

[1m[33mwarning[0m[1m: `extern` block uses type `A16`, which is not FFI-safe[0m
    [1m[94m--> [0msrc/loopfilter.rs:38:10
     [1m[94m|[0m
[1m[94m  38[0m [1m[94m|[0m     lut: &Align16<Av1FilterLUT>,
     [1m[94m|[0m          [1m[33m^^^^^^^^^^^^^^^^^^^^^^[0m [1m[33mnot FFI-safe[0m
[1m[94m...[0m
[1m[94m1556[0m [1m[94m|[0m             self.loop_filter_sb.uv.h = bd_fn!(loopfilter_sb::decl_fn, BD, lpf_h_sb_uv, avx2);
     [1m[94m|[0m                                        [1m[94m-----------------------------------------------------[0m [1m[94min this macro invocation[0m
     [1m[94m|[0m
     [1m[94m= [0m[1mhelp[0m: consider adding a `#[repr(C)]` or `#[repr(transparent)]` attribute to this struct
     [1m[94m= [0m[1mnote[0m: this struct has unspecified layout
     [1m[94m= [0m[1mnote[0m: this warning originates in the macro `loopfilter_sb::decl_fn` which comes from the expansion of the macro `bd_fn` (in Nightly builds, run with -Z macro-backtrace for more info)

[1m[33mwarning[0m[1m: `extern` block uses type `A16`, which is not FFI-safe[0m
    [1m[94m--> [0msrc/loopfilter.rs:38:10
     [1m[94m|[0m
[1m[94m  38[0m [1m[94m|[0m     lut: &Align16<Av1FilterLUT>,
     [1m[94m|[0m          [1m[33m^^^^^^^^^^^^^^^^^^^^^^[0m [1m[33mnot FFI-safe[0m
[1m[94m...[0m
[1m[94m1557[0m [1m[94m|[0m             self.loop_filter_sb.uv.v = bd_fn!(loopfilter_sb::decl_fn, BD, lpf_v_sb_uv, avx2);
     [1m[94m|[0m                                        [1m[94m-----------------------------------------------------[0m [1m[94min this macro invocation[0m
     [1m[94m|[0m
     [1m[94m= [0m[1mhelp[0m: consider adding a `#[repr(C)]` or `#[repr(transparent)]` attribute to this struct
     [1m[94m= [0m[1mnote[0m: this struct has unspecified layout
     [1m[94m= [0m[1mnote[0m: this warning originates in the macro `loopfilter_sb::decl_fn` which comes from the expansion of the macro `bd_fn` (in Nightly builds, run with -Z macro-backtrace for more info)

[1m[33mwarning[0m[1m: `extern` block uses type `A16`, which is not FFI-safe[0m
    [1m[94m--> [0msrc/loopfilter.rs:38:10
     [1m[94m|[0m
[1m[94m  38[0m [1m[94m|[0m     lut: &Align16<Av1FilterLUT>,
     [1m[94m|[0m          [1m[33m^^^^^^^^^^^^^^^^^^^^^^[0m [1m[33mnot FFI-safe[0m
[1m[94m...[0m
[1m[94m1563[0m [1m[94m|[0m             self.loop_filter_sb.y.v = bd_fn!(loopfilter_sb::decl_fn, BD, lpf_v_sb_y, avx512icl);
     [1m[94m|[0m                                       [1m[94m---------------------------------------------------------[0m [1m[94min this macro invocation[0m
     [1m[94m|[0m
     [1m[94m= [0m[1mhelp[0m: consider adding a `#[repr(C)]` or `#[repr(transparent)]` attribute to this struct
     [1m[94m= [0m[1mnote[0m: this struct has unspecified layout
     [1m[94m= [0m[1mnote[0m: this warning originates in the macro `loopfilter_sb::decl_fn` which comes from the expansion of the macro `bd_fn` (in Nightly builds, run with -Z macro-backtrace for more info)

[1m[33mwarning[0m[1m: `extern` block uses type `A16`, which is not FFI-safe[0m
    [1m[94m--> [0msrc/loopfilter.rs:38:10
     [1m[94m|[0m
[1m[94m  38[0m [1m[94m|[0m     lut: &Align16<Av1FilterLUT>,
     [1m[94m|[0m          [1m[33m^^^^^^^^^^^^^^^^^^^^^^[0m [1m[33mnot FFI-safe[0m
[1m[94m...[0m
[1m[94m1564[0m [1m[94m|[0m             self.loop_filter_sb.uv.v = bd_fn!(loopfilter_sb::decl_fn, BD, lpf_v_sb_uv, avx512icl);
     [1m[94m|[0m                                        [1m[94m----------------------------------------------------------[0m [1m[94min this macro invocation[0m
     [1m[94m|[0m
     [1m[94m= [0m[1mhelp[0m: consider adding a `#[repr(C)]` or `#[repr(transparent)]` attribute to this struct
     [1m[94m= [0m[1mnote[0m: this struct has unspecified layout
     [1m[94m= [0m[1mnote[0m: this warning originates in the macro `loopfilter_sb::decl_fn` which comes from the expansion of the macro `bd_fn` (in Nightly builds, run with -Z macro-backtrace for more info)

[1m[33mwarning[0m[1m: `extern` block uses type `A16`, which is not FFI-safe[0m
    [1m[94m--> [0msrc/loopfilter.rs:38:10
     [1m[94m|[0m
[1m[94m  38[0m [1m[94m|[0m     lut: &Align16<Av1FilterLUT>,
     [1m[94m|[0m          [1m[33m^^^^^^^^^^^^^^^^^^^^^^[0m [1m[33mnot FFI-safe[0m
[1m[94m...[0m
[1m[94m1567[0m [1m[94m|[0m                 self.loop_filter_sb.y.h = bd_fn!(loopfilter_sb::decl_fn, BD, lpf_h_sb_y, avx512icl);
     [1m[94m|[0m                                           [1m[94m---------------------------------------------------------[0m [1m[94min this macro invocation[0m
     [1m[94m|[0m
     [1m[94m= [0m[1mhelp[0m: consider adding a `#[repr(C)]` or `#[repr(transparent)]` attribute to this struct
     [1m[94m= [0m[1mnote[0m: this struct has unspecified layout
     [1m[94m= [0m[1mnote[0m: this warning originates in the macro `loopfilter_sb::decl_fn` which comes from the expansion of the macro `bd_fn` (in Nightly builds, run with -Z macro-backtrace for more info)

[1m[33mwarning[0m[1m: `extern` block uses type `A16`, which is not FFI-safe[0m
    [1m[94m--> [0msrc/loopfilter.rs:38:10
     [1m[94m|[0m
[1m[94m  38[0m [1m[94m|[0m     lut: &Align16<Av1FilterLUT>,
     [1m[94m|[0m          [1m[33m^^^^^^^^^^^^^^^^^^^^^^[0m [1m[33mnot FFI-safe[0m
[1m[94m...[0m
[1m[94m1569[0m [1m[94m|[0m                     bd_fn!(loopfilter_sb::decl_fn, BD, lpf_h_sb_uv, avx512icl);
     [1m[94m|[0m                     [1m[94m----------------------------------------------------------[0m [1m[94min this macro invocation[0m
     [1m[94m|[0m
     [1m[94m= [0m[1mhelp[0m: consider adding a `#[repr(C)]` or `#[repr(transparent)]` attribute to this struct
     [1m[94m= [0m[1mnote[0m: this struct has unspecified layout
     [1m[94m= [0m[1mnote[0m: this warning originates in the macro `loopfilter_sb::decl_fn` which comes from the expansion of the macro `bd_fn` (in Nightly builds, run with -Z macro-backtrace for more info)

[1m[33mwarning[0m[1m: function pointer comparisons do not produce meaningful results since their addresses are not guaranteed to be unique[0m
  [1m[94m--> [0msrc/wrap_fn_ptr.rs:57:27
   [1m[94m|[0m
[1m[94m57[0m [1m[94m|[0m               pub struct Fn(FnPtr);
   [1m[94m|[0m                             [1m[33m^^^^^[0m
   [1m[94m|[0m
  [1m[94m::: [0msrc/loopfilter.rs:32:1
   [1m[94m|[0m
[1m[94m32[0m [1m[94m|[0m [1m[94m/[0m wrap_fn_ptr!(pub unsafe extern "C" fn loopfilter_sb(
[1m[94m33[0m [1m[94m|[0m [1m[94m|[0m     dst_ptr: *mut DynPixel,
[1m[94m34[0m [1m[94m|[0m [1m[94m|[0m     stride: ptrdiff_t,
[1m[94m35[0m [1m[94m|[0m [1m[94m|[0m     mask: &[u32; 3],
[1m[94m...[0m  [1m[94m|[0m
[1m[94m42[0m [1m[94m|[0m [1m[94m|[0m     _lvl: *const FFISafe<WithOffset<&[AtomicU8]>>,
[1m[94m43[0m [1m[94m|[0m [1m[94m|[0m ) -> ());
   [1m[94m|[0m [1m[94m|________-[0m [1m[94min this macro invocation[0m
   [1m[94m|[0m
   [1m[94m= [0m[1mnote[0m: the address of the same function can vary between different codegen units
   [1m[94m= [0m[1mnote[0m: furthermore, different functions could have the same address after being merged together
   [1m[94m= [0m[1mnote[0m: for more information visit <https://doc.rust-lang.org/nightly/core/ptr/fn.fn_addr_eq.html>
   [1m[94m= [0m[1mnote[0m: this warning originates in the derive macro `PartialEq` which comes from the expansion of the macro `wrap_fn_ptr` (in Nightly builds, run with -Z macro-backtrace for more info)

[1m[33mwarning[0m[1m: function pointer comparisons do not produce meaningful results since their addresses are not guaranteed to be unique[0m
   [1m[94m--> [0msrc/wrap_fn_ptr.rs:57:27
    [1m[94m|[0m
[1m[94m 57[0m [1m[94m|[0m               pub struct Fn(FnPtr);
    [1m[94m|[0m                             [1m[33m^^^^^[0m
    [1m[94m|[0m
   [1m[94m::: [0msrc/looprestoration.rs:116:1
    [1m[94m|[0m
[1m[94m116[0m [1m[94m|[0m [1m[94m/[0m wrap_fn_ptr!(pub unsafe extern "C" fn loop_restoration_filter(
[1m[94m117[0m [1m[94m|[0m [1m[94m|[0m     dst_ptr: *mut DynPixel,
[1m[94m118[0m [1m[94m|[0m [1m[94m|[0m     dst_stride: ptrdiff_t,
[1m[94m119[0m [1m[94m|[0m [1m[94m|[0m     left: *const LeftPixelRow<DynPixel>,
[1m[94m...[0m   [1m[94m|[0m
[1m[94m127[0m [1m[94m|[0m [1m[94m|[0m     _lpf: *const FFISafe<DisjointMut<AlignedVec64<u8>>>,
[1m[94m128[0m [1m[94m|[0m [1m[94m|[0m ) -> ());
    [1m[94m|[0m [1m[94m|________-[0m [1m[94min this macro invocation[0m
    [1m[94m|[0m
    [1m[94m= [0m[1mnote[0m: the address of the same function can vary between different codegen units
    [1m[94m= [0m[1mnote[0m: furthermore, different functions could have the same address after being merged together
    [1m[94m= [0m[1mnote[0m: for more information visit <https://doc.rust-lang.org/nightly/core/ptr/fn.fn_addr_eq.html>
    [1m[94m= [0m[1mnote[0m: this warning originates in the derive macro `PartialEq` which comes from the expansion of the macro `wrap_fn_ptr` (in Nightly builds, run with -Z macro-backtrace for more info)

[1m[33mwarning[0m[1m: function pointer comparisons do not produce meaningful results since their addresses are not guaranteed to be unique[0m
    [1m[94m--> [0msrc/wrap_fn_ptr.rs:57:27
     [1m[94m|[0m
[1m[94m  57[0m [1m[94m|[0m               pub struct Fn(FnPtr);
     [1m[94m|[0m                             [1m[33m^^^^^[0m
     [1m[94m|[0m
    [1m[94m::: [0msrc/mc.rs:1583:1
     [1m[94m|[0m
[1m[94m1583[0m [1m[94m|[0m [1m[94m/[0m wrap_fn_ptr!(pub unsafe extern "C" fn mc(
[1m[94m1584[0m [1m[94m|[0m [1m[94m|[0m     dst_ptr: *mut DynPixel,
[1m[94m1585[0m [1m[94m|[0m [1m[94m|[0m     dst_stride: isize,
[1m[94m1586[0m [1m[94m|[0m [1m[94m|[0m     src_ptr: *const DynPixel,
[1m[94m...[0m    [1m[94m|[0m
[1m[94m1594[0m [1m[94m|[0m [1m[94m|[0m     _src: *const FFISafe<PicOffset>,
[1m[94m1595[0m [1m[94m|[0m [1m[94m|[0m ) -> ());
     [1m[94m|[0m [1m[94m|________-[0m [1m[94min this macro invocation[0m
     [1m[94m|[0m
     [1m[94m= [0m[1mnote[0m: the address of the same function can vary between different codegen units
     [1m[94m= [0m[1mnote[0m: furthermore, different functions could have the same address after being merged together
     [1m[94m= [0m[1mnote[0m: for more information visit <https://doc.rust-lang.org/nightly/core/ptr/fn.fn_addr_eq.html>
     [1m[94m= [0m[1mnote[0m: this warning originates in the derive macro `PartialEq` which comes from the expansion of the macro `wrap_fn_ptr` (in Nightly builds, run with -Z macro-backtrace for more info)

[1m[33mwarning[0m[1m: function pointer comparisons do not produce meaningful results since their addresses are not guaranteed to be unique[0m
    [1m[94m--> [0msrc/wrap_fn_ptr.rs:57:27
     [1m[94m|[0m
[1m[94m  57[0m [1m[94m|[0m               pub struct Fn(FnPtr);
