run-heavy: mem-cap=16G (cgroup, hard) jobs=20/24 avail=25958MiB :: bash -c just test-cdef-retained && just check-cdef-retained-features
cargo nextest run --cargo-profile release-thin --no-default-features --features "bitdepth_8,bitdepth_16" --lib -E 'test(retained_cdef_tests) | test(padding_parity_tests)' --test-threads 1
[1m[92m   Compiling[0m rav1d-safe v0.6.0 (/home/lilith/work/zen/rav1d-safe--lead-tracker)
[1m[92m    Finished[0m `release-thin` profile [optimized + debuginfo] target(s) in 13.52s
────────────
[32;1m Nextest run[0m ID [1m67e9a130-3549-4c69-9840-98544e49f24c[0m with nextest profile: [1mdefault[0m
[32;1m    Starting[0m [1m5[0m tests across [1m1[0m binary ([1m120[0m tests [33;1mskipped[0m)
[32;1m        PASS[0m [   0.003s] (1/5) [35;1mrav1d-safe[0m [36minclude::dav1d::picture::retained_cdef_tests[0m[36m::[0m[34;1mdeclined_cdef_rectangle_keeps_compact_write_back[0m
[32;1m        PASS[0m [   0.004s] (2/5) [35;1mrav1d-safe[0m [36minclude::dav1d::picture::retained_cdef_tests[0m[36m::[0m[34;1mretained_cdef_rows_preserve_gaps_and_write_back_at_every_depth[0m
[32;1m        PASS[0m [   0.004s] (3/5) [35;1mrav1d-safe[0m [36msrc::safe_simd::cdef::padding_parity_tests[0m[36m::[0m[34;1mpadding_16bpc_full_domain_parity[0m
[32;1m        PASS[0m [   0.004s] (4/5) [35;1mrav1d-safe[0m [36msrc::safe_simd::cdef::padding_parity_tests[0m[36m::[0m[34;1mpadding_8bpc_full_domain_parity[0m
[32;1m        PASS[0m [   0.003s] (5/5) [35;1mrav1d-safe[0m [36msrc::safe_simd::cdef::padding_parity_tests[0m[36m::[0m[34;1mrect_guard_arms_with_declared_stride[0m
────────────
[32;1m     Summary[0m [   0.018s] [1m5[0m tests run: [1m5[0m [32;1mpassed[0m, [1m120[0m [33;1mskipped[0m
cargo clippy --release --no-default-features --features "bitdepth_8,bitdepth_16" --all-targets -- -D warnings
[1m[92m   Compiling[0m rav1d-safe v0.6.0 (/home/lilith/work/zen/rav1d-safe--lead-tracker)
[1m[92m    Finished[0m `release` profile [optimized + debuginfo] target(s) in 6.07s
cargo clippy --release --no-default-features --features "bitdepth_8,bitdepth_16,untracked" --all-targets -- -D warnings
[1m[92m   Compiling[0m rav1d-safe v0.6.0 (/home/lilith/work/zen/rav1d-safe--lead-tracker)
[1m[92m    Finished[0m `release` profile [optimized + debuginfo] target(s) in 6.00s
cargo check --target aarch64-unknown-linux-gnu --no-default-features --features "bitdepth_8,bitdepth_16"
[1m[92m   Compiling[0m rav1d-safe v0.6.0 (/home/lilith/work/zen/rav1d-safe--lead-tracker)
[1m[92m    Finished[0m `dev` profile [unoptimized + debuginfo] target(s) in 1.59s
cargo check --target wasm32-unknown-unknown --no-default-features --features "bitdepth_8,bitdepth_16"
[1m[92m   Compiling[0m rav1d-safe v0.6.0 (/home/lilith/work/zen/rav1d-safe--lead-tracker)
[1m[92m    Finished[0m `dev` profile [unoptimized + debuginfo] target(s) in 1.10s
cargo check --no-default-features --features "bitdepth_8,bitdepth_16,c-ffi"
[1m[92m   Compiling[0m rav1d-safe v0.6.0 (/home/lilith/work/zen/rav1d-safe--lead-tracker)
[1m[92m    Finished[0m `dev` profile [unoptimized + debuginfo] target(s) in 2.14s
cargo check --no-default-features --features "bitdepth_8,bitdepth_16,asm"
[1m[92m    Checking[0m rav1d-safe v0.6.0 (/home/lilith/work/zen/rav1d-safe--lead-tracker)
[1m[33mwarning[0m[1m: unused import: `crate::src::pixels::Pixels`[0m
   [1m[94m--> [0msrc/recon.rs:101:5
    [1m[94m|[0m
[1m[94m101[0m [1m[94m|[0m use crate::src::pixels::Pixels as _;
    [1m[94m|[0m     [1m[33m^^^^^^^^^^^^^^^^^^^^^^^^^^[0m
    [1m[94m|[0m
    [1m[94m= [0m[1mnote[0m: `#[warn(unused_imports)]` (part of `#[warn(unused)]`) on by default

[1m[33mwarning[0m[1m: function `simd_enabled` is never used[0m
   [1m[94m--> [0msrc/cpu.rs:255:15
    [1m[94m|[0m
[1m[94m255[0m [1m[94m|[0m pub(crate) fn simd_enabled(flag: CpuFlags) -> bool {
    [1m[94m|[0m               [1m[33m^^^^^^^^^^^^[0m
    [1m[94m|[0m
    [1m[94m= [0m[1mnote[0m: `#[warn(dead_code)]` (part of `#[warn(unused)]`) on by default

[1m[33mwarning[0m[1m: function `census` is never used[0m
   [1m[94m--> [0msrc/cpu.rs:322:4
    [1m[94m|[0m
[1m[94m322[0m [1m[94m|[0m fn census(_idx: usize) {}
    [1m[94m|[0m    [1m[33m^^^^^^[0m

[1m[33mwarning[0m[1m: function `summon_avx2` is never used[0m
   [1m[94m--> [0msrc/cpu.rs:329:15
    [1m[94m|[0m
[1m[94m329[0m [1m[94m|[0m pub(crate) fn summon_avx2() -> Option<archmage::prelude::Desktop64> {
    [1m[94m|[0m               [1m[33m^^^^^^^^^^^[0m

[1m[33mwarning[0m[1m: function `summon_avx512` is never used[0m
   [1m[94m--> [0msrc/cpu.rs:345:15
    [1m[94m|[0m
[1m[94m345[0m [1m[94m|[0m pub(crate) fn summon_avx512() -> Option<archmage::prelude::Server64> {
    [1m[94m|[0m               [1m[33m^^^^^^^^^^^^^[0m

[1m[33mwarning[0m[1m: function `summon_avx512x` is never used[0m
   [1m[94m--> [0msrc/cpu.rs:368:15
    [1m[94m|[0m
[1m[94m368[0m [1m[94m|[0m pub(crate) fn summon_avx512x() -> Option<archmage::X64V4xToken> {
    [1m[94m|[0m               [1m[33m^^^^^^^^^^^^^^[0m

[1m[33mwarning[0m[1m: function `ipred_scalar_forced` is never used[0m
   [1m[94m--> [0msrc/ipred.rs:111:4
    [1m[94m|[0m
[1m[94m111[0m [1m[94m|[0m fn ipred_scalar_forced() -> bool {
    [1m[94m|[0m    [1m[33m^^^^^^^^^^^^^^^^^^^[0m

[1m[33mwarning[0m[1m: function `lf_run_reach` is never used[0m
   [1m[94m--> [0msrc/loopfilter.rs:646:15
    [1m[94m|[0m
[1m[94m646[0m [1m[94m|[0m pub(crate) fn lf_run_reach(is_y: bool, vmask: &[u32; 3]) -> usize {
    [1m[94m|[0m               [1m[33m^^^^^^^^^^^^[0m

[1m[33mwarning[0m[1m: function `lf_compact_window` is never used[0m
   [1m[94m--> [0msrc/loopfilter.rs:698:15
    [1m[94m|[0m
[1m[94m698[0m [1m[94m|[0m pub(crate) fn lf_compact_window(
    [1m[94m|[0m               [1m[33m^^^^^^^^^^^^^^^^^[0m

[1m[33mwarning[0m[1m: function `mc_scalar_forced` is never used[0m
   [1m[94m--> [0msrc/mc.rs:624:4
    [1m[94m|[0m
[1m[94m624[0m [1m[94m|[0m fn mc_scalar_forced(_site: &str) -> bool {
    [1m[94m|[0m    [1m[33m^^^^^^^^^^^^^^^^[0m

[1m[33mwarning[0m[1m: function pointer comparisons do not produce meaningful results since their addresses are not guaranteed to be unique[0m
  [1m[94m--> [0msrc/wrap_fn_ptr.rs:57:27
   [1m[94m|[0m
[1m[94m57[0m [1m[94m|[0m               pub struct Fn(FnPtr);
   [1m[94m|[0m                             [1m[33m^^^^^[0m
   [1m[94m|[0m
  [1m[94m::: [0msrc/cdef.rs:57:1
   [1m[94m|[0m
[1m[94m57[0m [1m[94m|[0m [1m[94m/[0m wrap_fn_ptr!(pub unsafe extern "C" fn cdef(
[1m[94m58[0m [1m[94m|[0m [1m[94m|[0m     dst_ptr: *mut DynPixel,
[1m[94m59[0m [1m[94m|[0m [1m[94m|[0m     stride: ptrdiff_t,
[1m[94m60[0m [1m[94m|[0m [1m[94m|[0m     left: *const [LeftPixelRow2px<DynPixel>; 8],
[1m[94m...[0m  [1m[94m|[0m
[1m[94m71[0m [1m[94m|[0m [1m[94m|[0m     _bottom: *const FFISafe<CdefBottom>,
[1m[94m72[0m [1m[94m|[0m [1m[94m|[0m ) -> ());
   [1m[94m|[0m [1m[94m|________-[0m [1m[94min this macro invocation[0m
   [1m[94m|[0m
   [1m[94m= [0m[1mnote[0m: the address of the same function can vary between different codegen units
   [1m[94m= [0m[1mnote[0m: furthermore, different functions could have the same address after being merged together
   [1m[94m= [0m[1mnote[0m: for more information visit <https://doc.rust-lang.org/nightly/core/ptr/fn.fn_addr_eq.html>
   [1m[94m= [0m[1mnote[0m: `#[warn(unpredictable_function_pointer_comparisons)]` on by default
   [1m[94m= [0m[1mnote[0m: this warning originates in the derive macro `PartialEq` which comes from the expansion of the macro `wrap_fn_ptr` (in Nightly builds, run with -Z macro-backtrace for more info)

[1m[33mwarning[0m[1m: function pointer comparisons do not produce meaningful results since their addresses are not guaranteed to be unique[0m
   [1m[94m--> [0msrc/wrap_fn_ptr.rs:57:27
    [1m[94m|[0m
[1m[94m 57[0m [1m[94m|[0m               pub struct Fn(FnPtr);
    [1m[94m|[0m                             [1m[33m^^^^^[0m
    [1m[94m|[0m
   [1m[94m::: [0msrc/cdef.rs:341:1
    [1m[94m|[0m
[1m[94m341[0m [1m[94m|[0m [1m[94m/[0m wrap_fn_ptr!(pub unsafe extern "C" fn cdef_dir(
[1m[94m342[0m [1m[94m|[0m [1m[94m|[0m     dst_ptr: *const DynPixel,
[1m[94m343[0m [1m[94m|[0m [1m[94m|[0m     dst_stride: ptrdiff_t,
[1m[94m344[0m [1m[94m|[0m [1m[94m|[0m     variance: &mut c_uint,
[1m[94m345[0m [1m[94m|[0m [1m[94m|[0m     bitdepth_max: c_int,
[1m[94m346[0m [1m[94m|[0m [1m[94m|[0m     _dst: *const FFISafe<PicOffset>,
[1m[94m347[0m [1m[94m|[0m [1m[94m|[0m ) -> c_int);
    [1m[94m|[0m [1m[94m|___________-[0m [1m[94min this macro invocation[0m
    [1m[94m|[0m
    [1m[94m= [0m[1mnote[0m: the address of the same function can vary between different codegen units
    [1m[94m= [0m[1mnote[0m: furthermore, different functions could have the same address after being merged together
    [1m[94m= [0m[1mnote[0m: for more information visit <https://doc.rust-lang.org/nightly/core/ptr/fn.fn_addr_eq.html>
    [1m[94m= [0m[1mnote[0m: this warning originates in the derive macro `PartialEq` which comes from the expansion of the macro `wrap_fn_ptr` (in Nightly builds, run with -Z macro-backtrace for more info)

[1m[33mwarning[0m[1m: function pointer comparisons do not produce meaningful results since their addresses are not guaranteed to be unique[0m
  [1m[94m--> [0msrc/wrap_fn_ptr.rs:57:27
   [1m[94m|[0m
[1m[94m57[0m [1m[94m|[0m               pub struct Fn(FnPtr);
   [1m[94m|[0m                             [1m[33m^^^^^[0m
   [1m[94m|[0m
  [1m[94m::: [0msrc/filmgrain.rs:51:1
   [1m[94m|[0m
[1m[94m51[0m [1m[94m|[0m [1m[94m/[0m wrap_fn_ptr!(pub unsafe extern "C" fn generate_grain_y(
[1m[94m52[0m [1m[94m|[0m [1m[94m|[0m     buf: *mut GrainLut<DynEntry>,
[1m[94m53[0m [1m[94m|[0m [1m[94m|[0m     data: &Dav1dFilmGrainData,
[1m[94m54[0m [1m[94m|[0m [1m[94m|[0m     bitdepth_max: c_int,
[1m[94m55[0m [1m[94m|[0m [1m[94m|[0m ) -> ());
   [1m[94m|[0m [1m[94m|________-[0m [1m[94min this macro invocation[0m
   [1m[94m|[0m
   [1m[94m= [0m[1mnote[0m: the address of the same function can vary between different codegen units
   [1m[94m= [0m[1mnote[0m: furthermore, different functions could have the same address after being merged together
   [1m[94m= [0m[1mnote[0m: for more information visit <https://doc.rust-lang.org/nightly/core/ptr/fn.fn_addr_eq.html>
   [1m[94m= [0m[1mnote[0m: this warning originates in the derive macro `PartialEq` which comes from the expansion of the macro `wrap_fn_ptr` (in Nightly builds, run with -Z macro-backtrace for more info)

[1m[33mwarning[0m[1m: function pointer comparisons do not produce meaningful results since their addresses are not guaranteed to be unique[0m
  [1m[94m--> [0msrc/wrap_fn_ptr.rs:57:27
   [1m[94m|[0m
[1m[94m57[0m [1m[94m|[0m               pub struct Fn(FnPtr);
   [1m[94m|[0m                             [1m[33m^^^^^[0m
   [1m[94m|[0m
  [1m[94m::: [0msrc/filmgrain.rs:79:1
   [1m[94m|[0m
[1m[94m79[0m [1m[94m|[0m [1m[94m/[0m wrap_fn_ptr!(pub unsafe extern "C" fn generate_grain_uv(
[1m[94m80[0m [1m[94m|[0m [1m[94m|[0m     buf: *mut GrainLut<DynEntry>,
[1m[94m81[0m [1m[94m|[0m [1m[94m|[0m     buf_y: *const GrainLut<DynEntry>,
[1m[94m82[0m [1m[94m|[0m [1m[94m|[0m     data: &Dav1dFilmGrainData,
[1m[94m83[0m [1m[94m|[0m [1m[94m|[0m     uv: intptr_t,
[1m[94m84[0m [1m[94m|[0m [1m[94m|[0m     bitdepth_max: c_int,
[1m[94m85[0m [1m[94m|[0m [1m[94m|[0m ) -> ());
   [1m[94m|[0m [1m[94m|________-[0m [1m[94min this macro invocation[0m
   [1m[94m|[0m
   [1m[94m= [0m[1mnote[0m: the address of the same function can vary between different codegen units
   [1m[94m= [0m[1mnote[0m: furthermore, different functions could have the same address after being merged together
   [1m[94m= [0m[1mnote[0m: for more information visit <https://doc.rust-lang.org/nightly/core/ptr/fn.fn_addr_eq.html>
   [1m[94m= [0m[1mnote[0m: this warning originates in the derive macro `PartialEq` which comes from the expansion of the macro `wrap_fn_ptr` (in Nightly builds, run with -Z macro-backtrace for more info)

[1m[33mwarning[0m[1m: function pointer comparisons do not produce meaningful results since their addresses are not guaranteed to be unique[0m
   [1m[94m--> [0msrc/wrap_fn_ptr.rs:57:27
    [1m[94m|[0m
[1m[94m 57[0m [1m[94m|[0m               pub struct Fn(FnPtr);
    [1m[94m|[0m                             [1m[33m^^^^^[0m
    [1m[94m|[0m
   [1m[94m::: [0msrc/filmgrain.rs:115:1
    [1m[94m|[0m
[1m[94m115[0m [1m[94m|[0m [1m[94m/[0m wrap_fn_ptr!(pub unsafe extern "C" fn fgy_32x32xn(
[1m[94m116[0m [1m[94m|[0m [1m[94m|[0m     dst_row_ptr: *mut DynPixel,
[1m[94m117[0m [1m[94m|[0m [1m[94m|[0m     src_row_ptr: *const DynPixel,
[1m[94m118[0m [1m[94m|[0m [1m[94m|[0m     stride: ptrdiff_t,
[1m[94m...[0m   [1m[94m|[0m
[1m[94m127[0m [1m[94m|[0m [1m[94m|[0m     _src_src: *const FFISafe<PicOffset>,
[1m[94m128[0m [1m[94m|[0m [1m[94m|[0m ) -> ());
    [1m[94m|[0m [1m[94m|________-[0m [1m[94min this macro invocation[0m
    [1m[94m|[0m
    [1m[94m= [0m[1mnote[0m: the address of the same function can vary between different codegen units
    [1m[94m= [0m[1mnote[0m: furthermore, different functions could have the same address after being merged together
    [1m[94m= [0m[1mnote[0m: for more information visit <https://doc.rust-lang.org/nightly/core/ptr/fn.fn_addr_eq.html>
    [1m[94m= [0m[1mnote[0m: this warning originates in the derive macro `PartialEq` which comes from the expansion of the macro `wrap_fn_ptr` (in Nightly builds, run with -Z macro-backtrace for more info)

[1m[33mwarning[0m[1m: function pointer comparisons do not produce meaningful results since their addresses are not guaranteed to be unique[0m
   [1m[94m--> [0msrc/wrap_fn_ptr.rs:57:27
    [1m[94m|[0m
[1m[94m 57[0m [1m[94m|[0m               pub struct Fn(FnPtr);
    [1m[94m|[0m                             [1m[33m^^^^^[0m
    [1m[94m|[0m
   [1m[94m::: [0msrc/filmgrain.rs:184:1
    [1m[94m|[0m
[1m[94m184[0m [1m[94m|[0m [1m[94m/[0m wrap_fn_ptr!(pub unsafe extern "C" fn fguv_32x32xn(
[1m[94m185[0m [1m[94m|[0m [1m[94m|[0m     dst_row_ptr: *mut DynPixel,
[1m[94m186[0m [1m[94m|[0m [1m[94m|[0m     src_row_ptr: *const DynPixel,
[1m[94m187[0m [1m[94m|[0m [1m[94m|[0m     stride: ptrdiff_t,
[1m[94m...[0m   [1m[94m|[0m
[1m[94m201[0m [1m[94m|[0m [1m[94m|[0m     _luma_row: *const FFISafe<PicOffset>,
[1m[94m202[0m [1m[94m|[0m [1m[94m|[0m ) -> ());
    [1m[94m|[0m [1m[94m|________-[0m [1m[94min this macro invocation[0m
    [1m[94m|[0m
    [1m[94m= [0m[1mnote[0m: the address of the same function can vary between different codegen units
    [1m[94m= [0m[1mnote[0m: furthermore, different functions could have the same address after being merged together
    [1m[94m= [0m[1mnote[0m: for more information visit <https://doc.rust-lang.org/nightly/core/ptr/fn.fn_addr_eq.html>
    [1m[94m= [0m[1mnote[0m: this warning originates in the derive macro `PartialEq` which comes from the expansion of the macro `wrap_fn_ptr` (in Nightly builds, run with -Z macro-backtrace for more info)

[1m[33mwarning[0m[1m: function pointer comparisons do not produce meaningful results since their addresses are not guaranteed to be unique[0m
  [1m[94m--> [0msrc/wrap_fn_ptr.rs:57:27
   [1m[94m|[0m
[1m[94m57[0m [1m[94m|[0m               pub struct Fn(FnPtr);
   [1m[94m|[0m                             [1m[33m^^^^^[0m
   [1m[94m|[0m
  [1m[94m::: [0msrc/ipred.rs:84:1
   [1m[94m|[0m
[1m[94m84[0m [1m[94m|[0m [1m[94m/[0m wrap_fn_ptr!(pub unsafe extern "C" fn angular_ipred(
[1m[94m85[0m [1m[94m|[0m [1m[94m|[0m     dst_ptr: *mut DynPixel,
[1m[94m86[0m [1m[94m|[0m [1m[94m|[0m     stride: ptrdiff_t,
[1m[94m87[0m [1m[94m|[0m [1m[94m|[0m     topleft: *const DynPixel,
[1m[94m...[0m  [1m[94m|[0m
[1m[94m95[0m [1m[94m|[0m [1m[94m|[0m     _dst: *const FFISafe<PicOffset>,
[1m[94m96[0m [1m[94m|[0m [1m[94m|[0m ) -> ());
   [1m[94m|[0m [1m[94m|________-[0m [1m[94min this macro invocation[0m
   [1m[94m|[0m
   [1m[94m= [0m[1mnote[0m: the address of the same function can vary between different codegen units
   [1m[94m= [0m[1mnote[0m: furthermore, different functions could have the same address after being merged together
   [1m[94m= [0m[1mnote[0m: for more information visit <https://doc.rust-lang.org/nightly/core/ptr/fn.fn_addr_eq.html>
   [1m[94m= [0m[1mnote[0m: this warning originates in the derive macro `PartialEq` which comes from the expansion of the macro `wrap_fn_ptr` (in Nightly builds, run with -Z macro-backtrace for more info)

[1m[33mwarning[0m[1m: function pointer comparisons do not produce meaningful results since their addresses are not guaranteed to be unique[0m
   [1m[94m--> [0msrc/wrap_fn_ptr.rs:57:27
    [1m[94m|[0m
[1m[94m 57[0m [1m[94m|[0m               pub struct Fn(FnPtr);
    [1m[94m|[0m                             [1m[33m^^^^^[0m
    [1m[94m|[0m
   [1m[94m::: [0msrc/ipred.rs:297:1
    [1m[94m|[0m
[1m[94m297[0m [1m[94m|[0m [1m[94m/[0m wrap_fn_ptr!(pub unsafe extern "C" fn cfl_ac(
[1m[94m298[0m [1m[94m|[0m [1m[94m|[0m     ac: &mut [i16; SCRATCH_AC_TXTP_LEN],
[1m[94m299[0m [1m[94m|[0m [1m[94m|[0m     y_ptr: *const DynPixel,
[1m[94m300[0m [1m[94m|[0m [1m[94m|[0m     stride: ptrdiff_t,
[1m[94m...[0m   [1m[94m|[0m
[1m[94m305[0m [1m[94m|[0m [1m[94m|[0m     _y: *const FFISafe<PicOffset>,
[1m[94m306[0m [1m[94m|[0m [1m[94m|[0m ) -> ());
    [1m[94m|[0m [1m[94m|________-[0m [1m[94min this macro invocation[0m
    [1m[94m|[0m
    [1m[94m= [0m[1mnote[0m: the address of the same function can vary between different codegen units
    [1m[94m= [0m[1mnote[0m: furthermore, different functions could have the same address after being merged together
    [1m[94m= [0m[1mnote[0m: for more information visit <https://doc.rust-lang.org/nightly/core/ptr/fn.fn_addr_eq.html>
    [1m[94m= [0m[1mnote[0m: this warning originates in the derive macro `PartialEq` which comes from the expansion of the macro `wrap_fn_ptr` (in Nightly builds, run with -Z macro-backtrace for more info)

[1m[33mwarning[0m[1m: function pointer comparisons do not produce meaningful results since their addresses are not guaranteed to be unique[0m
   [1m[94m--> [0msrc/wrap_fn_ptr.rs:57:27
    [1m[94m|[0m
[1m[94m 57[0m [1m[94m|[0m               pub struct Fn(FnPtr);
    [1m[94m|[0m                             [1m[33m^^^^^[0m
    [1m[94m|[0m
   [1m[94m::: [0msrc/ipred.rs:393:1
    [1m[94m|[0m
[1m[94m393[0m [1m[94m|[0m [1m[94m/[0m wrap_fn_ptr!(pub unsafe extern "C" fn cfl_pred(
[1m[94m394[0m [1m[94m|[0m [1m[94m|[0m     dst_ptr: *mut DynPixel,
[1m[94m395[0m [1m[94m|[0m [1m[94m|[0m     stride: ptrdiff_t,
[1m[94m396[0m [1m[94m|[0m [1m[94m|[0m     topleft: *const DynPixel,
[1m[94m...[0m   [1m[94m|[0m
[1m[94m403[0m [1m[94m|[0m [1m[94m|[0m     _dst: *const FFISafe<PicOffset>,
[1m[94m404[0m [1m[94m|[0m [1m[94m|[0m ) -> ());
    [1m[94m|[0m [1m[94m|________-[0m [1m[94min this macro invocation[0m
    [1m[94m|[0m
    [1m[94m= [0m[1mnote[0m: the address of the same function can vary between different codegen units
    [1m[94m= [0m[1mnote[0m: furthermore, different functions could have the same address after being merged together
    [1m[94m= [0m[1mnote[0m: for more information visit <https://doc.rust-lang.org/nightly/core/ptr/fn.fn_addr_eq.html>
    [1m[94m= [0m[1mnote[0m: this warning originates in the derive macro `PartialEq` which comes from the expansion of the macro `wrap_fn_ptr` (in Nightly builds, run with -Z macro-backtrace for more info)

[1m[33mwarning[0m[1m: function pointer comparisons do not produce meaningful results since their addresses are not guaranteed to be unique[0m
   [1m[94m--> [0msrc/wrap_fn_ptr.rs:57:27
    [1m[94m|[0m
[1m[94m 57[0m [1m[94m|[0m               pub struct Fn(FnPtr);
    [1m[94m|[0m                             [1m[33m^^^^^[0m
    [1m[94m|[0m
   [1m[94m::: [0msrc/ipred.rs:498:1
    [1m[94m|[0m
[1m[94m498[0m [1m[94m|[0m [1m[94m/[0m wrap_fn_ptr!(pub unsafe extern "C" fn pal_pred(
[1m[94m499[0m [1m[94m|[0m [1m[94m|[0m     dst_ptr: *mut DynPixel,
[1m[94m500[0m [1m[94m|[0m [1m[94m|[0m     stride: ptrdiff_t,
[1m[94m501[0m [1m[94m|[0m [1m[94m|[0m     pal: *const [DynPixel; 8],
[1m[94m...[0m   [1m[94m|[0m
[1m[94m505[0m [1m[94m|[0m [1m[94m|[0m     _dst: *const FFISafe<PicOffset>,
[1m[94m506[0m [1m[94m|[0m [1m[94m|[0m ) -> ());
    [1m[94m|[0m [1m[94m|________-[0m [1m[94min this macro invocation[0m
    [1m[94m|[0m
    [1m[94m= [0m[1mnote[0m: the address of the same function can vary between different codegen units
    [1m[94m= [0m[1mnote[0m: furthermore, different functions could have the same address after being merged together
    [1m[94m= [0m[1mnote[0m: for more information visit <https://doc.rust-lang.org/nightly/core/ptr/fn.fn_addr_eq.html>
    [1m[94m= [0m[1mnote[0m: this warning originates in the derive macro `PartialEq` which comes from the expansion of the macro `wrap_fn_ptr` (in Nightly builds, run with -Z macro-backtrace for more info)

[1m[33mwarning[0m[1m: function pointer comparisons do not produce meaningful results since their addresses are not guaranteed to be unique[0m
   [1m[94m--> [0msrc/wrap_fn_ptr.rs:57:27
    [1m[94m|[0m
[1m[94m 57[0m [1m[94m|[0m               pub struct Fn(FnPtr);
    [1m[94m|[0m                             [1m[33m^^^^^[0m
    [1m[94m|[0m
   [1m[94m::: [0msrc/itx.rs:459:1
    [1m[94m|[0m
[1m[94m459[0m [1m[94m|[0m [1m[94m/[0m wrap_fn_ptr!(unsafe extern "C" fn itxfm(
[1m[94m460[0m [1m[94m|[0m [1m[94m|[0m     dst_ptr: *mut DynPixel,
[1m[94m461[0m [1m[94m|[0m [1m[94m|[0m     dst_stride: isize,
[1m[94m462[0m [1m[94m|[0m [1m[94m|[0m     coeff: *mut DynCoef,
[1m[94m...[0m   [1m[94m|[0m
[1m[94m466[0m [1m[94m|[0m [1m[94m|[0m     _dst: *const FFISafe<PicOffset>,
[1m[94m467[0m [1m[94m|[0m [1m[94m|[0m ) -> ());
    [1m[94m|[0m [1m[94m|________-[0m [1m[94min this macro invocation[0m
    [1m[94m|[0m
    [1m[94m= [0m[1mnote[0m: the address of the same function can vary between different codegen units
    [1m[94m= [0m[1mnote[0m: furthermore, different functions could have the same address after being merged together
    [1m[94m= [0m[1mnote[0m: for more information visit <https://doc.rust-lang.org/nightly/core/ptr/fn.fn_addr_eq.html>
    [1m[94m= [0m[1mnote[0m: this warning originates in the derive macro `PartialEq` which comes from the expansion of the macro `wrap_fn_ptr` (in Nightly builds, run with -Z macro-backtrace for more info)

[1m[33mwarning[0m[1m: `extern` block uses type `A16`, which is not FFI-safe[0m
    [1m[94m--> [0msrc/loopfilter.rs:38:10
     [1m[94m|[0m
[1m[94m  38[0m [1m[94m|[0m     lut: &Align16<Av1FilterLUT>,
     [1m[94m|[0m          [1m[33m^^^^^^^^^^^^^^^^^^^^^^[0m [1m[33mnot FFI-safe[0m
[1m[94m...[0m
[1m[94m1543[0m [1m[94m|[0m         self.loop_filter_sb.y.h = bd_fn!(loopfilter_sb::decl_fn, BD, lpf_h_sb_y, ssse3);
     [1m[94m|[0m                                   [1m[94m-----------------------------------------------------[0m [1m[94min this macro invocation[0m
     [1m[94m|[0m
     [1m[94m= [0m[1mhelp[0m: consider adding a `#[repr(C)]` or `#[repr(transparent)]` attribute to this struct
     [1m[94m= [0m[1mnote[0m: this struct has unspecified layout
     [1m[94m= [0m[1mnote[0m: `#[warn(improper_ctypes)]` on by default
     [1m[94m= [0m[1mnote[0m: this warning originates in the macro `loopfilter_sb::decl_fn` which comes from the expansion of the macro `bd_fn` (in Nightly builds, run with -Z macro-backtrace for more info)

[1m[33mwarning[0m[1m: `extern` block uses type `A16`, which is not FFI-safe[0m
    [1m[94m--> [0msrc/loopfilter.rs:38:10
     [1m[94m|[0m
[1m[94m  38[0m [1m[94m|[0m     lut: &Align16<Av1FilterLUT>,
     [1m[94m|[0m          [1m[33m^^^^^^^^^^^^^^^^^^^^^^[0m [1m[33mnot FFI-safe[0m
[1m[94m...[0m
[1m[94m1543[0m [1m[94m|[0m         self.loop_filter_sb.y.h = bd_fn!(loopfilter_sb::decl_fn, BD, lpf_h_sb_y, ssse3);
     [1m[94m|[0m                                   [1m[94m-----------------------------------------------------[0m [1m[94min this macro invocation[0m
     [1m[94m|[0m
     [1m[94m= [0m[1mhelp[0m: consider adding a `#[repr(C)]` or `#[repr(transparent)]` attribute to this struct
     [1m[94m= [0m[1mnote[0m: this struct has unspecified layout
     [1m[94m= [0m[1mnote[0m: this warning originates in the macro `loopfilter_sb::decl_fn` which comes from the expansion of the macro `bd_fn` (in Nightly builds, run with -Z macro-backtrace for more info)

[1m[33mwarning[0m[1m: `extern` block uses type `A16`, which is not FFI-safe[0m
    [1m[94m--> [0msrc/loopfilter.rs:38:10
     [1m[94m|[0m
[1m[94m  38[0m [1m[94m|[0m     lut: &Align16<Av1FilterLUT>,
     [1m[94m|[0m          [1m[33m^^^^^^^^^^^^^^^^^^^^^^[0m [1m[33mnot FFI-safe[0m
[1m[94m...[0m
[1m[94m1544[0m [1m[94m|[0m         self.loop_filter_sb.y.v = bd_fn!(loopfilter_sb::decl_fn, BD, lpf_v_sb_y, ssse3);
     [1m[94m|[0m                                   [1m[94m-----------------------------------------------------[0m [1m[94min this macro invocation[0m
     [1m[94m|[0m
     [1m[94m= [0m[1mhelp[0m: consider adding a `#[repr(C)]` or `#[repr(transparent)]` attribute to this struct
     [1m[94m= [0m[1mnote[0m: this struct has unspecified layout
     [1m[94m= [0m[1mnote[0m: this warning originates in the macro `loopfilter_sb::decl_fn` which comes from the expansion of the macro `bd_fn` (in Nightly builds, run with -Z macro-backtrace for more info)

[1m[33mwarning[0m[1m: `extern` block uses type `A16`, which is not FFI-safe[0m
    [1m[94m--> [0msrc/loopfilter.rs:38:10
     [1m[94m|[0m
[1m[94m  38[0m [1m[94m|[0m     lut: &Align16<Av1FilterLUT>,
     [1m[94m|[0m          [1m[33m^^^^^^^^^^^^^^^^^^^^^^[0m [1m[33mnot FFI-safe[0m
[1m[94m...[0m
[1m[94m1545[0m [1m[94m|[0m         self.loop_filter_sb.uv.h = bd_fn!(loopfilter_sb::decl_fn, BD, lpf_h_sb_uv, ssse3);
     [1m[94m|[0m                                    [1m[94m------------------------------------------------------[0m [1m[94min this macro invocation[0m
     [1m[94m|[0m
     [1m[94m= [0m[1mhelp[0m: consider adding a `#[repr(C)]` or `#[repr(transparent)]` attribute to this struct
     [1m[94m= [0m[1mnote[0m: this struct has unspecified layout
     [1m[94m= [0m[1mnote[0m: this warning originates in the macro `loopfilter_sb::decl_fn` which comes from the expansion of the macro `bd_fn` (in Nightly builds, run with -Z macro-backtrace for more info)

[1m[33mwarning[0m[1m: `extern` block uses type `A16`, which is not FFI-safe[0m
