     [1m[94m|[0m                             [1m[33m^^^^^[0m
     [1m[94m|[0m
    [1m[94m::: [0msrc/mc.rs:1634:1
     [1m[94m|[0m
[1m[94m1634[0m [1m[94m|[0m [1m[94m/[0m wrap_fn_ptr!(pub unsafe extern "C" fn mc_scaled(
[1m[94m1635[0m [1m[94m|[0m [1m[94m|[0m     dst_ptr: *mut DynPixel,
[1m[94m1636[0m [1m[94m|[0m [1m[94m|[0m     dst_stride: isize,
[1m[94m1637[0m [1m[94m|[0m [1m[94m|[0m     src_ptr: *const DynPixel,
[1m[94m...[0m    [1m[94m|[0m
[1m[94m1647[0m [1m[94m|[0m [1m[94m|[0m     _src: *const FFISafe<PicOffset>,
[1m[94m1648[0m [1m[94m|[0m [1m[94m|[0m ) -> ());
     [1m[94m|[0m [1m[94m|________-[0m [1m[94min this macro invocation[0m
     [1m[94m|[0m
     [1m[94m= [0m[1mnote[0m: the address of the same function can vary between different codegen units
     [1m[94m= [0m[1mnote[0m: furthermore, different functions could have the same address after being merged together
     [1m[94m= [0m[1mnote[0m: for more information visit <https://doc.rust-lang.org/nightly/core/ptr/fn.fn_addr_eq.html>
     [1m[94m= [0m[1mnote[0m: this warning originates in the derive macro `PartialEq` which comes from the expansion of the macro `wrap_fn_ptr` (in Nightly builds, run with -Z macro-backtrace for more info)

[1m[33mwarning[0m[1m: function pointer comparisons do not produce meaningful results since their addresses are not guaranteed to be unique[0m
    [1m[94m--> [0msrc/wrap_fn_ptr.rs:57:27
     [1m[94m|[0m
[1m[94m  57[0m [1m[94m|[0m               pub struct Fn(FnPtr);
     [1m[94m|[0m                             [1m[33m^^^^^[0m
     [1m[94m|[0m
    [1m[94m::: [0msrc/mc.rs:1688:1
     [1m[94m|[0m
[1m[94m1688[0m [1m[94m|[0m [1m[94m/[0m wrap_fn_ptr!(pub unsafe extern "C" fn warp8x8(
[1m[94m1689[0m [1m[94m|[0m [1m[94m|[0m     dst_ptr: *mut DynPixel,
[1m[94m1690[0m [1m[94m|[0m [1m[94m|[0m     dst_stride: isize,
[1m[94m1691[0m [1m[94m|[0m [1m[94m|[0m     src_ptr: *const DynPixel,
[1m[94m...[0m    [1m[94m|[0m
[1m[94m1698[0m [1m[94m|[0m [1m[94m|[0m     _src: *const FFISafe<PicOffset>,
[1m[94m1699[0m [1m[94m|[0m [1m[94m|[0m ) -> ());
     [1m[94m|[0m [1m[94m|________-[0m [1m[94min this macro invocation[0m
     [1m[94m|[0m
     [1m[94m= [0m[1mnote[0m: the address of the same function can vary between different codegen units
     [1m[94m= [0m[1mnote[0m: furthermore, different functions could have the same address after being merged together
     [1m[94m= [0m[1mnote[0m: for more information visit <https://doc.rust-lang.org/nightly/core/ptr/fn.fn_addr_eq.html>
     [1m[94m= [0m[1mnote[0m: this warning originates in the derive macro `PartialEq` which comes from the expansion of the macro `wrap_fn_ptr` (in Nightly builds, run with -Z macro-backtrace for more info)

[1m[33mwarning[0m[1m: function pointer comparisons do not produce meaningful results since their addresses are not guaranteed to be unique[0m
    [1m[94m--> [0msrc/wrap_fn_ptr.rs:57:27
     [1m[94m|[0m
[1m[94m  57[0m [1m[94m|[0m               pub struct Fn(FnPtr);
     [1m[94m|[0m                             [1m[33m^^^^^[0m
     [1m[94m|[0m
    [1m[94m::: [0msrc/mc.rs:1734:1
     [1m[94m|[0m
[1m[94m1734[0m [1m[94m|[0m [1m[94m/[0m wrap_fn_ptr!(pub unsafe extern "C" fn mct(
[1m[94m1735[0m [1m[94m|[0m [1m[94m|[0m     tmp: *mut i16,
[1m[94m1736[0m [1m[94m|[0m [1m[94m|[0m     src_ptr: *const DynPixel,
[1m[94m1737[0m [1m[94m|[0m [1m[94m|[0m     src_stride: isize,
[1m[94m...[0m    [1m[94m|[0m
[1m[94m1743[0m [1m[94m|[0m [1m[94m|[0m     _src: *const FFISafe<PicOffset>,
[1m[94m1744[0m [1m[94m|[0m [1m[94m|[0m ) -> ());
     [1m[94m|[0m [1m[94m|________-[0m [1m[94min this macro invocation[0m
     [1m[94m|[0m
     [1m[94m= [0m[1mnote[0m: the address of the same function can vary between different codegen units
     [1m[94m= [0m[1mnote[0m: furthermore, different functions could have the same address after being merged together
     [1m[94m= [0m[1mnote[0m: for more information visit <https://doc.rust-lang.org/nightly/core/ptr/fn.fn_addr_eq.html>
     [1m[94m= [0m[1mnote[0m: this warning originates in the derive macro `PartialEq` which comes from the expansion of the macro `wrap_fn_ptr` (in Nightly builds, run with -Z macro-backtrace for more info)

[1m[33mwarning[0m[1m: function pointer comparisons do not produce meaningful results since their addresses are not guaranteed to be unique[0m
    [1m[94m--> [0msrc/wrap_fn_ptr.rs:57:27
     [1m[94m|[0m
[1m[94m  57[0m [1m[94m|[0m               pub struct Fn(FnPtr);
     [1m[94m|[0m                             [1m[33m^^^^^[0m
     [1m[94m|[0m
    [1m[94m::: [0msrc/mc.rs:1776:1
     [1m[94m|[0m
[1m[94m1776[0m [1m[94m|[0m [1m[94m/[0m wrap_fn_ptr!(pub unsafe extern "C" fn mct_scaled(
[1m[94m1777[0m [1m[94m|[0m [1m[94m|[0m     tmp: *mut i16,
[1m[94m1778[0m [1m[94m|[0m [1m[94m|[0m     src_ptr: *const DynPixel,
[1m[94m1779[0m [1m[94m|[0m [1m[94m|[0m     src_stride: isize,
[1m[94m...[0m    [1m[94m|[0m
[1m[94m1787[0m [1m[94m|[0m [1m[94m|[0m     _src: *const FFISafe<PicOffset>,
[1m[94m1788[0m [1m[94m|[0m [1m[94m|[0m ) -> ());
     [1m[94m|[0m [1m[94m|________-[0m [1m[94min this macro invocation[0m
     [1m[94m|[0m
     [1m[94m= [0m[1mnote[0m: the address of the same function can vary between different codegen units
     [1m[94m= [0m[1mnote[0m: furthermore, different functions could have the same address after being merged together
     [1m[94m= [0m[1mnote[0m: for more information visit <https://doc.rust-lang.org/nightly/core/ptr/fn.fn_addr_eq.html>
     [1m[94m= [0m[1mnote[0m: this warning originates in the derive macro `PartialEq` which comes from the expansion of the macro `wrap_fn_ptr` (in Nightly builds, run with -Z macro-backtrace for more info)

[1m[33mwarning[0m[1m: function pointer comparisons do not produce meaningful results since their addresses are not guaranteed to be unique[0m
    [1m[94m--> [0msrc/wrap_fn_ptr.rs:57:27
     [1m[94m|[0m
[1m[94m  57[0m [1m[94m|[0m               pub struct Fn(FnPtr);
     [1m[94m|[0m                             [1m[33m^^^^^[0m
     [1m[94m|[0m
    [1m[94m::: [0msrc/mc.rs:1822:1
     [1m[94m|[0m
[1m[94m1822[0m [1m[94m|[0m [1m[94m/[0m wrap_fn_ptr!(pub unsafe extern "C" fn warp8x8t(
[1m[94m1823[0m [1m[94m|[0m [1m[94m|[0m     tmp: *mut i16,
[1m[94m1824[0m [1m[94m|[0m [1m[94m|[0m     tmp_stride: usize,
[1m[94m1825[0m [1m[94m|[0m [1m[94m|[0m     src_ptr: *const DynPixel,
[1m[94m...[0m    [1m[94m|[0m
[1m[94m1832[0m [1m[94m|[0m [1m[94m|[0m     _src: *const FFISafe<PicOffset>,
[1m[94m1833[0m [1m[94m|[0m [1m[94m|[0m ) -> ());
     [1m[94m|[0m [1m[94m|________-[0m [1m[94min this macro invocation[0m
     [1m[94m|[0m
     [1m[94m= [0m[1mnote[0m: the address of the same function can vary between different codegen units
     [1m[94m= [0m[1mnote[0m: furthermore, different functions could have the same address after being merged together
     [1m[94m= [0m[1mnote[0m: for more information visit <https://doc.rust-lang.org/nightly/core/ptr/fn.fn_addr_eq.html>
     [1m[94m= [0m[1mnote[0m: this warning originates in the derive macro `PartialEq` which comes from the expansion of the macro `wrap_fn_ptr` (in Nightly builds, run with -Z macro-backtrace for more info)

[1m[33mwarning[0m[1m: function pointer comparisons do not produce meaningful results since their addresses are not guaranteed to be unique[0m
    [1m[94m--> [0msrc/wrap_fn_ptr.rs:57:27
     [1m[94m|[0m
[1m[94m  57[0m [1m[94m|[0m               pub struct Fn(FnPtr);
     [1m[94m|[0m                             [1m[33m^^^^^[0m
     [1m[94m|[0m
    [1m[94m::: [0msrc/mc.rs:1868:1
     [1m[94m|[0m
[1m[94m1868[0m [1m[94m|[0m [1m[94m/[0m wrap_fn_ptr!(pub unsafe extern "C" fn avg(
[1m[94m1869[0m [1m[94m|[0m [1m[94m|[0m     dst_ptr: *mut DynPixel,
[1m[94m1870[0m [1m[94m|[0m [1m[94m|[0m     dst_stride: isize,
[1m[94m1871[0m [1m[94m|[0m [1m[94m|[0m     tmp1: &[i16; COMPINTER_LEN],
[1m[94m...[0m    [1m[94m|[0m
[1m[94m1876[0m [1m[94m|[0m [1m[94m|[0m     _dst: *const FFISafe<PicOffset>,
[1m[94m1877[0m [1m[94m|[0m [1m[94m|[0m ) -> ());
     [1m[94m|[0m [1m[94m|________-[0m [1m[94min this macro invocation[0m
     [1m[94m|[0m
     [1m[94m= [0m[1mnote[0m: the address of the same function can vary between different codegen units
     [1m[94m= [0m[1mnote[0m: furthermore, different functions could have the same address after being merged together
     [1m[94m= [0m[1mnote[0m: for more information visit <https://doc.rust-lang.org/nightly/core/ptr/fn.fn_addr_eq.html>
     [1m[94m= [0m[1mnote[0m: this warning originates in the derive macro `PartialEq` which comes from the expansion of the macro `wrap_fn_ptr` (in Nightly builds, run with -Z macro-backtrace for more info)

[1m[33mwarning[0m[1m: function pointer comparisons do not produce meaningful results since their addresses are not guaranteed to be unique[0m
    [1m[94m--> [0msrc/wrap_fn_ptr.rs:57:27
     [1m[94m|[0m
[1m[94m  57[0m [1m[94m|[0m               pub struct Fn(FnPtr);
     [1m[94m|[0m                             [1m[33m^^^^^[0m
     [1m[94m|[0m
    [1m[94m::: [0msrc/mc.rs:1906:1
     [1m[94m|[0m
[1m[94m1906[0m [1m[94m|[0m [1m[94m/[0m wrap_fn_ptr!(pub unsafe extern "C" fn w_avg(
[1m[94m1907[0m [1m[94m|[0m [1m[94m|[0m     dst_ptr: *mut DynPixel,
[1m[94m1908[0m [1m[94m|[0m [1m[94m|[0m     dst_stride: isize,
[1m[94m1909[0m [1m[94m|[0m [1m[94m|[0m     tmp1: &[i16; COMPINTER_LEN],
[1m[94m...[0m    [1m[94m|[0m
[1m[94m1915[0m [1m[94m|[0m [1m[94m|[0m     _dst: *const FFISafe<PicOffset>,
[1m[94m1916[0m [1m[94m|[0m [1m[94m|[0m ) -> ());
     [1m[94m|[0m [1m[94m|________-[0m [1m[94min this macro invocation[0m
     [1m[94m|[0m
     [1m[94m= [0m[1mnote[0m: the address of the same function can vary between different codegen units
     [1m[94m= [0m[1mnote[0m: furthermore, different functions could have the same address after being merged together
     [1m[94m= [0m[1mnote[0m: for more information visit <https://doc.rust-lang.org/nightly/core/ptr/fn.fn_addr_eq.html>
     [1m[94m= [0m[1mnote[0m: this warning originates in the derive macro `PartialEq` which comes from the expansion of the macro `wrap_fn_ptr` (in Nightly builds, run with -Z macro-backtrace for more info)

[1m[33mwarning[0m[1m: function pointer comparisons do not produce meaningful results since their addresses are not guaranteed to be unique[0m
    [1m[94m--> [0msrc/wrap_fn_ptr.rs:57:27
     [1m[94m|[0m
[1m[94m  57[0m [1m[94m|[0m               pub struct Fn(FnPtr);
     [1m[94m|[0m                             [1m[33m^^^^^[0m
     [1m[94m|[0m
    [1m[94m::: [0msrc/mc.rs:1945:1
     [1m[94m|[0m
[1m[94m1945[0m [1m[94m|[0m [1m[94m/[0m wrap_fn_ptr!(pub unsafe extern "C" fn mask(
[1m[94m1946[0m [1m[94m|[0m [1m[94m|[0m     dst_ptr: *mut DynPixel,
[1m[94m1947[0m [1m[94m|[0m [1m[94m|[0m     dst_stride: isize,
[1m[94m1948[0m [1m[94m|[0m [1m[94m|[0m     tmp1: &[i16; COMPINTER_LEN],
[1m[94m...[0m    [1m[94m|[0m
[1m[94m1954[0m [1m[94m|[0m [1m[94m|[0m     _dst: *const FFISafe<PicOffset>,
[1m[94m1955[0m [1m[94m|[0m [1m[94m|[0m ) -> ());
     [1m[94m|[0m [1m[94m|________-[0m [1m[94min this macro invocation[0m
     [1m[94m|[0m
     [1m[94m= [0m[1mnote[0m: the address of the same function can vary between different codegen units
     [1m[94m= [0m[1mnote[0m: furthermore, different functions could have the same address after being merged together
     [1m[94m= [0m[1mnote[0m: for more information visit <https://doc.rust-lang.org/nightly/core/ptr/fn.fn_addr_eq.html>
     [1m[94m= [0m[1mnote[0m: this warning originates in the derive macro `PartialEq` which comes from the expansion of the macro `wrap_fn_ptr` (in Nightly builds, run with -Z macro-backtrace for more info)

[1m[33mwarning[0m[1m: function pointer comparisons do not produce meaningful results since their addresses are not guaranteed to be unique[0m
    [1m[94m--> [0msrc/wrap_fn_ptr.rs:57:27
     [1m[94m|[0m
[1m[94m  57[0m [1m[94m|[0m               pub struct Fn(FnPtr);
     [1m[94m|[0m                             [1m[33m^^^^^[0m
     [1m[94m|[0m
    [1m[94m::: [0msrc/mc.rs:1985:1
     [1m[94m|[0m
[1m[94m1985[0m [1m[94m|[0m [1m[94m/[0m wrap_fn_ptr!(pub unsafe extern "C" fn w_mask(
[1m[94m1986[0m [1m[94m|[0m [1m[94m|[0m     dst_ptr: *mut DynPixel,
[1m[94m1987[0m [1m[94m|[0m [1m[94m|[0m     dst_stride: isize,
[1m[94m1988[0m [1m[94m|[0m [1m[94m|[0m     tmp1: &[i16; COMPINTER_LEN],
[1m[94m...[0m    [1m[94m|[0m
[1m[94m1995[0m [1m[94m|[0m [1m[94m|[0m     _dst: *const FFISafe<PicOffset>,
[1m[94m1996[0m [1m[94m|[0m [1m[94m|[0m ) -> ());
     [1m[94m|[0m [1m[94m|________-[0m [1m[94min this macro invocation[0m
     [1m[94m|[0m
     [1m[94m= [0m[1mnote[0m: the address of the same function can vary between different codegen units
     [1m[94m= [0m[1mnote[0m: furthermore, different functions could have the same address after being merged together
     [1m[94m= [0m[1mnote[0m: for more information visit <https://doc.rust-lang.org/nightly/core/ptr/fn.fn_addr_eq.html>
     [1m[94m= [0m[1mnote[0m: this warning originates in the derive macro `PartialEq` which comes from the expansion of the macro `wrap_fn_ptr` (in Nightly builds, run with -Z macro-backtrace for more info)

[1m[33mwarning[0m[1m: function pointer comparisons do not produce meaningful results since their addresses are not guaranteed to be unique[0m
    [1m[94m--> [0msrc/wrap_fn_ptr.rs:57:27
     [1m[94m|[0m
[1m[94m  57[0m [1m[94m|[0m               pub struct Fn(FnPtr);
     [1m[94m|[0m                             [1m[33m^^^^^[0m
     [1m[94m|[0m
    [1m[94m::: [0msrc/mc.rs:2028:1
     [1m[94m|[0m
[1m[94m2028[0m [1m[94m|[0m [1m[94m/[0m wrap_fn_ptr!(pub unsafe extern "C" fn blend(
[1m[94m2029[0m [1m[94m|[0m [1m[94m|[0m     dst_ptr: *mut DynPixel,
[1m[94m2030[0m [1m[94m|[0m [1m[94m|[0m     dst_stride: isize,
[1m[94m2031[0m [1m[94m|[0m [1m[94m|[0m     tmp: *const [DynPixel; SCRATCH_INTER_INTRA_BUF_LEN],
[1m[94m...[0m    [1m[94m|[0m
[1m[94m2035[0m [1m[94m|[0m [1m[94m|[0m     _dst: *const FFISafe<PicOffset>,
[1m[94m2036[0m [1m[94m|[0m [1m[94m|[0m ) -> ());
     [1m[94m|[0m [1m[94m|________-[0m [1m[94min this macro invocation[0m
     [1m[94m|[0m
     [1m[94m= [0m[1mnote[0m: the address of the same function can vary between different codegen units
     [1m[94m= [0m[1mnote[0m: furthermore, different functions could have the same address after being merged together
     [1m[94m= [0m[1mnote[0m: for more information visit <https://doc.rust-lang.org/nightly/core/ptr/fn.fn_addr_eq.html>
     [1m[94m= [0m[1mnote[0m: this warning originates in the derive macro `PartialEq` which comes from the expansion of the macro `wrap_fn_ptr` (in Nightly builds, run with -Z macro-backtrace for more info)

[1m[33mwarning[0m[1m: function pointer comparisons do not produce meaningful results since their addresses are not guaranteed to be unique[0m
    [1m[94m--> [0msrc/wrap_fn_ptr.rs:57:27
     [1m[94m|[0m
[1m[94m  57[0m [1m[94m|[0m               pub struct Fn(FnPtr);
     [1m[94m|[0m                             [1m[33m^^^^^[0m
     [1m[94m|[0m
    [1m[94m::: [0msrc/mc.rs:2064:1
     [1m[94m|[0m
[1m[94m2064[0m [1m[94m|[0m [1m[94m/[0m wrap_fn_ptr!(pub unsafe extern "C" fn blend_dir(
[1m[94m2065[0m [1m[94m|[0m [1m[94m|[0m     dst_ptr: *mut DynPixel,
[1m[94m2066[0m [1m[94m|[0m [1m[94m|[0m     dst_stride: isize,
[1m[94m2067[0m [1m[94m|[0m [1m[94m|[0m     tmp: *const [DynPixel; SCRATCH_LAP_LEN],
[1m[94m...[0m    [1m[94m|[0m
[1m[94m2070[0m [1m[94m|[0m [1m[94m|[0m     _dst: *const FFISafe<PicOffset>,
[1m[94m2071[0m [1m[94m|[0m [1m[94m|[0m ) -> ());
     [1m[94m|[0m [1m[94m|________-[0m [1m[94min this macro invocation[0m
     [1m[94m|[0m
     [1m[94m= [0m[1mnote[0m: the address of the same function can vary between different codegen units
     [1m[94m= [0m[1mnote[0m: furthermore, different functions could have the same address after being merged together
     [1m[94m= [0m[1mnote[0m: for more information visit <https://doc.rust-lang.org/nightly/core/ptr/fn.fn_addr_eq.html>
     [1m[94m= [0m[1mnote[0m: this warning originates in the derive macro `PartialEq` which comes from the expansion of the macro `wrap_fn_ptr` (in Nightly builds, run with -Z macro-backtrace for more info)

[1m[33mwarning[0m[1m: function pointer comparisons do not produce meaningful results since their addresses are not guaranteed to be unique[0m
    [1m[94m--> [0msrc/wrap_fn_ptr.rs:57:27
     [1m[94m|[0m
[1m[94m  57[0m [1m[94m|[0m               pub struct Fn(FnPtr);
     [1m[94m|[0m                             [1m[33m^^^^^[0m
     [1m[94m|[0m
    [1m[94m::: [0msrc/mc.rs:2099:1
     [1m[94m|[0m
[1m[94m2099[0m [1m[94m|[0m [1m[94m/[0m wrap_fn_ptr!(pub unsafe extern "C" fn emu_edge(
[1m[94m2100[0m [1m[94m|[0m [1m[94m|[0m     bw: isize,
[1m[94m2101[0m [1m[94m|[0m [1m[94m|[0m     bh: isize,
[1m[94m2102[0m [1m[94m|[0m [1m[94m|[0m     iw: isize,
[1m[94m...[0m    [1m[94m|[0m
[1m[94m2110[0m [1m[94m|[0m [1m[94m|[0m     _src: *const FFISafe<Rav1dPictureDataComponent>,
[1m[94m2111[0m [1m[94m|[0m [1m[94m|[0m ) -> ());
     [1m[94m|[0m [1m[94m|________-[0m [1m[94min this macro invocation[0m
     [1m[94m|[0m
     [1m[94m= [0m[1mnote[0m: the address of the same function can vary between different codegen units
     [1m[94m= [0m[1mnote[0m: furthermore, different functions could have the same address after being merged together
     [1m[94m= [0m[1mnote[0m: for more information visit <https://doc.rust-lang.org/nightly/core/ptr/fn.fn_addr_eq.html>
     [1m[94m= [0m[1mnote[0m: this warning originates in the derive macro `PartialEq` which comes from the expansion of the macro `wrap_fn_ptr` (in Nightly builds, run with -Z macro-backtrace for more info)

[1m[33mwarning[0m[1m: function pointer comparisons do not produce meaningful results since their addresses are not guaranteed to be unique[0m
    [1m[94m--> [0msrc/wrap_fn_ptr.rs:57:27
     [1m[94m|[0m
[1m[94m  57[0m [1m[94m|[0m               pub struct Fn(FnPtr);
     [1m[94m|[0m                             [1m[33m^^^^^[0m
     [1m[94m|[0m
    [1m[94m::: [0msrc/mc.rs:2150:1
     [1m[94m|[0m
[1m[94m2150[0m [1m[94m|[0m [1m[94m/[0m wrap_fn_ptr!(pub unsafe extern "C" fn resize(
[1m[94m2151[0m [1m[94m|[0m [1m[94m|[0m     dst: *mut DynPixel,
[1m[94m2152[0m [1m[94m|[0m [1m[94m|[0m     dst_stride: isize,
[1m[94m2153[0m [1m[94m|[0m [1m[94m|[0m     src_ptr: *const DynPixel,
[1m[94m...[0m    [1m[94m|[0m
[1m[94m2162[0m [1m[94m|[0m [1m[94m|[0m     _dst: *const FFISafe<WithOffset<PicOrBuf<AlignedVec64<u8>>>>,
[1m[94m2163[0m [1m[94m|[0m [1m[94m|[0m ) -> ());
     [1m[94m|[0m [1m[94m|________-[0m [1m[94min this macro invocation[0m
     [1m[94m|[0m
     [1m[94m= [0m[1mnote[0m: the address of the same function can vary between different codegen units
     [1m[94m= [0m[1mnote[0m: furthermore, different functions could have the same address after being merged together
     [1m[94m= [0m[1mnote[0m: for more information visit <https://doc.rust-lang.org/nightly/core/ptr/fn.fn_addr_eq.html>
     [1m[94m= [0m[1mnote[0m: this warning originates in the derive macro `PartialEq` which comes from the expansion of the macro `wrap_fn_ptr` (in Nightly builds, run with -Z macro-backtrace for more info)

[1m[33mwarning[0m[1m: function pointer comparisons do not produce meaningful results since their addresses are not guaranteed to be unique[0m
  [1m[94m--> [0msrc/wrap_fn_ptr.rs:57:27
   [1m[94m|[0m
[1m[94m57[0m [1m[94m|[0m               pub struct Fn(FnPtr);
   [1m[94m|[0m                             [1m[33m^^^^^[0m
   [1m[94m|[0m
  [1m[94m::: [0msrc/pal.rs:10:1
   [1m[94m|[0m
[1m[94m10[0m [1m[94m|[0m [1m[94m/[0m wrap_fn_ptr!(pub unsafe extern "C" fn pal_idx_finish(
[1m[94m11[0m [1m[94m|[0m [1m[94m|[0m     dst: *mut u8,
[1m[94m12[0m [1m[94m|[0m [1m[94m|[0m     src: *const u8,
[1m[94m13[0m [1m[94m|[0m [1m[94m|[0m     bw: c_int,
[1m[94m...[0m  [1m[94m|[0m
[1m[94m16[0m [1m[94m|[0m [1m[94m|[0m     h: c_int,
[1m[94m17[0m [1m[94m|[0m [1m[94m|[0m ) -> ());
   [1m[94m|[0m [1m[94m|________-[0m [1m[94min this macro invocation[0m
   [1m[94m|[0m
   [1m[94m= [0m[1mnote[0m: the address of the same function can vary between different codegen units
   [1m[94m= [0m[1mnote[0m: furthermore, different functions could have the same address after being merged together
   [1m[94m= [0m[1mnote[0m: for more information visit <https://doc.rust-lang.org/nightly/core/ptr/fn.fn_addr_eq.html>
   [1m[94m= [0m[1mnote[0m: this warning originates in the derive macro `PartialEq` which comes from the expansion of the macro `wrap_fn_ptr` (in Nightly builds, run with -Z macro-backtrace for more info)

[1m[33mwarning[0m[1m: `extern` block uses type `A16`, which is not FFI-safe[0m
    [1m[94m--> [0msrc/refmvs.rs:481:10
     [1m[94m|[0m
[1m[94m 481[0m [1m[94m|[0m     rmv: &Align16<RefMvsBlock>,
     [1m[94m|[0m          [1m[33m^^^^^^^^^^^^^^^^^^^^^[0m [1m[33mnot FFI-safe[0m
[1m[94m...[0m
[1m[94m1865[0m [1m[94m|[0m         self.splat_mv = splat_mv::decl_fn!(fn dav1d_splat_mv_sse2);
     [1m[94m|[0m                         [1m[94m------------------------------------------[0m [1m[94min this macro invocation[0m
     [1m[94m|[0m
     [1m[94m= [0m[1mhelp[0m: consider adding a `#[repr(C)]` or `#[repr(transparent)]` attribute to this struct
     [1m[94m= [0m[1mnote[0m: this struct has unspecified layout
     [1m[94m= [0m[1mnote[0m: this warning originates in the macro `splat_mv::decl_fn` (in Nightly builds, run with -Z macro-backtrace for more info)

[1m[33mwarning[0m[1m: `extern` block uses type `A16`, which is not FFI-safe[0m
    [1m[94m--> [0msrc/refmvs.rs:481:10
     [1m[94m|[0m
[1m[94m 481[0m [1m[94m|[0m     rmv: &Align16<RefMvsBlock>,
     [1m[94m|[0m          [1m[33m^^^^^^^^^^^^^^^^^^^^^[0m [1m[33mnot FFI-safe[0m
[1m[94m...[0m
[1m[94m1886[0m [1m[94m|[0m             self.splat_mv = splat_mv::decl_fn!(fn dav1d_splat_mv_avx2);
     [1m[94m|[0m                             [1m[94m------------------------------------------[0m [1m[94min this macro invocation[0m
     [1m[94m|[0m
     [1m[94m= [0m[1mhelp[0m: consider adding a `#[repr(C)]` or `#[repr(transparent)]` attribute to this struct
     [1m[94m= [0m[1mnote[0m: this struct has unspecified layout
     [1m[94m= [0m[1mnote[0m: this warning originates in the macro `splat_mv::decl_fn` (in Nightly builds, run with -Z macro-backtrace for more info)

[1m[33mwarning[0m[1m: `extern` block uses type `A16`, which is not FFI-safe[0m
    [1m[94m--> [0msrc/refmvs.rs:481:10
     [1m[94m|[0m
[1m[94m 481[0m [1m[94m|[0m     rmv: &Align16<RefMvsBlock>,
     [1m[94m|[0m          [1m[33m^^^^^^^^^^^^^^^^^^^^^[0m [1m[33mnot FFI-safe[0m
[1m[94m...[0m
[1m[94m1893[0m [1m[94m|[0m             self.splat_mv = splat_mv::decl_fn!(fn dav1d_splat_mv_avx512icl);
     [1m[94m|[0m                             [1m[94m-----------------------------------------------[0m [1m[94min this macro invocation[0m
     [1m[94m|[0m
     [1m[94m= [0m[1mhelp[0m: consider adding a `#[repr(C)]` or `#[repr(transparent)]` attribute to this struct
     [1m[94m= [0m[1mnote[0m: this struct has unspecified layout
     [1m[94m= [0m[1mnote[0m: this warning originates in the macro `splat_mv::decl_fn` (in Nightly builds, run with -Z macro-backtrace for more info)

[1m[33mwarning[0m[1m: function pointer comparisons do not produce meaningful results since their addresses are not guaranteed to be unique[0m
   [1m[94m--> [0msrc/wrap_fn_ptr.rs:57:27
    [1m[94m|[0m
[1m[94m 57[0m [1m[94m|[0m               pub struct Fn(FnPtr);
    [1m[94m|[0m                             [1m[33m^^^^^[0m
    [1m[94m|[0m
   [1m[94m::: [0msrc/refmvs.rs:183:1
    [1m[94m|[0m
[1m[94m183[0m [1m[94m|[0m [1m[94m/[0m wrap_fn_ptr!(pub(crate) unsafe extern "C" fn load_tmvs(
[1m[94m184[0m [1m[94m|[0m [1m[94m|[0m     rf: &AsmRefMvsFrame,
[1m[94m185[0m [1m[94m|[0m [1m[94m|[0m     tile_row_idx: i32,
[1m[94m186[0m [1m[94m|[0m [1m[94m|[0m     col_start8: i32,
[1m[94m...[0m   [1m[94m|[0m
[1m[94m191[0m [1m[94m|[0m [1m[94m|[0m     _rp_ref: *const FFISafe<[Option<DisjointMutArcSlice<RefMvsTemporalBlock>>; 7]>,
[1m[94m192[0m [1m[94m|[0m [1m[94m|[0m ) -> ());
    [1m[94m|[0m [1m[94m|________-[0m [1m[94min this macro invocation[0m
    [1m[94m|[0m
    [1m[94m= [0m[1mnote[0m: the address of the same function can vary between different codegen units
    [1m[94m= [0m[1mnote[0m: furthermore, different functions could have the same address after being merged together
    [1m[94m= [0m[1mnote[0m: for more information visit <https://doc.rust-lang.org/nightly/core/ptr/fn.fn_addr_eq.html>
    [1m[94m= [0m[1mnote[0m: this warning originates in the derive macro `PartialEq` which comes from the expansion of the macro `wrap_fn_ptr` (in Nightly builds, run with -Z macro-backtrace for more info)

[1m[33mwarning[0m[1m: function pointer comparisons do not produce meaningful results since their addresses are not guaranteed to be unique[0m
   [1m[94m--> [0msrc/wrap_fn_ptr.rs:57:27
    [1m[94m|[0m
[1m[94m 57[0m [1m[94m|[0m               pub struct Fn(FnPtr);
    [1m[94m|[0m                             [1m[33m^^^^^[0m
    [1m[94m|[0m
   [1m[94m::: [0msrc/refmvs.rs:360:1
    [1m[94m|[0m
[1m[94m360[0m [1m[94m|[0m [1m[94m/[0m wrap_fn_ptr!(pub unsafe extern "C" fn save_tmvs(
[1m[94m361[0m [1m[94m|[0m [1m[94m|[0m     rp_ptr: *mut RefMvsTemporalBlock,
[1m[94m362[0m [1m[94m|[0m [1m[94m|[0m     stride: isize,
[1m[94m363[0m [1m[94m|[0m [1m[94m|[0m     rr: &[*const RefMvsBlock; 31],
[1m[94m...[0m   [1m[94m|[0m
[1m[94m371[0m [1m[94m|[0m [1m[94m|[0m     _rp: *const FFISafe<DisjointMutArcSlice<RefMvsTemporalBlock>>,
[1m[94m372[0m [1m[94m|[0m [1m[94m|[0m ) -> ());
    [1m[94m|[0m [1m[94m|________-[0m [1m[94min this macro invocation[0m
    [1m[94m|[0m
    [1m[94m= [0m[1mnote[0m: the address of the same function can vary between different codegen units
    [1m[94m= [0m[1mnote[0m: furthermore, different functions could have the same address after being merged together
    [1m[94m= [0m[1mnote[0m: for more information visit <https://doc.rust-lang.org/nightly/core/ptr/fn.fn_addr_eq.html>
