Log: /home/lilith/tmp/rav1d-review-2026-09-05/logs/threading-protocol-4R5R6uE5.log
2026-09-06T05:55:07+00:00
c7c49c682c8e7dba2430afe7cf49ea4edce486e3
 M .github/workflows/disjoint-mut-ci.yml
 M Cargo.lock
 M crates/rav1d-disjoint-mut/Cargo.toml
 M crates/rav1d-disjoint-mut/README.md
 M crates/rav1d-disjoint-mut/src/lib.rs
 A crates/rav1d-disjoint-mut/src/loom_protocol.rs
 A crates/rav1d-disjoint-mut/src/tracker_cell.rs
 M crates/rav1d-disjoint-mut/src/tracker_shard.rs
 A crates/rav1d-disjoint-mut/tests/adversarial_api.rs
 M docs/OWNERSHIP_MODELS.md
 M include/dav1d/picture.rs
 A scripts/review-feature-gate.sh
 M scripts/review.sh
 M tests/decode_md5_committed.rs
?? audit/api/
?? docs/RELEASE_SOUNDNESS_PROTOCOL.md
?? scripts/review-api.py
rustc 1.98.1 (48a229cea 2026-09-01)
binary: rustc
commit-hash: 48a229ceaefd4985c50990b14116b6d856af0985
commit-date: 2026-09-01
host: x86_64-unknown-linux-gnu
release: 1.98.1
LLVM version: 22.1.8
MIRIFLAGS=
RUSTFLAGS=
CARGO_TARGET_DIR=target
r7900x
Command: cargo test -p rav1d-safe --lib live_block_keeps_its_storage_when_another_decoder_changes_threading
ab977e671cc3bce06534bc183fa147fbc4746379af99ee5599f4db6a0f83a5c5  Cargo.lock
run-heavy: mem-cap=16G (cgroup, hard) jobs=8/24 avail=27792MiB :: cargo test -p rav1d-safe --lib live_block_keeps_its_storage_when_another_decoder_changes_threading
[1m[92m   Compiling[0m rav1d-safe v0.6.0 (/home/lilith/work/zen/rav1d-safe)
[1m[92m   Compiling[0m rav1d-disjoint-mut v0.3.1 (/home/lilith/work/zen/rav1d-safe/crates/rav1d-disjoint-mut)
[1m[33mwarning[0m[1m: function `token_test_lock` is never used[0m
  [1m[94m--> [0msrc/safe_simd/mod.rs:33:15
   [1m[94m|[0m
[1m[94m33[0m [1m[94m|[0m pub(crate) fn token_test_lock() -> std::sync::MutexGuard<'static, ()> {
   [1m[94m|[0m               [1m[33m^^^^^^^^^^^^^^^[0m
   [1m[94m|[0m
   [1m[94m= [0m[1mnote[0m: `#[warn(dead_code)]` (part of `#[warn(unused)]`) on by default

[1m[33mwarning[0m[1m: function `aligned_plane` is never used[0m
  [1m[94m--> [0msrc/safe_simd/mod.rs:57:15
   [1m[94m|[0m
[1m[94m57[0m [1m[94m|[0m pub(crate) fn aligned_plane<T: Copy + Default>(
   [1m[94m|[0m               [1m[33m^^^^^^^^^^^^^[0m

[1m[33mwarning[0m: `rav1d-safe` (lib test) generated 2 warnings
[1m[92m    Finished[0m `test` profile [unoptimized + debuginfo] target(s) in 2.30s
[1m[92m     Running[0m unittests lib.rs (target/debug/deps/rav1d_safe-51e6fd5f6fa44646)

running 1 test
test include::dav1d::picture::row_guard_policy_tests::live_block_keeps_its_storage_when_another_decoder_changes_threading ... FAILED

failures:

---- include::dav1d::picture::row_guard_policy_tests::live_block_keeps_its_storage_when_another_decoder_changes_threading stdout ----

thread 'include::dav1d::picture::row_guard_policy_tests::live_block_keeps_its_storage_when_another_decoder_changes_threading' (2909542) panicked at include/dav1d/picture.rs:2771:9:
the child process did not reach the assertions (renamed test? libtest exits 0 on an empty filter). status=ExitStatus(unix_wait_status(25856))
stdout:

running 1 test
test include::dav1d::picture::row_guard_policy_tests::live_block_keeps_its_storage_when_another_decoder_changes_threading ... FAILED

failures:

failures:
    include::dav1d::picture::row_guard_policy_tests::live_block_keeps_its_storage_when_another_decoder_changes_threading

test result: FAILED. 0 passed; 1 failed; 0 ignored; 0 measured; 54 filtered out; finished in 0.00s


stderr:

thread '<unnamed>' (2909547) panicked at include/dav1d/picture.rs:3036:25:
assertion failed: tile_threading_active()
note: run with `RUST_BACKTRACE=1` environment variable to display a backtrace

thread 'include::dav1d::picture::row_guard_policy_tests::live_block_keeps_its_storage_when_another_decoder_changes_threading' (2909544) panicked at include/dav1d/picture.rs:3041:18:
called `Result::unwrap()` on an `Err` value: Any { .. }

note: run with `RUST_BACKTRACE=1` environment variable to display a backtrace


failures:
    include::dav1d::picture::row_guard_policy_tests::live_block_keeps_its_storage_when_another_decoder_changes_threading

test result: FAILED. 0 passed; 1 failed; 0 ignored; 0 measured; 54 filtered out; finished in 0.00s

[1m[91merror[0m: test failed, to rerun pass `-p rav1d-safe --lib`
run-heavy: done rc=101 2s | peak-RSS 0.82GiB | min-avail 27182MiB | peak-load 0.08
