run-heavy: mem-cap=16G (cgroup, hard) jobs=20/24 avail=25823MiB :: just test-mc-v512-rows
cargo nextest run --cargo-profile release-thin --no-default-features --features "bitdepth_8,bitdepth_16" --lib -E 'test(v512_active_rows_tests)' --test-threads 1
[1m[92m   Compiling[0m proc-macro2 v1.0.107
[1m[92m   Compiling[0m unicode-ident v1.0.24
[1m[92m   Compiling[0m quote v1.0.47
[1m[92m   Compiling[0m libc v0.2.189
[1m[92m   Compiling[0m cfg-if v1.0.4
[1m[92m   Compiling[0m zerocopy v0.8.56
[1m[92m   Compiling[0m bitflags v2.13.1
[1m[92m   Compiling[0m rustix v1.1.4
[1m[92m   Compiling[0m memchr v2.8.3
[1m[92m   Compiling[0m linux-raw-sys v0.12.1
[1m[92m   Compiling[0m autocfg v1.5.1
[1m[92m   Compiling[0m itoa v1.0.18
[1m[92m   Compiling[0m heck v0.5.0
[1m[92m   Compiling[0m serde_core v1.0.229
[1m[92m   Compiling[0m utf8parse v0.2.2
[1m[92m   Compiling[0m shlex v2.0.1
[1m[92m   Compiling[0m find-msvc-tools v0.1.12
[1m[92m   Compiling[0m stable_deref_trait v1.2.1
[1m[92m   Compiling[0m anstyle v1.0.14
[1m[92m   Compiling[0m is_terminal_polyfill v1.70.2
[1m[92m   Compiling[0m colorchoice v1.0.5
[1m[92m   Compiling[0m anstyle-query v1.1.5
[1m[92m   Compiling[0m anstyle-parse v1.0.0
[1m[92m   Compiling[0m zmij v1.0.23
[1m[92m   Compiling[0m serde v1.0.229
[1m[92m   Compiling[0m serde_json v1.0.151
[1m[92m   Compiling[0m cc v1.4.5
[1m[92m   Compiling[0m version_check v0.9.5
[1m[92m   Compiling[0m getrandom v0.3.4
[1m[92m   Compiling[0m strsim v0.11.1
[1m[92m   Compiling[0m bitflags v1.3.2
[1m[92m   Compiling[0m anstream v1.0.0
[1m[92m   Compiling[0m clap_lex v1.1.0
[1m[92m   Compiling[0m object v0.37.3
[1m[92m   Compiling[0m semver v1.0.28
[1m[92m   Compiling[0m log v0.4.34
[1m[92m   Compiling[0m once_cell v1.21.4
[1m[92m   Compiling[0m scopeguard v1.2.0
[1m[92m   Compiling[0m uuid v1.26.1
[1m[92m   Compiling[0m getrandom v0.4.3
[1m[92m   Compiling[0m memoffset v0.6.5
[1m[92m   Compiling[0m cpp_demangle v0.4.5
[1m[92m   Compiling[0m ahash v0.8.12
[1m[92m   Compiling[0m arrayvec v0.7.8
[1m[92m   Compiling[0m num-traits v0.2.19
[1m[92m   Compiling[0m lock_api v0.4.14
[1m[92m   Compiling[0m rustc_version v0.4.1
[1m[92m   Compiling[0m adler2 v2.0.1
[1m[92m   Compiling[0m gimli v0.32.3
[1m[92m   Compiling[0m rustc-demangle v0.1.28
[1m[92m   Compiling[0m enough v0.4.4
[1m[92m   Compiling[0m symbolic-demangle v12.18.3
[1m[92m   Compiling[0m thiserror v1.0.69
[1m[92m   Compiling[0m debugid v0.8.0
[1m[92m   Compiling[0m thiserror v2.0.21
[1m[92m   Compiling[0m whereat v0.1.5
[1m[92m   Compiling[0m smallvec v1.16.0
[1m[92m   Compiling[0m anyhow v1.0.104
[1m[92m   Compiling[0m hashbrown v0.17.1
[1m[92m   Compiling[0m equivalent v1.0.2
[1m[92m   Compiling[0m parking_lot_core v0.9.12
[1m[92m   Compiling[0m likely_stable v0.1.3
[1m[92m   Compiling[0m almost-enough v0.4.4
[1m[92m   Compiling[0m num-format v0.4.4
[1m[92m   Compiling[0m miniz_oxide v0.8.9
[1m[92m   Compiling[0m syn v2.0.119
[1m[92m   Compiling[0m syn v3.0.6
[1m[92m   Compiling[0m quick-xml v0.26.0
[1m[92m   Compiling[0m as-slice v0.2.1
[1m[92m   Compiling[0m str_stack v0.1.1
[1m[92m   Compiling[0m pprof v0.15.0
[1m[92m   Compiling[0m lazy_static v1.5.0
[1m[92m   Compiling[0m paste v1.0.15
[1m[92m   Compiling[0m fastrand v2.5.0
[1m[92m   Compiling[0m colored v2.2.0
[1m[92m   Compiling[0m aligned v0.4.3
[1m[92m   Compiling[0m spin v0.10.1
[1m[92m   Compiling[0m bitreader v0.3.11
[1m[92m   Compiling[0m indexmap v2.14.2
[1m[92m   Compiling[0m jobserver v0.1.35
[1m[92m   Compiling[0m leb128 v0.2.7
[1m[92m   Compiling[0m safe_unaligned_simd v0.2.5
[1m[92m   Compiling[0m glob-match v0.2.1
[1m[92m   Compiling[0m regex-lite v0.1.9
[1m[92m   Compiling[0m condtype v1.3.0
[1m[92m   Compiling[0m nasm-rs v0.3.2
[1m[92m   Compiling[0m byteorder v1.5.0
[1m[92m   Compiling[0m spin v0.12.3
[1m[92m   Compiling[0m fallible_collections v0.5.2
[1m[92m   Compiling[0m findshlibs v0.10.2
[1m[92m   Compiling[0m raw-cpuid v11.6.0
[1m[92m   Compiling[0m md5 v0.8.1
[1m[92m   Compiling[0m assert_matches v1.5.0
[1m[92m   Compiling[0m to_method v1.1.0
[1m[92m   Compiling[0m rav1d-safe v0.6.0 (/home/lilith/work/zen/rav1d-safe--lead-mc-v512)
[1m[92m   Compiling[0m getrandom v0.2.17
[1m[92m   Compiling[0m memmap2 v0.9.11
[1m[92m   Compiling[0m is-terminal v0.4.17
[1m[92m   Compiling[0m nix v0.23.2
[1m[92m   Compiling[0m sysinfo v0.36.1
[1m[92m   Compiling[0m nix v0.26.4
[1m[92m   Compiling[0m rand_core v0.6.4
[1m[92m   Compiling[0m symbolic-common v12.18.3
[1m[92m   Compiling[0m parking_lot v0.12.5
[1m[92m   Compiling[0m terminal_size v0.4.4
[1m[92m   Compiling[0m tempfile v3.27.0
[1m[92m   Compiling[0m fs4 v1.1.0
[1m[92m   Compiling[0m clap_builder v4.6.6
[1m[92m   Compiling[0m addr2line v0.25.1
[1m[92m   Compiling[0m zerocopy-derive v0.8.56
[1m[92m   Compiling[0m equator-macro v0.4.2
[1m[92m   Compiling[0m thiserror-impl v1.0.69
[1m[92m   Compiling[0m atomig-macro v0.4.0
[1m[92m   Compiling[0m strum_macros v0.28.0
[1m[92m   Compiling[0m divan-macros v0.1.21
[1m[92m   Compiling[0m atomig v0.4.3
[1m[92m   Compiling[0m bytemuck_derive v1.12.0
[1m[92m   Compiling[0m clap_derive v4.6.4
[1m[92m   Compiling[0m serde_derive v1.0.229
[1m[92m   Compiling[0m thiserror-impl v2.0.21
[1m[92m   Compiling[0m archmage-macros v0.9.30 (https://github.com/imazen/archmage?rev=e2dbab66ef5aa08f8e23ed05248e7d1217f58475#e2dbab66)
[1m[92m   Compiling[0m equator v0.4.2
[1m[92m   Compiling[0m aligned-vec v0.6.4
[1m[92m   Compiling[0m backtrace v0.3.76
[1m[92m   Compiling[0m bytemuck v1.25.2
[1m[92m   Compiling[0m rgb v0.8.53
[1m[92m   Compiling[0m zenpixels v0.2.16
[1m[92m   Compiling[0m archmage v0.9.30 (https://github.com/imazen/archmage?rev=e2dbab66ef5aa08f8e23ed05248e7d1217f58475#e2dbab66)
[1m[92m   Compiling[0m strum v0.28.0
[1m[92m   Compiling[0m clap v4.6.6
[1m[92m   Compiling[0m divan v0.1.21
[1m[92m   Compiling[0m zencodec v0.1.26
[1m[92m   Compiling[0m zenavif-parse v0.6.2
[1m[92m   Compiling[0m jsonrpc-types v0.3.3
[1m[92m   Compiling[0m zenbench v0.1.9
[1m[92m   Compiling[0m ppv-lite86 v0.2.21
[1m[92m   Compiling[0m rav1d-disjoint-mut v0.4.0 (/home/lilith/work/zen/rav1d-safe--lead-mc-v512/crates/rav1d-disjoint-mut)
[1m[92m   Compiling[0m inferno v0.11.21
[1m[92m   Compiling[0m rand_chacha v0.3.1
[1m[92m   Compiling[0m rand v0.8.8
[1m[92m   Compiling[0m shared_memory v0.12.4
[1m[92m   Compiling[0m tango-bench v0.8.0
[1m[92m    Finished[0m `release-thin` profile [optimized + debuginfo] target(s) in 18.64s
────────────
[32;1m Nextest run[0m ID [1m3e288b59-15b4-429f-8fdc-c416653be4a6[0m with nextest profile: [1mdefault[0m
[32;1m    Starting[0m [1m1[0m test across [1m1[0m binary ([1m123[0m tests [33;1mskipped[0m)
[31;1m        FAIL[0m [   0.004s] (1/1) [35;1mrav1d-safe[0m [36msrc::safe_simd::mc::v512_active_rows_tests[0m[36m::[0m[34;1mavx512_vertical_put_reads_only_active_rows_at_full_i16_range[0m
[31;1m [0m [31;1mstdout[0m [31;1m───[0m

    running 1 test
    test src::safe_simd::mc::v512_active_rows_tests::avx512_vertical_put_reads_only_active_rows_at_full_i16_range ... FAILED

    failures:

    failures:
        src::safe_simd::mc::v512_active_rows_tests::avx512_vertical_put_reads_only_active_rows_at_full_i16_range

    test result: FAILED. 0 passed; 1 failed; 0 ignored; 0 measured; 123 filtered out; finished in 0.00s
    [0m
[31;1m [0m [31;1mstderr[0m [31;1m───[0m

    [0m[31;1mthread 'src::safe_simd::mc::v512_active_rows_tests::avx512_vertical_put_reads_only_active_rows_at_full_i16_range' (4150752) panicked at src/safe_simd/mc.rs:3013:37:[0m
    [31;1mindex out of bounds: the len is 6 but the index is 6[0m
    note: run with `RUST_BACKTRACE=1` environment variable to display a backtrace[0m

────────────
[31;1m     Summary[0m [   0.004s] [1m1[0m test run: [1m0[0m [32;1mpassed[0m, [1m1[0m [31;1mfailed[0m, [1m123[0m [33;1mskipped[0m
[31;1m        FAIL[0m [   0.004s] (1/1) [35;1mrav1d-safe[0m [36msrc::safe_simd::mc::v512_active_rows_tests[0m[36m::[0m[34;1mavx512_vertical_put_reads_only_active_rows_at_full_i16_range[0m
[31;1merror[0m: test run failed
error: recipe `test-mc-v512-rows` failed on line 523 with exit code 100
run-heavy: done rc=100 19s | peak-RSS 1.59GiB | min-avail 23859MiB | peak-load 1.35
