run-heavy: mem-cap=16G (cgroup, hard) jobs=20/24 avail=25756MiB :: bash -c just check-mc-warp-destination-features
cargo clippy --release --no-default-features --features "bitdepth_8,bitdepth_16" --all-targets -- -D warnings
[1m[92m    Finished[0m `release` profile [optimized + debuginfo] target(s) in 0.09s
cargo clippy --release --no-default-features --features "bitdepth_8,bitdepth_16,untracked" --all-targets -- -D warnings
[1m[92m    Finished[0m `release` profile [optimized + debuginfo] target(s) in 0.07s
cargo check --target aarch64-unknown-linux-gnu --no-default-features --features "bitdepth_8,bitdepth_16"
[1m[92m   Compiling[0m proc-macro2 v1.0.107
[1m[92m    Checking[0m stable_deref_trait v1.2.1
[1m[92m    Checking[0m smallvec v1.16.0
[1m[92m    Checking[0m cfg-if v1.0.4
[1m[92m    Checking[0m scopeguard v1.2.0
[1m[92m    Checking[0m safe_unaligned_simd v0.2.5
[1m[92m    Checking[0m spin v0.12.3
[1m[92m    Checking[0m bitflags v2.13.1
[1m[92m    Checking[0m assert_matches v1.5.0
[1m[92m   Compiling[0m quote v1.0.47
[1m[92m   Compiling[0m libc v0.2.189
[1m[92m   Compiling[0m rustc_version v0.4.1
[1m[92m   Compiling[0m zerocopy v0.8.56
[1m[92m   Compiling[0m cc v1.4.5
[1m[92m   Compiling[0m parking_lot_core v0.9.12
[1m[92m   Compiling[0m paste v1.0.15
[1m[92m    Checking[0m to_method v1.1.0
[1m[92m    Checking[0m enough v0.4.4
[1m[92m    Checking[0m whereat v0.1.5
[1m[92m    Checking[0m as-slice v0.2.1
[1m[92m    Checking[0m lock_api v0.4.14
[1m[92m    Checking[0m aligned v0.4.3
[1m[92m    Checking[0m raw-cpuid v11.6.0
[1m[92m   Compiling[0m likely_stable v0.1.3
[1m[92m   Compiling[0m syn v2.0.119
[1m[92m   Compiling[0m syn v3.0.6
[1m[92m   Compiling[0m jobserver v0.1.35
[1m[92m    Checking[0m parking_lot v0.12.5
[1m[92m   Compiling[0m nasm-rs v0.3.2
[1m[92m   Compiling[0m rav1d-safe v0.6.0 (/home/lilith/work/zen/rav1d-safe)
[1m[92m   Compiling[0m equator-macro v0.4.2
[1m[92m   Compiling[0m zerocopy-derive v0.8.56
[1m[92m   Compiling[0m strum_macros v0.28.0
[1m[92m   Compiling[0m atomig-macro v0.4.0
[1m[92m   Compiling[0m archmage-macros v0.9.30 (https://github.com/imazen/archmage?rev=e2dbab66ef5aa08f8e23ed05248e7d1217f58475#e2dbab66)
[1m[92m    Checking[0m atomig v0.4.3
[1m[92m    Checking[0m equator v0.4.2
[1m[92m    Checking[0m aligned-vec v0.6.4
[1m[92m    Checking[0m archmage v0.9.30 (https://github.com/imazen/archmage?rev=e2dbab66ef5aa08f8e23ed05248e7d1217f58475#e2dbab66)
[1m[92m    Checking[0m strum v0.28.0
[1m[92m    Checking[0m rav1d-disjoint-mut v0.4.0 (/home/lilith/work/zen/rav1d-safe/crates/rav1d-disjoint-mut)
[1m[92m    Finished[0m `dev` profile [unoptimized + debuginfo] target(s) in 7.69s
cargo check --target wasm32-unknown-unknown --no-default-features --features "bitdepth_8,bitdepth_16"
[1m[92m    Checking[0m stable_deref_trait v1.2.1
[1m[92m    Checking[0m scopeguard v1.2.0
[1m[92m    Checking[0m smallvec v1.16.0
[1m[92m   Compiling[0m parking_lot_core v0.9.12
[1m[92m   Compiling[0m zerocopy v0.8.56
[1m[92m    Checking[0m cfg-if v1.0.4
[1m[92m    Checking[0m safe_unaligned_simd v0.2.5
[1m[92m    Checking[0m spin v0.12.3
[1m[92m    Checking[0m bitflags v2.13.1
[1m[92m    Checking[0m to_method v1.1.0
[1m[92m    Checking[0m assert_matches v1.5.0
[1m[92m    Checking[0m enough v0.4.4
[1m[92m    Checking[0m whereat v0.1.5
[1m[92m    Checking[0m as-slice v0.2.1
[1m[92m   Compiling[0m likely_stable v0.1.3
[1m[92m    Checking[0m equator v0.4.2
[1m[92m    Checking[0m atomig v0.4.3
[1m[92m    Checking[0m strum v0.28.0
[1m[92m    Checking[0m lock_api v0.4.14
[1m[92m   Compiling[0m rav1d-safe v0.6.0 (/home/lilith/work/zen/rav1d-safe)
[1m[92m    Checking[0m aligned v0.4.3
[1m[92m    Checking[0m archmage v0.9.30 (https://github.com/imazen/archmage?rev=e2dbab66ef5aa08f8e23ed05248e7d1217f58475#e2dbab66)
[1m[92m    Checking[0m raw-cpuid v11.6.0
[1m[92m    Checking[0m aligned-vec v0.6.4
[1m[92m    Checking[0m parking_lot v0.12.5
[1m[92m    Checking[0m rav1d-disjoint-mut v0.4.0 (/home/lilith/work/zen/rav1d-safe/crates/rav1d-disjoint-mut)
[1m[92m    Finished[0m `dev` profile [unoptimized + debuginfo] target(s) in 4.75s
cargo check --no-default-features --features "bitdepth_8,bitdepth_16,c-ffi"
[1m[92m   Compiling[0m proc-macro2 v1.0.107
[1m[92m   Compiling[0m unicode-ident v1.0.24
[1m[92m   Compiling[0m quote v1.0.47
[1m[92m   Compiling[0m libc v0.2.189
[1m[92m   Compiling[0m semver v1.0.28
[1m[92m   Compiling[0m find-msvc-tools v0.1.12
[1m[92m   Compiling[0m log v0.4.34
[1m[92m   Compiling[0m shlex v2.0.1
[1m[92m   Compiling[0m parking_lot_core v0.9.12
[1m[92m    Checking[0m stable_deref_trait v1.2.1
[1m[92m   Compiling[0m zerocopy v0.8.56
[1m[92m   Compiling[0m heck v0.5.0
[1m[92m   Compiling[0m paste v1.0.15
[1m[92m    Checking[0m cfg-if v1.0.4
[1m[92m    Checking[0m smallvec v1.16.0
[1m[92m    Checking[0m scopeguard v1.2.0
[1m[92m    Checking[0m safe_unaligned_simd v0.2.5
[1m[92m    Checking[0m bitflags v2.13.1
[1m[92m    Checking[0m spin v0.12.3
[1m[92m    Checking[0m assert_matches v1.5.0
[1m[92m    Checking[0m as-slice v0.2.1
[1m[92m    Checking[0m whereat v0.1.5
[1m[92m    Checking[0m to_method v1.1.0
[1m[92m    Checking[0m lock_api v0.4.14
[1m[92m    Checking[0m aligned v0.4.3
[1m[92m    Checking[0m enough v0.4.4
[1m[92m   Compiling[0m cc v1.4.5
[1m[92m    Checking[0m raw-cpuid v11.6.0
[1m[92m   Compiling[0m rustc_version v0.4.1
[1m[92m   Compiling[0m likely_stable v0.1.3
[1m[92m   Compiling[0m syn v2.0.119
[1m[92m   Compiling[0m syn v3.0.6
[1m[92m   Compiling[0m jobserver v0.1.35
[1m[92m    Checking[0m parking_lot v0.12.5
[1m[92m   Compiling[0m nasm-rs v0.3.2
[1m[92m   Compiling[0m rav1d-safe v0.6.0 (/home/lilith/work/zen/rav1d-safe)
[1m[92m   Compiling[0m equator-macro v0.4.2
[1m[92m   Compiling[0m zerocopy-derive v0.8.56
[1m[92m   Compiling[0m atomig-macro v0.4.0
[1m[92m   Compiling[0m strum_macros v0.28.0
[1m[92m   Compiling[0m archmage-macros v0.9.30 (https://github.com/imazen/archmage?rev=e2dbab66ef5aa08f8e23ed05248e7d1217f58475#e2dbab66)
[1m[92m    Checking[0m atomig v0.4.3
[1m[92m    Checking[0m equator v0.4.2
[1m[92m    Checking[0m aligned-vec v0.6.4
[1m[92m    Checking[0m archmage v0.9.30 (https://github.com/imazen/archmage?rev=e2dbab66ef5aa08f8e23ed05248e7d1217f58475#e2dbab66)
[1m[92m    Checking[0m strum v0.28.0
[1m[92m    Checking[0m rav1d-disjoint-mut v0.4.0 (/home/lilith/work/zen/rav1d-safe/crates/rav1d-disjoint-mut)
[1m[92m    Finished[0m `dev` profile [unoptimized + debuginfo] target(s) in 8.97s
just test-mc-warp-destination bitdepth_8,bitdepth_16,untracked
cargo nextest run --cargo-profile release-thin --no-default-features --features "bitdepth_8,bitdepth_16,untracked" --lib -E 'test(warp_scalar_tests) | test(warp_reference_windows_cover_both_strides_and_all_depths)' --test-threads 1
[1m[92m   Compiling[0m rav1d-safe v0.6.0 (/home/lilith/work/zen/rav1d-safe)
[1m[92m   Compiling[0m rav1d-disjoint-mut v0.4.0 (/home/lilith/work/zen/rav1d-safe/crates/rav1d-disjoint-mut)
[1m[92m    Finished[0m `release-thin` profile [optimized + debuginfo] target(s) in 13.19s
────────────
[32;1m Nextest run[0m ID [1m20769129-3bd8-44b9-ba61-7c8cdcd2363a[0m with nextest profile: [1mdefault[0m
[32;1m    Starting[0m [1m4[0m tests across [1m1[0m binary ([1m102[0m tests [33;1mskipped[0m)
[32;1m        PASS[0m [   0.003s] (1/4) [35;1mrav1d-safe[0m [36msrc::mc::warp_scalar_tests[0m[36m::[0m[34;1mwarp_put_high_depth_matches_scalar_with_signed_destination_rows[0m
[32;1m        PASS[0m [   0.003s] (2/4) [35;1mrav1d-safe[0m [36msrc::mc::warp_scalar_tests[0m[36m::[0m[34;1mwarp_put_matches_scalar_with_negative_destination_rows[0m
[32;1m        PASS[0m [   0.011s] (3/4) [35;1mrav1d-safe[0m [36msrc::mc::warp_scalar_tests[0m[36m::[0m[34;1mwarp_put_prep_match_scalar_with_signed_source_rows_and_all_filter_indices[0m
[32;1m        PASS[0m [   0.003s] (4/4) [35;1mrav1d-safe[0m [36msrc::safe_simd::mc::reference::tests[0m[36m::[0m[34;1mwarp_reference_windows_cover_both_strides_and_all_depths[0m
────────────
[32;1m     Summary[0m [   0.020s] [1m4[0m tests run: [1m4[0m [32;1mpassed[0m, [1m102[0m [33;1mskipped[0m
run-heavy: done rc=0 35s | peak-RSS 1.49GiB | min-avail 24101MiB | peak-load 1.64
