8-bit	data	00001106	/home/lilith/work/zen/rav1d-safe--lead-warp/test-vectors/dav1d-test-data/8-bit/data/00001106.ivf	4f6703779b84dae77cb516b8f2a2d893	0	
8-bit	data	00001107	/home/lilith/work/zen/rav1d-safe--lead-warp/test-vectors/dav1d-test-data/8-bit/data/00001107.ivf	d321a084eca5c250c417059ecc979d25	0	
8-bit	data	00001108	/home/lilith/work/zen/rav1d-safe--lead-warp/test-vectors/dav1d-test-data/8-bit/data/00001108.ivf	3e7a1206ca38ae840374aa27d65b697e	0	
8-bit	data	00001109	/home/lilith/work/zen/rav1d-safe--lead-warp/test-vectors/dav1d-test-data/8-bit/data/00001109.ivf	ff1bc2d907a99d5411ed042ab01a3b98	0	
8-bit	data	00001114	/home/lilith/work/zen/rav1d-safe--lead-warp/test-vectors/dav1d-test-data/8-bit/data/00001114.ivf	e55413807560e48cbaef17ea29e6b8f3	0	
8-bit	data	00001115	/home/lilith/work/zen/rav1d-safe--lead-warp/test-vectors/dav1d-test-data/8-bit/data/00001115.ivf	0d07f3614263c6604ea0aa51695fbeb9	0	
8-bit	data	00001116	/home/lilith/work/zen/rav1d-safe--lead-warp/test-vectors/dav1d-test-data/8-bit/data/00001116.ivf	0e0d9cd2587fb248ac06f2896a114ad4	0	
8-bit	data	00001117	/home/lilith/work/zen/rav1d-safe--lead-warp/test-vectors/dav1d-test-data/8-bit/data/00001117.ivf	2cae6afc1bfd93d1b6379f2e4b56e4d8	0	
8-bit	data	00001122	/home/lilith/work/zen/rav1d-safe--lead-warp/test-vectors/dav1d-test-data/8-bit/data/00001122.ivf	f3cba43e6ac99b3c38fa1bb4f5453a86	0	
8-bit	data	00001123	/home/lilith/work/zen/rav1d-safe--lead-warp/test-vectors/dav1d-test-data/8-bit/data/00001123.ivf	cf863e28feae0266b0d69744dba1ca20	0	
8-bit	data	00001124	/home/lilith/work/zen/rav1d-safe--lead-warp/test-vectors/dav1d-test-data/8-bit/data/00001124.ivf	a733171b2ee1348366909f417a0e5244	0	
8-bit	data	00001125	/home/lilith/work/zen/rav1d-safe--lead-warp/test-vectors/dav1d-test-data/8-bit/data/00001125.ivf	a903c162cad31c144ddd9e8cc1efdc2f	0	
8-bit	data	00001130	/home/lilith/work/zen/rav1d-safe--lead-warp/test-vectors/dav1d-test-data/8-bit/data/00001130.ivf	4082c734be866f053676b3e025d5810b	0	
8-bit	data	00001131	/home/lilith/work/zen/rav1d-safe--lead-warp/test-vectors/dav1d-test-data/8-bit/data/00001131.ivf	d4ac430b5d47793078bb8d7e7957380f	0	
8-bit	data	00001132	/home/lilith/work/zen/rav1d-safe--lead-warp/test-vectors/dav1d-test-data/8-bit/data/00001132.ivf	83db060e1c7a505617d98571aa145620	0	
8-bit	data	00001133	/home/lilith/work/zen/rav1d-safe--lead-warp/test-vectors/dav1d-test-data/8-bit/data/00001133.ivf	4082c734be866f053676b3e025d5810b	0	
8-bit	data	00001135	/home/lilith/work/zen/rav1d-safe--lead-warp/test-vectors/dav1d-test-data/8-bit/data/00001135.ivf	4082c734be866f053676b3e025d5810b	0	
8-bit	data	00001137	/home/lilith/work/zen/rav1d-safe--lead-warp/test-vectors/dav1d-test-data/8-bit/data/00001137.ivf	d4e6fabc632e7b67dfb1a19a122b4b2c	0	
8-bit	data	00001138	/home/lilith/work/zen/rav1d-safe--lead-warp/test-vectors/dav1d-test-data/8-bit/data/00001138.ivf	b2a7da1b98046ccd080c093a74dcc7b0	0	
8-bit	data	00001139	/home/lilith/work/zen/rav1d-safe--lead-warp/test-vectors/dav1d-test-data/8-bit/data/00001139.ivf	1ea917fa6569978f30d7d3358afd04c7	0	
8-bit	data	00001140	/home/lilith/work/zen/rav1d-safe--lead-warp/test-vectors/dav1d-test-data/8-bit/data/00001140.ivf	6dab3e249322de376654958560ddbd0e	0	
8-bit	data	00001141	/home/lilith/work/zen/rav1d-safe--lead-warp/test-vectors/dav1d-test-data/8-bit/data/00001141.ivf	5198db028019d2682c2c8e19934bc81a	0	
8-bit	data	00001142	/home/lilith/work/zen/rav1d-safe--lead-warp/test-vectors/dav1d-test-data/8-bit/data/00001142.ivf	763ac634c94f95dd4254b740968166e1	0	
8-bit	data	00001143	/home/lilith/work/zen/rav1d-safe--lead-warp/test-vectors/dav1d-test-data/8-bit/data/00001143.ivf	df14c8b0f71030aa1e46eb8f9a7ea59b	0	
8-bit	data	00001144	/home/lilith/work/zen/rav1d-safe--lead-warp/test-vectors/dav1d-test-data/8-bit/data/00001144.ivf	261118e98ffe921973132ae6cac797a0	0	
8-bit	data	00001145	/home/lilith/work/zen/rav1d-safe--lead-warp/test-vectors/dav1d-test-data/8-bit/data/00001145.ivf	0db2fb2dce7d1afca53dabfe93915f6d	0	
8-bit	data	00001146	/home/lilith/work/zen/rav1d-safe--lead-warp/test-vectors/dav1d-test-data/8-bit/data/00001146.ivf	5c91ead20f53d213f52b6bcf33eac72e	0	
8-bit	data	00001147	/home/lilith/work/zen/rav1d-safe--lead-warp/test-vectors/dav1d-test-data/8-bit/data/00001147.ivf	4b94c865564354437fb208caecc769c3	0	
8-bit	data	00001148	/home/lilith/work/zen/rav1d-safe--lead-warp/test-vectors/dav1d-test-data/8-bit/data/00001148.ivf	8bac9795221d6ce7497456de6723f96a	0	
8-bit	features	annexb	/home/lilith/work/zen/rav1d-safe--lead-warp/test-vectors/dav1d-test-data/8-bit/features/annexb.obu	f7f32af281ac5871d0b5de9de901588d	0	
8-bit	features	ccvb_film_grain	/home/lilith/work/zen/rav1d-safe--lead-warp/test-vectors/dav1d-test-data/8-bit/features/ccvb_film_grain.ivf	c299c8957b76bacb355434c03eb07ef6	0	
8-bit	features	ccvb_film_grain-fg	/home/lilith/work/zen/rav1d-safe--lead-warp/test-vectors/dav1d-test-data/8-bit/features/ccvb_film_grain.ivf	a934b6263b7009746cce5f5bd33224f1	1	
8-bit	features	frames_refs_short_signaling	/home/lilith/work/zen/rav1d-safe--lead-warp/test-vectors/dav1d-test-data/8-bit/features/frames_refs_short_signaling.ivf	11e09f68996af8b5566a08be68a2caa7	0	
8-bit	features	itut_t35	/home/lilith/work/zen/rav1d-safe--lead-warp/test-vectors/dav1d-test-data/8-bit/features/itut_t35.ivf	cde548be0cf63a965e3c1120c805caf9	0	
8-bit	features	long_leb	/home/lilith/work/zen/rav1d-safe--lead-warp/test-vectors/dav1d-test-data/8-bit/features/long_leb.ivf	d685b7961a77692eb4a1a4a22b3ab8ab	0	
8-bit	features	non_uniform_tiling	/home/lilith/work/zen/rav1d-safe--lead-warp/test-vectors/dav1d-test-data/8-bit/features/non_uniform_tiling.ivf	43d8ce1effb7fc38d3503d3d0f515dcb	0	
8-bit	features	redundant_frame_header	/home/lilith/work/zen/rav1d-safe--lead-warp/test-vectors/dav1d-test-data/8-bit/features/redundant_frame_header.ivf	e6ec4855e9afccd2807809398ba7ed12	0	
8-bit	features	rgb	/home/lilith/work/zen/rav1d-safe--lead-warp/test-vectors/dav1d-test-data/8-bit/features/rgb.ivf	3a98407cdaf89c3076b7cdb0f8c7a0ba	0	
8-bit	features	section5	/home/lilith/work/zen/rav1d-safe--lead-warp/test-vectors/dav1d-test-data/8-bit/features/section5.obu	f7f32af281ac5871d0b5de9de901588d	0	
8-bit	features	seq_hdr_op_param_info	/home/lilith/work/zen/rav1d-safe--lead-warp/test-vectors/dav1d-test-data/8-bit/features/seq_hdr_op_param_info.ivf	2ff74754025320e6894e389032f029c1	0	
8-bit	film_grain	420_oddheight	/home/lilith/work/zen/rav1d-safe--lead-warp/test-vectors/dav1d-test-data/8-bit/film_grain/420_oddheight.ivf	248d864983641a2af5962b7c209a5e55	1	
8-bit	film_grain	422_oddheight	/home/lilith/work/zen/rav1d-safe--lead-warp/test-vectors/dav1d-test-data/8-bit/film_grain/422_oddheight.ivf	3e1df7404891ae3bbd439270fa4fac83	1	
8-bit	film_grain	422_oddwidth	/home/lilith/work/zen/rav1d-safe--lead-warp/test-vectors/dav1d-test-data/8-bit/film_grain/422_oddwidth.ivf	84de4cff339522e8e25d429861189451	1	
8-bit	film_grain	av1-1-b8-23-film_grain-50	/home/lilith/work/zen/rav1d-safe--lead-warp/test-vectors/dav1d-test-data/8-bit/film_grain/av1-1-b8-23-film_grain-50.ivf	392a4adc567fa05b210eebe15bcbb491	1	
8-bit	film_grain	clip_0	/home/lilith/work/zen/rav1d-safe--lead-warp/test-vectors/dav1d-test-data/8-bit/film_grain/clip_0.ivf	34277bfdff05f80c2435da591de562bd	1	
8-bit	film_grain	clip_1	/home/lilith/work/zen/rav1d-safe--lead-warp/test-vectors/dav1d-test-data/8-bit/film_grain/clip_1.ivf	1deabe78654f2bb06e9b44f54ea89995	1	
8-bit	film_grain	clip_id	/home/lilith/work/zen/rav1d-safe--lead-warp/test-vectors/dav1d-test-data/8-bit/film_grain/clip_id.ivf	add701bf4a149bd69ed841499b98f9a0	1	
8-bit	intra	av1-1-b8-02-allintra	/home/lilith/work/zen/rav1d-safe--lead-warp/test-vectors/dav1d-test-data/8-bit/intra/av1-1-b8-02-allintra.ivf	4f00f5a1a173a99c1bf0406dea809182	0	
8-bit	issues	issue_1023	/home/lilith/work/zen/rav1d-safe--lead-warp/test-vectors/dav1d-test-data/8-bit/issues/1023_synth.ivf	93ee9ce7722062861d84c6c707e94706	0	
8-bit	issues	issue_182	/home/lilith/work/zen/rav1d-safe--lead-warp/test-vectors/dav1d-test-data/8-bit/issues/182_x.ivf	11e09f68996af8b5566a08be68a2caa7	0	
8-bit	issues	issue_295	/home/lilith/work/zen/rav1d-safe--lead-warp/test-vectors/dav1d-test-data/8-bit/issues/295_adst_precision.ivf	c2b1b2f8104fbcd4fbdb94b56b39e379	0	
8-bit	issues	issue_309	/home/lilith/work/zen/rav1d-safe--lead-warp/test-vectors/dav1d-test-data/8-bit/issues/309_odd_width.ivf	30d31f7c74575e58366898534a87841d	1	
8-bit	issues	issue_319	/home/lilith/work/zen/rav1d-safe--lead-warp/test-vectors/dav1d-test-data/8-bit/issues/319_order_hint_bits_1.ivf	592997e4c2802bbdc162405e1c9358ec	0	
8-bit	issues	issue_320	/home/lilith/work/zen/rav1d-safe--lead-warp/test-vectors/dav1d-test-data/8-bit/issues/320_tennis.ivf	86e9c91b80bb738693c3781e728fd7f5	0	
8-bit	issues	issue_321	/home/lilith/work/zen/rav1d-safe--lead-warp/test-vectors/dav1d-test-data/8-bit/issues/321_tennis.ivf	11d9271858495c083dcad40f31808766	0	
8-bit	issues	issue_322	/home/lilith/work/zen/rav1d-safe--lead-warp/test-vectors/dav1d-test-data/8-bit/issues/322_tennis.ivf	1879ee03958ae56cd2232d7c6716ee97	0	
8-bit	issues	issue_323	/home/lilith/work/zen/rav1d-safe--lead-warp/test-vectors/dav1d-test-data/8-bit/issues/323_tennis.ivf	75d6f07e7405f42f75725ba951bc9a55	0	
8-bit	issues	issue_324	/home/lilith/work/zen/rav1d-safe--lead-warp/test-vectors/dav1d-test-data/8-bit/issues/324_tennis.ivf	53a0ba36b3a3656e6a12efb358d71f9e	0	
8-bit	issues	issue_325	/home/lilith/work/zen/rav1d-safe--lead-warp/test-vectors/dav1d-test-data/8-bit/issues/325_tennis.ivf	54aa76d8f1aed2e86cc00c1b63ad9d53	0	
8-bit	issues	issue_326	/home/lilith/work/zen/rav1d-safe--lead-warp/test-vectors/dav1d-test-data/8-bit/issues/326_order_hint_bits_1.ivf	790178c2d60cd69ab77f80e00ec14fa0	0	
8-bit	issues	issue_327_1	/home/lilith/work/zen/rav1d-safe--lead-warp/test-vectors/dav1d-test-data/8-bit/issues/327_tennis_1.ivf	24e504b1454c2a791e78f0a895970d3d	0	
8-bit	issues	issue_327_2	/home/lilith/work/zen/rav1d-safe--lead-warp/test-vectors/dav1d-test-data/8-bit/issues/327_tennis_2.ivf	dc0609b3de072db20f9759cfe1d3685e	0	
8-bit	issues	issue_48	/home/lilith/work/zen/rav1d-safe--lead-warp/test-vectors/dav1d-test-data/8-bit/issues/48_delayed.ivf	c7f766b0340ed2ba1a46501ca40d64b9	0	
8-bit	issues	issue_86	/home/lilith/work/zen/rav1d-safe--lead-warp/test-vectors/dav1d-test-data/8-bit/issues/86_decode_model.ivf	8566478b3b017c838bb38414309a956a	0	
8-bit	mfmv	av1-1-b8-06-mfmv	/home/lilith/work/zen/rav1d-safe--lead-warp/test-vectors/dav1d-test-data/8-bit/mfmv/av1-1-b8-06-mfmv.ivf	a61843f9d9d5ed0bd8100044b34d6169	0	
8-bit	mv	av1-1-b8-05-mv	/home/lilith/work/zen/rav1d-safe--lead-warp/test-vectors/dav1d-test-data/8-bit/mv/av1-1-b8-05-mv.ivf	c2d7f9d19297ce835c9023a6533330b4	0	
8-bit	quantizer	av1-1-b8-00-quantizer-00	/home/lilith/work/zen/rav1d-safe--lead-warp/test-vectors/dav1d-test-data/8-bit/quantizer/av1-1-b8-00-quantizer-00.ivf	5306e7f80a3b0d57d751c842e4299f48	0	
8-bit	quantizer	av1-1-b8-00-quantizer-01	/home/lilith/work/zen/rav1d-safe--lead-warp/test-vectors/dav1d-test-data/8-bit/quantizer/av1-1-b8-00-quantizer-01.ivf	0e62f195d2e28bce4e5956428fd0d0bf	0	
8-bit	quantizer	av1-1-b8-00-quantizer-02	/home/lilith/work/zen/rav1d-safe--lead-warp/test-vectors/dav1d-test-data/8-bit/quantizer/av1-1-b8-00-quantizer-02.ivf	8f554aec9f48fe59ec2e9dfeaf2eab86	0	
8-bit	quantizer	av1-1-b8-00-quantizer-03	/home/lilith/work/zen/rav1d-safe--lead-warp/test-vectors/dav1d-test-data/8-bit/quantizer/av1-1-b8-00-quantizer-03.ivf	0dbedc47c56b6f681fede767cfe5e0a6	0	
8-bit	quantizer	av1-1-b8-00-quantizer-04	/home/lilith/work/zen/rav1d-safe--lead-warp/test-vectors/dav1d-test-data/8-bit/quantizer/av1-1-b8-00-quantizer-04.ivf	fea157bf1451c9db59c17f823113a340	0	
8-bit	quantizer	av1-1-b8-00-quantizer-05	/home/lilith/work/zen/rav1d-safe--lead-warp/test-vectors/dav1d-test-data/8-bit/quantizer/av1-1-b8-00-quantizer-05.ivf	d7a40cb9e12900a492ffe7ce2a164931	0	
8-bit	quantizer	av1-1-b8-00-quantizer-06	/home/lilith/work/zen/rav1d-safe--lead-warp/test-vectors/dav1d-test-data/8-bit/quantizer/av1-1-b8-00-quantizer-06.ivf	12153ecdf74ab1cf7a6354a16d8f472d	0	
8-bit	quantizer	av1-1-b8-00-quantizer-07	/home/lilith/work/zen/rav1d-safe--lead-warp/test-vectors/dav1d-test-data/8-bit/quantizer/av1-1-b8-00-quantizer-07.ivf	fae32ead04160e1c6cf7ead61aa24bf2	0	
8-bit	quantizer	av1-1-b8-00-quantizer-08	/home/lilith/work/zen/rav1d-safe--lead-warp/test-vectors/dav1d-test-data/8-bit/quantizer/av1-1-b8-00-quantizer-08.ivf	c4e3f6472b12d64e3c4593bd28f16eba	0	
8-bit	quantizer	av1-1-b8-00-quantizer-09	/home/lilith/work/zen/rav1d-safe--lead-warp/test-vectors/dav1d-test-data/8-bit/quantizer/av1-1-b8-00-quantizer-09.ivf	c1c385b89e79b372b2b335fc8cbabd12	0	
8-bit	quantizer	av1-1-b8-00-quantizer-10	/home/lilith/work/zen/rav1d-safe--lead-warp/test-vectors/dav1d-test-data/8-bit/quantizer/av1-1-b8-00-quantizer-10.ivf	3807656c87ffd14ff797015c141bdee8	0	
8-bit	quantizer	av1-1-b8-00-quantizer-11	/home/lilith/work/zen/rav1d-safe--lead-warp/test-vectors/dav1d-test-data/8-bit/quantizer/av1-1-b8-00-quantizer-11.ivf	d5047ba5a149a8673352291f38270385	0	
8-bit	quantizer	av1-1-b8-00-quantizer-12	/home/lilith/work/zen/rav1d-safe--lead-warp/test-vectors/dav1d-test-data/8-bit/quantizer/av1-1-b8-00-quantizer-12.ivf	d962782613dbed89bf261eab45222400	0	
8-bit	quantizer	av1-1-b8-00-quantizer-13	/home/lilith/work/zen/rav1d-safe--lead-warp/test-vectors/dav1d-test-data/8-bit/quantizer/av1-1-b8-00-quantizer-13.ivf	d5a9c2b1ef5860bc78f5baa4aca594a2	0	
8-bit	quantizer	av1-1-b8-00-quantizer-14	/home/lilith/work/zen/rav1d-safe--lead-warp/test-vectors/dav1d-test-data/8-bit/quantizer/av1-1-b8-00-quantizer-14.ivf	32546915ddf79f21c7ec97fe4019bb15	0	
8-bit	quantizer	av1-1-b8-00-quantizer-15	/home/lilith/work/zen/rav1d-safe--lead-warp/test-vectors/dav1d-test-data/8-bit/quantizer/av1-1-b8-00-quantizer-15.ivf	9f1820803e8913cdb38129c527fa8ddb	0	
8-bit	quantizer	av1-1-b8-00-quantizer-16	/home/lilith/work/zen/rav1d-safe--lead-warp/test-vectors/dav1d-test-data/8-bit/quantizer/av1-1-b8-00-quantizer-16.ivf	39621a3edebc59514af83da5eb0f47e1	0	
8-bit	quantizer	av1-1-b8-00-quantizer-17	/home/lilith/work/zen/rav1d-safe--lead-warp/test-vectors/dav1d-test-data/8-bit/quantizer/av1-1-b8-00-quantizer-17.ivf	689f5841061cd3ce7fa507a4125a6e94	0	
8-bit	quantizer	av1-1-b8-00-quantizer-18	/home/lilith/work/zen/rav1d-safe--lead-warp/test-vectors/dav1d-test-data/8-bit/quantizer/av1-1-b8-00-quantizer-18.ivf	4b7d32f43443a88af5fef7b767ccb85b	0	
8-bit	quantizer	av1-1-b8-00-quantizer-19	/home/lilith/work/zen/rav1d-safe--lead-warp/test-vectors/dav1d-test-data/8-bit/quantizer/av1-1-b8-00-quantizer-19.ivf	d544e8884f447043fc3d0267269db036	0	
8-bit	quantizer	av1-1-b8-00-quantizer-20	/home/lilith/work/zen/rav1d-safe--lead-warp/test-vectors/dav1d-test-data/8-bit/quantizer/av1-1-b8-00-quantizer-20.ivf	0de0adfd3b6ebe2fa98eeedba9ff2e20	0	
8-bit	quantizer	av1-1-b8-00-quantizer-21	/home/lilith/work/zen/rav1d-safe--lead-warp/test-vectors/dav1d-test-data/8-bit/quantizer/av1-1-b8-00-quantizer-21.ivf	f44561202aa0e2152371ab12cf9f05be	0	
8-bit	quantizer	av1-1-b8-00-quantizer-22	/home/lilith/work/zen/rav1d-safe--lead-warp/test-vectors/dav1d-test-data/8-bit/quantizer/av1-1-b8-00-quantizer-22.ivf	162714f0b301a18000947aa8e7e428fb	0	
8-bit	quantizer	av1-1-b8-00-quantizer-23	/home/lilith/work/zen/rav1d-safe--lead-warp/test-vectors/dav1d-test-data/8-bit/quantizer/av1-1-b8-00-quantizer-23.ivf	7dec374ab0aa0c9a828eba119f8ac877	0	
8-bit	quantizer	av1-1-b8-00-quantizer-24	/home/lilith/work/zen/rav1d-safe--lead-warp/test-vectors/dav1d-test-data/8-bit/quantizer/av1-1-b8-00-quantizer-24.ivf	361869eb168919facc445f099d39a3a1	0	
8-bit	quantizer	av1-1-b8-00-quantizer-25	/home/lilith/work/zen/rav1d-safe--lead-warp/test-vectors/dav1d-test-data/8-bit/quantizer/av1-1-b8-00-quantizer-25.ivf	ecc4242bdd2a8c42b8dfd89c40fb798d	0	
8-bit	quantizer	av1-1-b8-00-quantizer-26	/home/lilith/work/zen/rav1d-safe--lead-warp/test-vectors/dav1d-test-data/8-bit/quantizer/av1-1-b8-00-quantizer-26.ivf	8aafc63a2493b4ecc5c7bda2f1f74486	0	
8-bit	quantizer	av1-1-b8-00-quantizer-27	/home/lilith/work/zen/rav1d-safe--lead-warp/test-vectors/dav1d-test-data/8-bit/quantizer/av1-1-b8-00-quantizer-27.ivf	9815386f30ac2141d22f08e27bb36429	0	
8-bit	quantizer	av1-1-b8-00-quantizer-28	/home/lilith/work/zen/rav1d-safe--lead-warp/test-vectors/dav1d-test-data/8-bit/quantizer/av1-1-b8-00-quantizer-28.ivf	09389e12564fc4e0c365b11269d80c18	0	
8-bit	quantizer	av1-1-b8-00-quantizer-29	/home/lilith/work/zen/rav1d-safe--lead-warp/test-vectors/dav1d-test-data/8-bit/quantizer/av1-1-b8-00-quantizer-29.ivf	35757efa0df087c3b026f63941f636ab	0	
8-bit	quantizer	av1-1-b8-00-quantizer-30	/home/lilith/work/zen/rav1d-safe--lead-warp/test-vectors/dav1d-test-data/8-bit/quantizer/av1-1-b8-00-quantizer-30.ivf	47520d21726c5580bdf19bfdb9f349f5	0	
8-bit	quantizer	av1-1-b8-00-quantizer-31	/home/lilith/work/zen/rav1d-safe--lead-warp/test-vectors/dav1d-test-data/8-bit/quantizer/av1-1-b8-00-quantizer-31.ivf	853cc6f04758d2448cf13f581237c483	0	
8-bit	quantizer	av1-1-b8-00-quantizer-32	/home/lilith/work/zen/rav1d-safe--lead-warp/test-vectors/dav1d-test-data/8-bit/quantizer/av1-1-b8-00-quantizer-32.ivf	5d7b65619f24c25c5f6e480b99357891	0	
8-bit	quantizer	av1-1-b8-00-quantizer-33	/home/lilith/work/zen/rav1d-safe--lead-warp/test-vectors/dav1d-test-data/8-bit/quantizer/av1-1-b8-00-quantizer-33.ivf	8c8c0f061746c9bf4f7b0dac73b3c894	0	
8-bit	quantizer	av1-1-b8-00-quantizer-34	/home/lilith/work/zen/rav1d-safe--lead-warp/test-vectors/dav1d-test-data/8-bit/quantizer/av1-1-b8-00-quantizer-34.ivf	e2f44febbd5f97ae39fdb6f2628179ca	0	
8-bit	quantizer	av1-1-b8-00-quantizer-35	/home/lilith/work/zen/rav1d-safe--lead-warp/test-vectors/dav1d-test-data/8-bit/quantizer/av1-1-b8-00-quantizer-35.ivf	e5b24445ecf53b3d1b45f3f3c4be23d3	0	
8-bit	quantizer	av1-1-b8-00-quantizer-36	/home/lilith/work/zen/rav1d-safe--lead-warp/test-vectors/dav1d-test-data/8-bit/quantizer/av1-1-b8-00-quantizer-36.ivf	f544a0c76d97055714f9bf5bd027b305	0	
8-bit	quantizer	av1-1-b8-00-quantizer-37	/home/lilith/work/zen/rav1d-safe--lead-warp/test-vectors/dav1d-test-data/8-bit/quantizer/av1-1-b8-00-quantizer-37.ivf	2235cb6e2691a303692a1987dbee66e9	0	
8-bit	quantizer	av1-1-b8-00-quantizer-38	/home/lilith/work/zen/rav1d-safe--lead-warp/test-vectors/dav1d-test-data/8-bit/quantizer/av1-1-b8-00-quantizer-38.ivf	1b0b9eb7a6205fd7993c57c522a4907b	0	
8-bit	quantizer	av1-1-b8-00-quantizer-39	/home/lilith/work/zen/rav1d-safe--lead-warp/test-vectors/dav1d-test-data/8-bit/quantizer/av1-1-b8-00-quantizer-39.ivf	e2b088ea535390fc253afe48aa87f96c	0	
8-bit	quantizer	av1-1-b8-00-quantizer-40	/home/lilith/work/zen/rav1d-safe--lead-warp/test-vectors/dav1d-test-data/8-bit/quantizer/av1-1-b8-00-quantizer-40.ivf	74752aaa8e561e5b2dd1ffb92ee453df	0	
8-bit	quantizer	av1-1-b8-00-quantizer-41	/home/lilith/work/zen/rav1d-safe--lead-warp/test-vectors/dav1d-test-data/8-bit/quantizer/av1-1-b8-00-quantizer-41.ivf	c02a137af44771f9e2f5c61adc535deb	0	
8-bit	quantizer	av1-1-b8-00-quantizer-42	/home/lilith/work/zen/rav1d-safe--lead-warp/test-vectors/dav1d-test-data/8-bit/quantizer/av1-1-b8-00-quantizer-42.ivf	aadea3262b1f5e8e255208d413f02264	0	
8-bit	quantizer	av1-1-b8-00-quantizer-43	/home/lilith/work/zen/rav1d-safe--lead-warp/test-vectors/dav1d-test-data/8-bit/quantizer/av1-1-b8-00-quantizer-43.ivf	67b29dc956ca9cbdf1e5da63917a6f01	0	
8-bit	quantizer	av1-1-b8-00-quantizer-44	/home/lilith/work/zen/rav1d-safe--lead-warp/test-vectors/dav1d-test-data/8-bit/quantizer/av1-1-b8-00-quantizer-44.ivf	900bd18b2c74ec8942da2659074999e1	0	
8-bit	quantizer	av1-1-b8-00-quantizer-45	/home/lilith/work/zen/rav1d-safe--lead-warp/test-vectors/dav1d-test-data/8-bit/quantizer/av1-1-b8-00-quantizer-45.ivf	840c070446c54ab9ab2c40a4a97d7a89	0	
8-bit	quantizer	av1-1-b8-00-quantizer-46	/home/lilith/work/zen/rav1d-safe--lead-warp/test-vectors/dav1d-test-data/8-bit/quantizer/av1-1-b8-00-quantizer-46.ivf	6f1d905bbeff9d71500bfee3463cc619	0	
8-bit	quantizer	av1-1-b8-00-quantizer-47	/home/lilith/work/zen/rav1d-safe--lead-warp/test-vectors/dav1d-test-data/8-bit/quantizer/av1-1-b8-00-quantizer-47.ivf	2dceaabc74c8a2a8b62a10734f80831d	0	
8-bit	quantizer	av1-1-b8-00-quantizer-48	/home/lilith/work/zen/rav1d-safe--lead-warp/test-vectors/dav1d-test-data/8-bit/quantizer/av1-1-b8-00-quantizer-48.ivf	f3abdad30cf8fc019a5d9699f676e275	0	
8-bit	quantizer	av1-1-b8-00-quantizer-49	/home/lilith/work/zen/rav1d-safe--lead-warp/test-vectors/dav1d-test-data/8-bit/quantizer/av1-1-b8-00-quantizer-49.ivf	3b3de8bb56589c5b244c844f9f176bed	0	
8-bit	quantizer	av1-1-b8-00-quantizer-50	/home/lilith/work/zen/rav1d-safe--lead-warp/test-vectors/dav1d-test-data/8-bit/quantizer/av1-1-b8-00-quantizer-50.ivf	548107963e1dda19ebbe984a9750d60a	0	
8-bit	quantizer	av1-1-b8-00-quantizer-51	/home/lilith/work/zen/rav1d-safe--lead-warp/test-vectors/dav1d-test-data/8-bit/quantizer/av1-1-b8-00-quantizer-51.ivf	fe42d9aaadae496ea3ad592b8b9a9c4d	0	
8-bit	quantizer	av1-1-b8-00-quantizer-52	/home/lilith/work/zen/rav1d-safe--lead-warp/test-vectors/dav1d-test-data/8-bit/quantizer/av1-1-b8-00-quantizer-52.ivf	0c2bdd07dfc4c52cd73a09d7a1c8bcfd	0	
8-bit	quantizer	av1-1-b8-00-quantizer-53	/home/lilith/work/zen/rav1d-safe--lead-warp/test-vectors/dav1d-test-data/8-bit/quantizer/av1-1-b8-00-quantizer-53.ivf	31b66cf4e32e87c036cce8d6a570c98c	0	
8-bit	quantizer	av1-1-b8-00-quantizer-54	/home/lilith/work/zen/rav1d-safe--lead-warp/test-vectors/dav1d-test-data/8-bit/quantizer/av1-1-b8-00-quantizer-54.ivf	a04da7fb248fc013c24661de0aceabb7	0	
8-bit	quantizer	av1-1-b8-00-quantizer-55	/home/lilith/work/zen/rav1d-safe--lead-warp/test-vectors/dav1d-test-data/8-bit/quantizer/av1-1-b8-00-quantizer-55.ivf	fecb142875ec89df3ca2695366dfb77a	0	
8-bit	quantizer	av1-1-b8-00-quantizer-56	/home/lilith/work/zen/rav1d-safe--lead-warp/test-vectors/dav1d-test-data/8-bit/quantizer/av1-1-b8-00-quantizer-56.ivf	3619ce78f6e8975766e639a1d29eb70b	0	
8-bit	quantizer	av1-1-b8-00-quantizer-57	/home/lilith/work/zen/rav1d-safe--lead-warp/test-vectors/dav1d-test-data/8-bit/quantizer/av1-1-b8-00-quantizer-57.ivf	9cd00611b5bb6bf43a1e97503c7806c5	0	
8-bit	quantizer	av1-1-b8-00-quantizer-58	/home/lilith/work/zen/rav1d-safe--lead-warp/test-vectors/dav1d-test-data/8-bit/quantizer/av1-1-b8-00-quantizer-58.ivf	bc9c57d1794c3339872299d7677998ad	0	
8-bit	quantizer	av1-1-b8-00-quantizer-59	/home/lilith/work/zen/rav1d-safe--lead-warp/test-vectors/dav1d-test-data/8-bit/quantizer/av1-1-b8-00-quantizer-59.ivf	e10186b8f16a0eb71555eb4b0f694f6e	0	
8-bit	quantizer	av1-1-b8-00-quantizer-60	/home/lilith/work/zen/rav1d-safe--lead-warp/test-vectors/dav1d-test-data/8-bit/quantizer/av1-1-b8-00-quantizer-60.ivf	f725e361a56fb31389d5dc2fcd74e7b9	0	
8-bit	quantizer	av1-1-b8-00-quantizer-61	/home/lilith/work/zen/rav1d-safe--lead-warp/test-vectors/dav1d-test-data/8-bit/quantizer/av1-1-b8-00-quantizer-61.ivf	25775c888515c20cbdfda551a0171d3b	0	
8-bit	quantizer	av1-1-b8-00-quantizer-62	/home/lilith/work/zen/rav1d-safe--lead-warp/test-vectors/dav1d-test-data/8-bit/quantizer/av1-1-b8-00-quantizer-62.ivf	978f9a5c7c42cc6633ecfd1ca77cfff4	0	
8-bit	quantizer	av1-1-b8-00-quantizer-63	/home/lilith/work/zen/rav1d-safe--lead-warp/test-vectors/dav1d-test-data/8-bit/quantizer/av1-1-b8-00-quantizer-63.ivf	4f26fa331cd661e833d3d94e6b0e0e4e	0	
8-bit	resize	av1-1-b8-03-sizedown	/home/lilith/work/zen/rav1d-safe--lead-warp/test-vectors/dav1d-test-data/8-bit/resize/av1-1-b8-03-sizedown.ivf	075252f55c207f437c412e0f45eb7b84	0	
8-bit	resize	av1-1-b8-03-sizeup	/home/lilith/work/zen/rav1d-safe--lead-warp/test-vectors/dav1d-test-data/8-bit/resize/av1-1-b8-03-sizeup.ivf	9fc474a2842a5632757e4e0cb7492ad4	0	
8-bit	sframe	autostitch-480p-240p-160p	/home/lilith/work/zen/rav1d-safe--lead-warp/test-vectors/dav1d-test-data/8-bit/sframe/autostitch-480p-240p-160p.ivf	e2550fe403e83cae20d1abe044a87cae	0	--limit=300
8-bit	sframe	autostitch-480p-240p-160p-10s	/home/lilith/work/zen/rav1d-safe--lead-warp/test-vectors/dav1d-test-data/8-bit/sframe/autostitch-480p-240p-160p-10s.ivf	5be667329ee6d684db4fc540d97f919c	0	
8-bit	size	av1-1-b8-01-size-16x16	/home/lilith/work/zen/rav1d-safe--lead-warp/test-vectors/dav1d-test-data/8-bit/size/av1-1-b8-01-size-16x16.ivf	0d627c5089fa1595c6e7c0626b882bb4	0	
8-bit	size	av1-1-b8-01-size-16x18	/home/lilith/work/zen/rav1d-safe--lead-warp/test-vectors/dav1d-test-data/8-bit/size/av1-1-b8-01-size-16x18.ivf	28bbb9b7cde14301a99c5c40c2512df2	0	
8-bit	size	av1-1-b8-01-size-16x32	/home/lilith/work/zen/rav1d-safe--lead-warp/test-vectors/dav1d-test-data/8-bit/size/av1-1-b8-01-size-16x32.ivf	0c5a983e19c801819de51c6218e8a910	0	
8-bit	size	av1-1-b8-01-size-16x34	/home/lilith/work/zen/rav1d-safe--lead-warp/test-vectors/dav1d-test-data/8-bit/size/av1-1-b8-01-size-16x34.ivf	4a634513d463f6a2be476e51beb43e60	0	
8-bit	size	av1-1-b8-01-size-16x64	/home/lilith/work/zen/rav1d-safe--lead-warp/test-vectors/dav1d-test-data/8-bit/size/av1-1-b8-01-size-16x64.ivf	3559bb12a2e42f648305dbdbfd85842e	0	
8-bit	size	av1-1-b8-01-size-16x66	/home/lilith/work/zen/rav1d-safe--lead-warp/test-vectors/dav1d-test-data/8-bit/size/av1-1-b8-01-size-16x66.ivf	fe256b9612705a73b9242ae164a75066	0	
8-bit	size	av1-1-b8-01-size-18x16	/home/lilith/work/zen/rav1d-safe--lead-warp/test-vectors/dav1d-test-data/8-bit/size/av1-1-b8-01-size-18x16.ivf	43e2e0d89c2077890c9bf297f069bede	0	
8-bit	size	av1-1-b8-01-size-18x18	/home/lilith/work/zen/rav1d-safe--lead-warp/test-vectors/dav1d-test-data/8-bit/size/av1-1-b8-01-size-18x18.ivf	cf2231c8bdbf11519b1f93772ad663eb	0	
8-bit	size	av1-1-b8-01-size-18x32	/home/lilith/work/zen/rav1d-safe--lead-warp/test-vectors/dav1d-test-data/8-bit/size/av1-1-b8-01-size-18x32.ivf	5cda44fbd480a6ed2ab7473d201dd69c	0	
8-bit	size	av1-1-b8-01-size-18x34	/home/lilith/work/zen/rav1d-safe--lead-warp/test-vectors/dav1d-test-data/8-bit/size/av1-1-b8-01-size-18x34.ivf	29c5953f66f4bb9f3b6a260a3cb2e9d3	0	
8-bit	size	av1-1-b8-01-size-18x64	/home/lilith/work/zen/rav1d-safe--lead-warp/test-vectors/dav1d-test-data/8-bit/size/av1-1-b8-01-size-18x64.ivf	57dc0496e47a42d414a8dfe3110779ea	0	
8-bit	size	av1-1-b8-01-size-18x66	/home/lilith/work/zen/rav1d-safe--lead-warp/test-vectors/dav1d-test-data/8-bit/size/av1-1-b8-01-size-18x66.ivf	97116b88ce33a55d515774510492cc92	0	
8-bit	size	av1-1-b8-01-size-196x196	/home/lilith/work/zen/rav1d-safe--lead-warp/test-vectors/dav1d-test-data/8-bit/size/av1-1-b8-01-size-196x196.ivf	e88e97f333e4c9fa38e18c0b9a63a90d	0	
8-bit	size	av1-1-b8-01-size-196x198	/home/lilith/work/zen/rav1d-safe--lead-warp/test-vectors/dav1d-test-data/8-bit/size/av1-1-b8-01-size-196x198.ivf	4dbddfa86964c77c2cf2ad94334936fc	0	
8-bit	size	av1-1-b8-01-size-196x200	/home/lilith/work/zen/rav1d-safe--lead-warp/test-vectors/dav1d-test-data/8-bit/size/av1-1-b8-01-size-196x200.ivf	05332a9ee03e8653f81b1ca2cbf65d9c	0	
8-bit	size	av1-1-b8-01-size-196x202	/home/lilith/work/zen/rav1d-safe--lead-warp/test-vectors/dav1d-test-data/8-bit/size/av1-1-b8-01-size-196x202.ivf	9f7a99dd456ee072481310c16c7d5146	0	
8-bit	size	av1-1-b8-01-size-196x208	/home/lilith/work/zen/rav1d-safe--lead-warp/test-vectors/dav1d-test-data/8-bit/size/av1-1-b8-01-size-196x208.ivf	d4ddede6ce632c67c9f09086b94c9651	0	
8-bit	size	av1-1-b8-01-size-196x210	/home/lilith/work/zen/rav1d-safe--lead-warp/test-vectors/dav1d-test-data/8-bit/size/av1-1-b8-01-size-196x210.ivf	a1542967f9f89e275a3b90a6d7b871dd	0	
8-bit	size	av1-1-b8-01-size-196x224	/home/lilith/work/zen/rav1d-safe--lead-warp/test-vectors/dav1d-test-data/8-bit/size/av1-1-b8-01-size-196x224.ivf	5599969f786caca97ae2d8bd9d7a4d2a	0	
8-bit	size	av1-1-b8-01-size-196x226	/home/lilith/work/zen/rav1d-safe--lead-warp/test-vectors/dav1d-test-data/8-bit/size/av1-1-b8-01-size-196x226.ivf	ac99ea48ccea2e62e818e36a3d242140	0	
8-bit	size	av1-1-b8-01-size-198x196	/home/lilith/work/zen/rav1d-safe--lead-warp/test-vectors/dav1d-test-data/8-bit/size/av1-1-b8-01-size-198x196.ivf	fd1eb775c7cdd03cbd784cdb096f70a2	0	
8-bit	size	av1-1-b8-01-size-198x198	/home/lilith/work/zen/rav1d-safe--lead-warp/test-vectors/dav1d-test-data/8-bit/size/av1-1-b8-01-size-198x198.ivf	e13947b78afb7aefaf9e3e632a0fc17f	0	
