8-bit	size	av1-1-b8-01-size-198x200	/home/lilith/work/zen/rav1d-safe--lead-warp/test-vectors/dav1d-test-data/8-bit/size/av1-1-b8-01-size-198x200.ivf	f5e642b002699e638c8d018eee62637b	0	
8-bit	size	av1-1-b8-01-size-198x202	/home/lilith/work/zen/rav1d-safe--lead-warp/test-vectors/dav1d-test-data/8-bit/size/av1-1-b8-01-size-198x202.ivf	924befff196c3b56b9f69272867e97a7	0	
8-bit	size	av1-1-b8-01-size-198x208	/home/lilith/work/zen/rav1d-safe--lead-warp/test-vectors/dav1d-test-data/8-bit/size/av1-1-b8-01-size-198x208.ivf	c5f29a90d5261aa9fc5c74c6df124489	0	
8-bit	size	av1-1-b8-01-size-198x210	/home/lilith/work/zen/rav1d-safe--lead-warp/test-vectors/dav1d-test-data/8-bit/size/av1-1-b8-01-size-198x210.ivf	d54e893722f0c9a6491d7456a89416ea	0	
8-bit	size	av1-1-b8-01-size-198x224	/home/lilith/work/zen/rav1d-safe--lead-warp/test-vectors/dav1d-test-data/8-bit/size/av1-1-b8-01-size-198x224.ivf	480f158807998882252455e97107aa2b	0	
8-bit	size	av1-1-b8-01-size-198x226	/home/lilith/work/zen/rav1d-safe--lead-warp/test-vectors/dav1d-test-data/8-bit/size/av1-1-b8-01-size-198x226.ivf	369526b5365a1dd014a982833414aefb	0	
8-bit	size	av1-1-b8-01-size-200x196	/home/lilith/work/zen/rav1d-safe--lead-warp/test-vectors/dav1d-test-data/8-bit/size/av1-1-b8-01-size-200x196.ivf	417b459c1641bcb977ffcfe5c8379532	0	
8-bit	size	av1-1-b8-01-size-200x198	/home/lilith/work/zen/rav1d-safe--lead-warp/test-vectors/dav1d-test-data/8-bit/size/av1-1-b8-01-size-200x198.ivf	ce143205e863c1a1adfda23d192a8eaa	0	
8-bit	size	av1-1-b8-01-size-200x200	/home/lilith/work/zen/rav1d-safe--lead-warp/test-vectors/dav1d-test-data/8-bit/size/av1-1-b8-01-size-200x200.ivf	89f4260d13c3bf4b37c25f429dc53398	0	
8-bit	size	av1-1-b8-01-size-200x202	/home/lilith/work/zen/rav1d-safe--lead-warp/test-vectors/dav1d-test-data/8-bit/size/av1-1-b8-01-size-200x202.ivf	a02ebee25913f06d13ecb7805225092b	0	
8-bit	size	av1-1-b8-01-size-200x208	/home/lilith/work/zen/rav1d-safe--lead-warp/test-vectors/dav1d-test-data/8-bit/size/av1-1-b8-01-size-200x208.ivf	44c0729d9a5501c02953ebcda934e0b6	0	
8-bit	size	av1-1-b8-01-size-200x210	/home/lilith/work/zen/rav1d-safe--lead-warp/test-vectors/dav1d-test-data/8-bit/size/av1-1-b8-01-size-200x210.ivf	598bea10eb28dcf11d615306bf5e2d6c	0	
8-bit	size	av1-1-b8-01-size-200x224	/home/lilith/work/zen/rav1d-safe--lead-warp/test-vectors/dav1d-test-data/8-bit/size/av1-1-b8-01-size-200x224.ivf	33e100596771d91641f9941df8a6f341	0	
8-bit	size	av1-1-b8-01-size-200x226	/home/lilith/work/zen/rav1d-safe--lead-warp/test-vectors/dav1d-test-data/8-bit/size/av1-1-b8-01-size-200x226.ivf	dd58cb951625357094575a2b591781ee	0	
8-bit	size	av1-1-b8-01-size-202x196	/home/lilith/work/zen/rav1d-safe--lead-warp/test-vectors/dav1d-test-data/8-bit/size/av1-1-b8-01-size-202x196.ivf	44c699faf8b5946c7b52618d79c7ed72	0	
8-bit	size	av1-1-b8-01-size-202x198	/home/lilith/work/zen/rav1d-safe--lead-warp/test-vectors/dav1d-test-data/8-bit/size/av1-1-b8-01-size-202x198.ivf	b2f90b3bb62fe8f6f37b38f93b1b07de	0	
8-bit	size	av1-1-b8-01-size-202x200	/home/lilith/work/zen/rav1d-safe--lead-warp/test-vectors/dav1d-test-data/8-bit/size/av1-1-b8-01-size-202x200.ivf	5f0a277791a1fc1b1e9f64cde008ce50	0	
8-bit	size	av1-1-b8-01-size-202x202	/home/lilith/work/zen/rav1d-safe--lead-warp/test-vectors/dav1d-test-data/8-bit/size/av1-1-b8-01-size-202x202.ivf	fad85869164b4eee67755002d38f2d89	0	
8-bit	size	av1-1-b8-01-size-202x208	/home/lilith/work/zen/rav1d-safe--lead-warp/test-vectors/dav1d-test-data/8-bit/size/av1-1-b8-01-size-202x208.ivf	b7b3bfca04e8145e64a9265095266205	0	
8-bit	size	av1-1-b8-01-size-202x210	/home/lilith/work/zen/rav1d-safe--lead-warp/test-vectors/dav1d-test-data/8-bit/size/av1-1-b8-01-size-202x210.ivf	c5196a544ee1beb082426a5d9aff6cda	0	
8-bit	size	av1-1-b8-01-size-202x224	/home/lilith/work/zen/rav1d-safe--lead-warp/test-vectors/dav1d-test-data/8-bit/size/av1-1-b8-01-size-202x224.ivf	d3098938ac8ecf7e6d1d4bec449e0ffb	0	
8-bit	size	av1-1-b8-01-size-202x226	/home/lilith/work/zen/rav1d-safe--lead-warp/test-vectors/dav1d-test-data/8-bit/size/av1-1-b8-01-size-202x226.ivf	585f48b79d0578fe4d9af7717dc05c72	0	
8-bit	size	av1-1-b8-01-size-208x196	/home/lilith/work/zen/rav1d-safe--lead-warp/test-vectors/dav1d-test-data/8-bit/size/av1-1-b8-01-size-208x196.ivf	015c4cf1963d0d9926cc6db321f5296a	0	
8-bit	size	av1-1-b8-01-size-208x198	/home/lilith/work/zen/rav1d-safe--lead-warp/test-vectors/dav1d-test-data/8-bit/size/av1-1-b8-01-size-208x198.ivf	a9cad50b4f46192ec533f4ec33d3a85e	0	
8-bit	size	av1-1-b8-01-size-208x200	/home/lilith/work/zen/rav1d-safe--lead-warp/test-vectors/dav1d-test-data/8-bit/size/av1-1-b8-01-size-208x200.ivf	94f13e99351e96673d798be708ba9b31	0	
8-bit	size	av1-1-b8-01-size-208x202	/home/lilith/work/zen/rav1d-safe--lead-warp/test-vectors/dav1d-test-data/8-bit/size/av1-1-b8-01-size-208x202.ivf	a9721471ca8a6665c37dc28f5d0ab042	0	
8-bit	size	av1-1-b8-01-size-208x208	/home/lilith/work/zen/rav1d-safe--lead-warp/test-vectors/dav1d-test-data/8-bit/size/av1-1-b8-01-size-208x208.ivf	12a694b3e43f473c69536ad8d8675b80	0	
8-bit	size	av1-1-b8-01-size-208x210	/home/lilith/work/zen/rav1d-safe--lead-warp/test-vectors/dav1d-test-data/8-bit/size/av1-1-b8-01-size-208x210.ivf	96ddb03bb5d0bcbb04b44792f848d726	0	
8-bit	size	av1-1-b8-01-size-208x224	/home/lilith/work/zen/rav1d-safe--lead-warp/test-vectors/dav1d-test-data/8-bit/size/av1-1-b8-01-size-208x224.ivf	c41edb6fbbc881ab1c50735b80eb3ce5	0	
8-bit	size	av1-1-b8-01-size-208x226	/home/lilith/work/zen/rav1d-safe--lead-warp/test-vectors/dav1d-test-data/8-bit/size/av1-1-b8-01-size-208x226.ivf	92ccba250e5384ea4a1fab6cdb07a77b	0	
8-bit	size	av1-1-b8-01-size-210x196	/home/lilith/work/zen/rav1d-safe--lead-warp/test-vectors/dav1d-test-data/8-bit/size/av1-1-b8-01-size-210x196.ivf	f971cd738538456e2e24667e0b50b89f	0	
8-bit	size	av1-1-b8-01-size-210x198	/home/lilith/work/zen/rav1d-safe--lead-warp/test-vectors/dav1d-test-data/8-bit/size/av1-1-b8-01-size-210x198.ivf	62cc082bcb3f8ebcc3c76312a7b62089	0	
8-bit	size	av1-1-b8-01-size-210x200	/home/lilith/work/zen/rav1d-safe--lead-warp/test-vectors/dav1d-test-data/8-bit/size/av1-1-b8-01-size-210x200.ivf	dd6af81186cceef5475be6594b99557d	0	
8-bit	size	av1-1-b8-01-size-210x202	/home/lilith/work/zen/rav1d-safe--lead-warp/test-vectors/dav1d-test-data/8-bit/size/av1-1-b8-01-size-210x202.ivf	f6c04e5873aa8ff5e5192f6979f5a5c3	0	
8-bit	size	av1-1-b8-01-size-210x208	/home/lilith/work/zen/rav1d-safe--lead-warp/test-vectors/dav1d-test-data/8-bit/size/av1-1-b8-01-size-210x208.ivf	389a67a8fad510c5b0b4b19eba07d929	0	
8-bit	size	av1-1-b8-01-size-210x210	/home/lilith/work/zen/rav1d-safe--lead-warp/test-vectors/dav1d-test-data/8-bit/size/av1-1-b8-01-size-210x210.ivf	f6ebddc2da88d4aca04dbfd12f1a6f7a	0	
8-bit	size	av1-1-b8-01-size-210x224	/home/lilith/work/zen/rav1d-safe--lead-warp/test-vectors/dav1d-test-data/8-bit/size/av1-1-b8-01-size-210x224.ivf	49e8858ab9b64e9f6940082068d21458	0	
8-bit	size	av1-1-b8-01-size-210x226	/home/lilith/work/zen/rav1d-safe--lead-warp/test-vectors/dav1d-test-data/8-bit/size/av1-1-b8-01-size-210x226.ivf	1ce9ed5387ef7639ab8b5974bec827c6	0	
8-bit	size	av1-1-b8-01-size-224x196	/home/lilith/work/zen/rav1d-safe--lead-warp/test-vectors/dav1d-test-data/8-bit/size/av1-1-b8-01-size-224x196.ivf	fb854be951508990ef314e27e6908c5a	0	
8-bit	size	av1-1-b8-01-size-224x198	/home/lilith/work/zen/rav1d-safe--lead-warp/test-vectors/dav1d-test-data/8-bit/size/av1-1-b8-01-size-224x198.ivf	f83c66d8833dd8fd68a50257ed0bb117	0	
8-bit	size	av1-1-b8-01-size-224x200	/home/lilith/work/zen/rav1d-safe--lead-warp/test-vectors/dav1d-test-data/8-bit/size/av1-1-b8-01-size-224x200.ivf	a1bdf0a2165ceff4b3ef3d1a12b98932	0	
8-bit	size	av1-1-b8-01-size-224x202	/home/lilith/work/zen/rav1d-safe--lead-warp/test-vectors/dav1d-test-data/8-bit/size/av1-1-b8-01-size-224x202.ivf	fca4a7fd64fd02d15631fe2a249d44e3	0	
8-bit	size	av1-1-b8-01-size-224x208	/home/lilith/work/zen/rav1d-safe--lead-warp/test-vectors/dav1d-test-data/8-bit/size/av1-1-b8-01-size-224x208.ivf	df3cdc09040d9074d3e5530d5614e62b	0	
8-bit	size	av1-1-b8-01-size-224x210	/home/lilith/work/zen/rav1d-safe--lead-warp/test-vectors/dav1d-test-data/8-bit/size/av1-1-b8-01-size-224x210.ivf	046a9e266879cd5670de3d184fffe6aa	0	
8-bit	size	av1-1-b8-01-size-224x224	/home/lilith/work/zen/rav1d-safe--lead-warp/test-vectors/dav1d-test-data/8-bit/size/av1-1-b8-01-size-224x224.ivf	f8a4132afaeda1eb75db9c5d95c3c188	0	
8-bit	size	av1-1-b8-01-size-224x226	/home/lilith/work/zen/rav1d-safe--lead-warp/test-vectors/dav1d-test-data/8-bit/size/av1-1-b8-01-size-224x226.ivf	6990279ce3aa834125aba16d05539072	0	
8-bit	size	av1-1-b8-01-size-226x196	/home/lilith/work/zen/rav1d-safe--lead-warp/test-vectors/dav1d-test-data/8-bit/size/av1-1-b8-01-size-226x196.ivf	43407c1801909e369b8e68954cd7ff4d	0	
8-bit	size	av1-1-b8-01-size-226x198	/home/lilith/work/zen/rav1d-safe--lead-warp/test-vectors/dav1d-test-data/8-bit/size/av1-1-b8-01-size-226x198.ivf	e0621a9d50c2659c2c76f043193245f6	0	
8-bit	size	av1-1-b8-01-size-226x200	/home/lilith/work/zen/rav1d-safe--lead-warp/test-vectors/dav1d-test-data/8-bit/size/av1-1-b8-01-size-226x200.ivf	9adefb79fd3947b1387a2c30d4e98c0c	0	
8-bit	size	av1-1-b8-01-size-226x202	/home/lilith/work/zen/rav1d-safe--lead-warp/test-vectors/dav1d-test-data/8-bit/size/av1-1-b8-01-size-226x202.ivf	97363a26044d1f06ac88bc0f24a45d21	0	
8-bit	size	av1-1-b8-01-size-226x208	/home/lilith/work/zen/rav1d-safe--lead-warp/test-vectors/dav1d-test-data/8-bit/size/av1-1-b8-01-size-226x208.ivf	cfeb0eacef3a653e769ef33240de9fc5	0	
8-bit	size	av1-1-b8-01-size-226x210	/home/lilith/work/zen/rav1d-safe--lead-warp/test-vectors/dav1d-test-data/8-bit/size/av1-1-b8-01-size-226x210.ivf	5d566729e90f748893437799c598de58	0	
8-bit	size	av1-1-b8-01-size-226x224	/home/lilith/work/zen/rav1d-safe--lead-warp/test-vectors/dav1d-test-data/8-bit/size/av1-1-b8-01-size-226x224.ivf	db8dfd86a80c80e20b9274464f986f35	0	
8-bit	size	av1-1-b8-01-size-226x226	/home/lilith/work/zen/rav1d-safe--lead-warp/test-vectors/dav1d-test-data/8-bit/size/av1-1-b8-01-size-226x226.ivf	8717076838a34fced3d230c0827e1319	0	
8-bit	size	av1-1-b8-01-size-32x16	/home/lilith/work/zen/rav1d-safe--lead-warp/test-vectors/dav1d-test-data/8-bit/size/av1-1-b8-01-size-32x16.ivf	aa35af31b2ca478373b147cd18046be4	0	
8-bit	size	av1-1-b8-01-size-32x18	/home/lilith/work/zen/rav1d-safe--lead-warp/test-vectors/dav1d-test-data/8-bit/size/av1-1-b8-01-size-32x18.ivf	aea9bc43370c566d37b2414ab0c3fe69	0	
8-bit	size	av1-1-b8-01-size-32x32	/home/lilith/work/zen/rav1d-safe--lead-warp/test-vectors/dav1d-test-data/8-bit/size/av1-1-b8-01-size-32x32.ivf	11271c70b348b6e4ffaa928860493d3f	0	
8-bit	size	av1-1-b8-01-size-32x34	/home/lilith/work/zen/rav1d-safe--lead-warp/test-vectors/dav1d-test-data/8-bit/size/av1-1-b8-01-size-32x34.ivf	11628409d5a5f54c81068e86f8800e23	0	
8-bit	size	av1-1-b8-01-size-32x64	/home/lilith/work/zen/rav1d-safe--lead-warp/test-vectors/dav1d-test-data/8-bit/size/av1-1-b8-01-size-32x64.ivf	7c3ec687b9426d5baf9f5baa3787c5e4	0	
8-bit	size	av1-1-b8-01-size-32x66	/home/lilith/work/zen/rav1d-safe--lead-warp/test-vectors/dav1d-test-data/8-bit/size/av1-1-b8-01-size-32x66.ivf	787538449737fa57c1f2224eed03f6c6	0	
8-bit	size	av1-1-b8-01-size-34x16	/home/lilith/work/zen/rav1d-safe--lead-warp/test-vectors/dav1d-test-data/8-bit/size/av1-1-b8-01-size-34x16.ivf	8caa8a97e09a93d318a95013eddfef20	0	
8-bit	size	av1-1-b8-01-size-34x18	/home/lilith/work/zen/rav1d-safe--lead-warp/test-vectors/dav1d-test-data/8-bit/size/av1-1-b8-01-size-34x18.ivf	6fd808b0a745782891cfe7d32d616a2c	0	
8-bit	size	av1-1-b8-01-size-34x32	/home/lilith/work/zen/rav1d-safe--lead-warp/test-vectors/dav1d-test-data/8-bit/size/av1-1-b8-01-size-34x32.ivf	a72f99969f5a81f84a145c3c9e64a978	0	
8-bit	size	av1-1-b8-01-size-34x34	/home/lilith/work/zen/rav1d-safe--lead-warp/test-vectors/dav1d-test-data/8-bit/size/av1-1-b8-01-size-34x34.ivf	f50fe1ebb08ad9391be91999c747e3b8	0	
8-bit	size	av1-1-b8-01-size-34x64	/home/lilith/work/zen/rav1d-safe--lead-warp/test-vectors/dav1d-test-data/8-bit/size/av1-1-b8-01-size-34x64.ivf	e61a5ccd939286c8489a48d12f4e3968	0	
8-bit	size	av1-1-b8-01-size-34x66	/home/lilith/work/zen/rav1d-safe--lead-warp/test-vectors/dav1d-test-data/8-bit/size/av1-1-b8-01-size-34x66.ivf	1d1101b9e19f2f66b3cafdabf9c43c04	0	
8-bit	size	av1-1-b8-01-size-64x16	/home/lilith/work/zen/rav1d-safe--lead-warp/test-vectors/dav1d-test-data/8-bit/size/av1-1-b8-01-size-64x16.ivf	60ffe5db769683d4500971122ba63218	0	
8-bit	size	av1-1-b8-01-size-64x18	/home/lilith/work/zen/rav1d-safe--lead-warp/test-vectors/dav1d-test-data/8-bit/size/av1-1-b8-01-size-64x18.ivf	052dddd7525dd90c7b4fa2565b7c42d3	0	
8-bit	size	av1-1-b8-01-size-64x32	/home/lilith/work/zen/rav1d-safe--lead-warp/test-vectors/dav1d-test-data/8-bit/size/av1-1-b8-01-size-64x32.ivf	4d7271203d3d685fcf4f9f1db4cac100	0	
8-bit	size	av1-1-b8-01-size-64x34	/home/lilith/work/zen/rav1d-safe--lead-warp/test-vectors/dav1d-test-data/8-bit/size/av1-1-b8-01-size-64x34.ivf	74f6149022bd4836b2e6dd926fc32804	0	
8-bit	size	av1-1-b8-01-size-64x64	/home/lilith/work/zen/rav1d-safe--lead-warp/test-vectors/dav1d-test-data/8-bit/size/av1-1-b8-01-size-64x64.ivf	c2796fb02c50ba3914bf3177a987dfae	0	
8-bit	size	av1-1-b8-01-size-64x66	/home/lilith/work/zen/rav1d-safe--lead-warp/test-vectors/dav1d-test-data/8-bit/size/av1-1-b8-01-size-64x66.ivf	3c3cee113a8809cb587e2a2c2dd27469	0	
8-bit	size	av1-1-b8-01-size-66x16	/home/lilith/work/zen/rav1d-safe--lead-warp/test-vectors/dav1d-test-data/8-bit/size/av1-1-b8-01-size-66x16.ivf	dd59500c154ea03953e86ecac01ba3b7	0	
8-bit	size	av1-1-b8-01-size-66x18	/home/lilith/work/zen/rav1d-safe--lead-warp/test-vectors/dav1d-test-data/8-bit/size/av1-1-b8-01-size-66x18.ivf	d4d412f3ea0c74e42bc0e7e931c5307f	0	
8-bit	size	av1-1-b8-01-size-66x32	/home/lilith/work/zen/rav1d-safe--lead-warp/test-vectors/dav1d-test-data/8-bit/size/av1-1-b8-01-size-66x32.ivf	8867483a77206485df04c4c9c2070c06	0	
8-bit	size	av1-1-b8-01-size-66x34	/home/lilith/work/zen/rav1d-safe--lead-warp/test-vectors/dav1d-test-data/8-bit/size/av1-1-b8-01-size-66x34.ivf	c3d08f08bb824718c28e08be5cab19f2	0	
8-bit	size	av1-1-b8-01-size-66x64	/home/lilith/work/zen/rav1d-safe--lead-warp/test-vectors/dav1d-test-data/8-bit/size/av1-1-b8-01-size-66x64.ivf	76897ad7e13d9acc0d0737dd28b80f29	0	
8-bit	size	av1-1-b8-01-size-66x66	/home/lilith/work/zen/rav1d-safe--lead-warp/test-vectors/dav1d-test-data/8-bit/size/av1-1-b8-01-size-66x66.ivf	616dd3789d5a82a822ceba96ec972143	0	
8-bit	svc	av1-1-b8-22-svc-L1T2	/home/lilith/work/zen/rav1d-safe--lead-warp/test-vectors/dav1d-test-data/8-bit/svc/av1-1-b8-22-svc-L1T2.ivf	3987b4852874d3fba06999ee9b4d117c	0	
8-bit	svc	av1-1-b8-22-svc-L2T1_all	/home/lilith/work/zen/rav1d-safe--lead-warp/test-vectors/dav1d-test-data/8-bit/svc/av1-1-b8-22-svc-L2T1.ivf	47df59c53e601d4addb9ac9c5fd6431e	0	--alllayers=1 --oppoint=0
8-bit	svc	av1-1-b8-22-svc-L2T1_op0	/home/lilith/work/zen/rav1d-safe--lead-warp/test-vectors/dav1d-test-data/8-bit/svc/av1-1-b8-22-svc-L2T1.ivf	f8305c4b796b620388fee614df3ebac6	0	--alllayers=0 --oppoint=0
8-bit	svc	av1-1-b8-22-svc-L2T1_op1	/home/lilith/work/zen/rav1d-safe--lead-warp/test-vectors/dav1d-test-data/8-bit/svc/av1-1-b8-22-svc-L2T1.ivf	1e595312e1cebf280a4dc65e84f07544	0	--alllayers=0 --oppoint=1
8-bit	svc	av1-1-b8-22-svc-L2T2_all	/home/lilith/work/zen/rav1d-safe--lead-warp/test-vectors/dav1d-test-data/8-bit/svc/av1-1-b8-22-svc-L2T2.ivf	19a96386a3a061f64d52fea9f3906258	0	--alllayers=1 --oppoint=0
8-bit	svc	av1-1-b8-22-svc-L2T2_op0	/home/lilith/work/zen/rav1d-safe--lead-warp/test-vectors/dav1d-test-data/8-bit/svc/av1-1-b8-22-svc-L2T2.ivf	4d86bc8f55bae0ac0e688fb7fa2fe741	0	--alllayers=0 --oppoint=0
8-bit	svc	av1-1-b8-22-svc-L2T2_op1	/home/lilith/work/zen/rav1d-safe--lead-warp/test-vectors/dav1d-test-data/8-bit/svc/av1-1-b8-22-svc-L2T2.ivf	30f5b24f8aa7a8be78a9366ddb2b18d3	0	--alllayers=0 --oppoint=1
8-bit	svc	av1-1-b8-22-svc-L2T2_op2	/home/lilith/work/zen/rav1d-safe--lead-warp/test-vectors/dav1d-test-data/8-bit/svc/av1-1-b8-22-svc-L2T2.ivf	8443d3cacdcee6b7ee3d699013845525	0	--alllayers=0 --oppoint=2
8-bit	svc	av1-1-b8-22-svc-L2T2_op3	/home/lilith/work/zen/rav1d-safe--lead-warp/test-vectors/dav1d-test-data/8-bit/svc/av1-1-b8-22-svc-L2T2.ivf	c1b34078caaef0689157151890f5a656	0	--alllayers=0 --oppoint=3
8-bit	vq_suite	Syntax_AV1_mainb8ss420_432x240_001_vq_aom_ctest_4.2	/home/lilith/work/zen/rav1d-safe--lead-warp/test-vectors/dav1d-test-data/8-bit/vq_suite/Syntax_AV1_mainb8ss420_432x240_001_vq_aom_ctest_4.2.stripped.ivf	74cd1c55dc974ee2d13bf6b2a38aeecb	0	
8-bit	vq_suite	Syntax_AV1_mainb8ss420_432x240_001_vq_aom_ctest_4.2_intra	/home/lilith/work/zen/rav1d-safe--lead-warp/test-vectors/dav1d-test-data/8-bit/vq_suite/Syntax_AV1_mainb8ss420_432x240_001_vq_aom_ctest_4.2.stripped.ivf	83e6521dd4d8db448bc5618ce505c991	0	--decodeframetype=intra
8-bit	vq_suite	Syntax_AV1_mainb8ss420_432x240_002_vq_aom_ctest_4.2	/home/lilith/work/zen/rav1d-safe--lead-warp/test-vectors/dav1d-test-data/8-bit/vq_suite/Syntax_AV1_mainb8ss420_432x240_002_vq_aom_ctest_4.2.stripped.ivf	a9249d720bf9a7dcddce9e358e9aa967	0	
8-bit	vq_suite	Syntax_AV1_mainb8ss420_432x240_002_vq_aom_ctest_4.2_key	/home/lilith/work/zen/rav1d-safe--lead-warp/test-vectors/dav1d-test-data/8-bit/vq_suite/Syntax_AV1_mainb8ss420_432x240_002_vq_aom_ctest_4.2.stripped.ivf	0e8c8207bafea5c7ebce18673ece6634	0	--decodeframetype=key
8-bit	vq_suite	Syntax_AV1_mainb8ss420_432x240_002_vq_aom_ctest_4.2_reference	/home/lilith/work/zen/rav1d-safe--lead-warp/test-vectors/dav1d-test-data/8-bit/vq_suite/Syntax_AV1_mainb8ss420_432x240_002_vq_aom_ctest_4.2.stripped.ivf	60c2207b751fffd6c5d67fcc176065a7	0	--decodeframetype=reference
8-bit	vq_suite	Syntax_AV1_mainb8ss420_432x240_003_vq_aom_ctest_4.2	/home/lilith/work/zen/rav1d-safe--lead-warp/test-vectors/dav1d-test-data/8-bit/vq_suite/Syntax_AV1_mainb8ss420_432x240_003_vq_aom_ctest_4.2.stripped.ivf	713a7b52a34dea39a6ff3f1064fe5a2c	0	
8-bit	vq_suite	Syntax_AV1_mainb8ss420_432x240_004_vq_aom_ctest_4.2	/home/lilith/work/zen/rav1d-safe--lead-warp/test-vectors/dav1d-test-data/8-bit/vq_suite/Syntax_AV1_mainb8ss420_432x240_004_vq_aom_ctest_4.2.stripped.ivf	48ee4dcff7e6d957c18b49d0957d18bc	0	
8-bit	vq_suite	Syntax_AV1_mainb8ss420_432x240_005_vq_aom_ctest_4.2	/home/lilith/work/zen/rav1d-safe--lead-warp/test-vectors/dav1d-test-data/8-bit/vq_suite/Syntax_AV1_mainb8ss420_432x240_005_vq_aom_ctest_4.2.stripped.ivf	d2fb6c9ea434a3aa4cdcec9a4c962385	0	
8-bit	vq_suite	Syntax_AV1_mainb8ss420_432x240_006_vq_aom_ctest_4.2	/home/lilith/work/zen/rav1d-safe--lead-warp/test-vectors/dav1d-test-data/8-bit/vq_suite/Syntax_AV1_mainb8ss420_432x240_006_vq_aom_ctest_4.2.stripped.ivf	a2807a9eb0defd80dd8f0e8a2ce51467	0	
8-bit	vq_suite	Syntax_AV1_mainb8ss420_432x240_007_vq_aom_ctest_4.2	/home/lilith/work/zen/rav1d-safe--lead-warp/test-vectors/dav1d-test-data/8-bit/vq_suite/Syntax_AV1_mainb8ss420_432x240_007_vq_aom_ctest_4.2.stripped.ivf	133ce9ed4cdf9bb769f75bfd664eeced	0	
8-bit	vq_suite	Syntax_AV1_mainb8ss420_432x240_008_vq_aom_ctest_4.2	/home/lilith/work/zen/rav1d-safe--lead-warp/test-vectors/dav1d-test-data/8-bit/vq_suite/Syntax_AV1_mainb8ss420_432x240_008_vq_aom_ctest_4.2.stripped.ivf	fb8b6169a2f3483073a74ec9527db8b9	0	
8-bit	vq_suite	Syntax_AV1_mainb8ss420_432x240_009_vq_aom_ctest_4.2	/home/lilith/work/zen/rav1d-safe--lead-warp/test-vectors/dav1d-test-data/8-bit/vq_suite/Syntax_AV1_mainb8ss420_432x240_009_vq_aom_ctest_4.2.stripped.ivf	e8e6ff2225b8e27a0706b1061e767d06	0	
8-bit	vq_suite	Syntax_AV1_mainb8ss420_432x240_010_vq_aom_ctest_4.2	/home/lilith/work/zen/rav1d-safe--lead-warp/test-vectors/dav1d-test-data/8-bit/vq_suite/Syntax_AV1_mainb8ss420_432x240_010_vq_aom_ctest_4.2.stripped.ivf	4fd73df63f14c0f13a1f752325a9f52e	0	
8-bit	vq_suite	Syntax_AV1_mainb8ss420_432x240_011_vq_aom_ctest_4.2	/home/lilith/work/zen/rav1d-safe--lead-warp/test-vectors/dav1d-test-data/8-bit/vq_suite/Syntax_AV1_mainb8ss420_432x240_011_vq_aom_ctest_4.2.stripped.ivf	120b41c7ecfc08d698075ead2ecb5d18	0	
8-bit	vq_suite	Syntax_AV1_mainb8ss420_432x240_012_vq_aom_ctest_4.2	/home/lilith/work/zen/rav1d-safe--lead-warp/test-vectors/dav1d-test-data/8-bit/vq_suite/Syntax_AV1_mainb8ss420_432x240_012_vq_aom_ctest_4.2.stripped.ivf	622ffe4e872bd8bbdc2ffb85db2ef096	0	
8-bit	vq_suite	Syntax_AV1_mainb8ss420_432x240_013_vq_aom_ctest_4.2	/home/lilith/work/zen/rav1d-safe--lead-warp/test-vectors/dav1d-test-data/8-bit/vq_suite/Syntax_AV1_mainb8ss420_432x240_013_vq_aom_ctest_4.2.stripped.ivf	523e4ce0c50e7fbae3709c4713bc30f0	0	
8-bit	vq_suite	Syntax_AV1_mainb8ss420_432x240_014_vq_aom_ctest_4.2	/home/lilith/work/zen/rav1d-safe--lead-warp/test-vectors/dav1d-test-data/8-bit/vq_suite/Syntax_AV1_mainb8ss420_432x240_014_vq_aom_ctest_4.2.stripped.ivf	05e74cdd6573c1eac141179b9698404c	0	
8-bit	vq_suite	Syntax_AV1_mainb8ss420_432x240_015_vq_aom_ctest_4.2	/home/lilith/work/zen/rav1d-safe--lead-warp/test-vectors/dav1d-test-data/8-bit/vq_suite/Syntax_AV1_mainb8ss420_432x240_015_vq_aom_ctest_4.2.stripped.ivf	d71fce010eba98084ad60559c2eb7b29	0	
8-bit	vq_suite	Syntax_AV1_mainb8ss420_432x240_016_vq_aom_ctest_4.2	/home/lilith/work/zen/rav1d-safe--lead-warp/test-vectors/dav1d-test-data/8-bit/vq_suite/Syntax_AV1_mainb8ss420_432x240_016_vq_aom_ctest_4.2.stripped.ivf	2e64597b937a80a5c52317bd4c676c3f	0	
8-bit	vq_suite	Syntax_AV1_mainb8ss420_432x240_017_vq_aom_ctest_4.2	/home/lilith/work/zen/rav1d-safe--lead-warp/test-vectors/dav1d-test-data/8-bit/vq_suite/Syntax_AV1_mainb8ss420_432x240_017_vq_aom_ctest_4.2.stripped.ivf	d762340d4f9f79e9e470242078976302	0	
8-bit	vq_suite	Syntax_AV1_mainb8ss420_432x240_018_vq_aom_ctest_4.2	/home/lilith/work/zen/rav1d-safe--lead-warp/test-vectors/dav1d-test-data/8-bit/vq_suite/Syntax_AV1_mainb8ss420_432x240_018_vq_aom_ctest_4.2.stripped.ivf	e3464b3032d6ca6b2efcab5a91071509	1	
8-bit	vq_suite	Syntax_AV1_mainb8ss420_432x240_019_vq_aom_ctest_4.2	/home/lilith/work/zen/rav1d-safe--lead-warp/test-vectors/dav1d-test-data/8-bit/vq_suite/Syntax_AV1_mainb8ss420_432x240_019_vq_aom_ctest_4.2.stripped.ivf	5744d34d70c61ab0ebb0f0a768e03d94	0	
8-bit	vq_suite	Syntax_AV1_mainb8ss420_432x240_020_vq_aom_ctest_4.2_all	/home/lilith/work/zen/rav1d-safe--lead-warp/test-vectors/dav1d-test-data/8-bit/vq_suite/Syntax_AV1_mainb8ss420_432x240_020_vq_aom_ctest_4.2.stripped.ivf	b57b19930751335eabca6da2acc30305	0	--alllayers=1 --oppoint=0
8-bit	vq_suite	Syntax_AV1_mainb8ss420_432x240_020_vq_aom_ctest_4.2_op0	/home/lilith/work/zen/rav1d-safe--lead-warp/test-vectors/dav1d-test-data/8-bit/vq_suite/Syntax_AV1_mainb8ss420_432x240_020_vq_aom_ctest_4.2.stripped.ivf	b57b19930751335eabca6da2acc30305	0	--alllayers=0 --oppoint=0
8-bit	vq_suite	Syntax_AV1_mainb8ss420_432x240_020_vq_aom_ctest_4.2_op1	/home/lilith/work/zen/rav1d-safe--lead-warp/test-vectors/dav1d-test-data/8-bit/vq_suite/Syntax_AV1_mainb8ss420_432x240_020_vq_aom_ctest_4.2.stripped.ivf	b4f292e45d800892eae9e7bd40e0dd06	0	--alllayers=0 --oppoint=1
8-bit	vq_suite	Syntax_AV1_mainb8ss420_432x240_020_vq_aom_ctest_4.2_op2	/home/lilith/work/zen/rav1d-safe--lead-warp/test-vectors/dav1d-test-data/8-bit/vq_suite/Syntax_AV1_mainb8ss420_432x240_020_vq_aom_ctest_4.2.stripped.ivf	6a1e386e97af85c75cf5c69ad9785376	0	--alllayers=0 --oppoint=2
8-bit	vq_suite	Syntax_AV1_mainb8ss420_432x240_020_vq_aom_ctest_4.2_op3	/home/lilith/work/zen/rav1d-safe--lead-warp/test-vectors/dav1d-test-data/8-bit/vq_suite/Syntax_AV1_mainb8ss420_432x240_020_vq_aom_ctest_4.2.stripped.ivf	a3c4d87cc33ec8b43fa84ca9741beafd	0	--alllayers=0 --oppoint=3
8-bit	vq_suite	Syntax_AV1_mainb8ss420_432x240_020_vq_aom_ctest_4.2_op4	/home/lilith/work/zen/rav1d-safe--lead-warp/test-vectors/dav1d-test-data/8-bit/vq_suite/Syntax_AV1_mainb8ss420_432x240_020_vq_aom_ctest_4.2.stripped.ivf	a7af5929fd4511c76c3acecc7036378d	0	--alllayers=0 --oppoint=4
8-bit	vq_suite	Syntax_AV1_mainb8ss420_432x240_020_vq_aom_ctest_4.2_op5	/home/lilith/work/zen/rav1d-safe--lead-warp/test-vectors/dav1d-test-data/8-bit/vq_suite/Syntax_AV1_mainb8ss420_432x240_020_vq_aom_ctest_4.2.stripped.ivf	6bc7db62429c4f5518014541e19464c1	0	--alllayers=0 --oppoint=5
8-bit	vq_suite	Syntax_AV1_mainb8ss420_432x240_020_vq_aom_ctest_4.2_op6	/home/lilith/work/zen/rav1d-safe--lead-warp/test-vectors/dav1d-test-data/8-bit/vq_suite/Syntax_AV1_mainb8ss420_432x240_020_vq_aom_ctest_4.2.stripped.ivf	a6bca76a8c45d49a611d42c14af49b82	0	--alllayers=0 --oppoint=6
8-bit	vq_suite	Syntax_AV1_mainb8ss420_432x240_020_vq_aom_ctest_4.2_op7	/home/lilith/work/zen/rav1d-safe--lead-warp/test-vectors/dav1d-test-data/8-bit/vq_suite/Syntax_AV1_mainb8ss420_432x240_020_vq_aom_ctest_4.2.stripped.ivf	ce9d9f00c1f788613434b70ca94eca0e	0	--alllayers=0 --oppoint=7
8-bit	vq_suite	Syntax_AV1_mainb8ss420_432x240_020_vq_aom_ctest_4.2_op8	/home/lilith/work/zen/rav1d-safe--lead-warp/test-vectors/dav1d-test-data/8-bit/vq_suite/Syntax_AV1_mainb8ss420_432x240_020_vq_aom_ctest_4.2.stripped.ivf	ef841e5eeb13b0595c4c34008fe5fa48	0	--alllayers=0 --oppoint=8
8-bit	vq_suite	Syntax_AV1_mainb8ss420_432x240_020_vq_aom_ctest_4.2_op9	/home/lilith/work/zen/rav1d-safe--lead-warp/test-vectors/dav1d-test-data/8-bit/vq_suite/Syntax_AV1_mainb8ss420_432x240_020_vq_aom_ctest_4.2.stripped.ivf	2a10b9965f645b82da079cb1a6a6caba	0	--alllayers=0 --oppoint=9
multi-bit	argon	test10100_579_8614	/home/lilith/work/zen/rav1d-safe--lead-warp/test-vectors/dav1d-test-data/multi-bit/argon/test10100_579_8614.obu	abdc77b000e3bc7124a6ef781e63ce51	0	
multi-bit	argon	test10218_6914	/home/lilith/work/zen/rav1d-safe--lead-warp/test-vectors/dav1d-test-data/multi-bit/argon/test10218_6914.obu	12b484fced270f53f3673c1234a38d19	0	
oss-fuzz	oss-fuzz-asan	4554338031239168	/home/lilith/work/zen/rav1d-safe--lead-warp/test-vectors/dav1d-test-data/oss-fuzz/asan/clusterfuzz-testcase-minimized-dav1d_fuzzer-4554338031239168		0	
oss-fuzz	oss-fuzz-asan	5089954858795008	/home/lilith/work/zen/rav1d-safe--lead-warp/test-vectors/dav1d-test-data/oss-fuzz/asan/clusterfuzz-testcase-minimized-dav1d_fuzzer_mt-5089954858795008		0	
oss-fuzz	oss-fuzz-asan	5387199655313408	/home/lilith/work/zen/rav1d-safe--lead-warp/test-vectors/dav1d-test-data/oss-fuzz/asan/clusterfuzz-testcase-minimized-dav1d_fuzzer_mt-5387199655313408		0	
oss-fuzz	oss-fuzz-asan	5550258780766208	/home/lilith/work/zen/rav1d-safe--lead-warp/test-vectors/dav1d-test-data/oss-fuzz/asan/clusterfuzz-testcase-minimized-dav1d_fuzzer_mt-5550258780766208		0	
oss-fuzz	oss-fuzz-asan	5634614945644544	/home/lilith/work/zen/rav1d-safe--lead-warp/test-vectors/dav1d-test-data/oss-fuzz/asan/clusterfuzz-testcase-minimized-dav1d_fuzzer-5634614945644544		0	
oss-fuzz	oss-fuzz-asan	5634740825096192	/home/lilith/work/zen/rav1d-safe--lead-warp/test-vectors/dav1d-test-data/oss-fuzz/asan/clusterfuzz-testcase-minimized-dav1d_fuzzer-5634740825096192		0	
oss-fuzz	oss-fuzz-asan	5640098964570112	/home/lilith/work/zen/rav1d-safe--lead-warp/test-vectors/dav1d-test-data/oss-fuzz/asan/clusterfuzz-testcase-minimized-dav1d_fuzzer_mt-5640098964570112		0	
oss-fuzz	oss-fuzz-asan	5642297870385152	/home/lilith/work/zen/rav1d-safe--lead-warp/test-vectors/dav1d-test-data/oss-fuzz/asan/clusterfuzz-testcase-minimized-dav1d_fuzzer-5642297870385152		0	
oss-fuzz	oss-fuzz-asan	5642709818146816	/home/lilith/work/zen/rav1d-safe--lead-warp/test-vectors/dav1d-test-data/oss-fuzz/asan/clusterfuzz-testcase-minimized-dav1d_fuzzer-5642709818146816		0	
oss-fuzz	oss-fuzz-asan	5643152501768192	/home/lilith/work/zen/rav1d-safe--lead-warp/test-vectors/dav1d-test-data/oss-fuzz/asan/clusterfuzz-testcase-minimized-dav1d_fuzzer-5643152501768192		0	
oss-fuzz	oss-fuzz-asan	5646679710105600	/home/lilith/work/zen/rav1d-safe--lead-warp/test-vectors/dav1d-test-data/oss-fuzz/asan/clusterfuzz-testcase-minimized-dav1d_fuzzer-5646679710105600		0	
oss-fuzz	oss-fuzz-asan	5646860283281408	/home/lilith/work/zen/rav1d-safe--lead-warp/test-vectors/dav1d-test-data/oss-fuzz/asan/clusterfuzz-testcase-minimized-dav1d_fuzzer_mt-5646860283281408		0	
oss-fuzz	oss-fuzz-asan	5648093022781440	/home/lilith/work/zen/rav1d-safe--lead-warp/test-vectors/dav1d-test-data/oss-fuzz/asan/clusterfuzz-testcase-minimized-dav1d_fuzzer-5648093022781440		0	
