bitdepth	category	test_name	file_path	expected_md5	filmgrain	extra_args
10-bit	argon	test185_302	/home/lilith/work/zen/rav1d-safe--lead-warp/test-vectors/dav1d-test-data/10-bit/argon/test185_302.obu	c7e94ed7170edbb3a05f231bac699dbd	0	
10-bit	argon	test5606	/home/lilith/work/zen/rav1d-safe--lead-warp/test-vectors/dav1d-test-data/10-bit/argon/test5606.obu	0888c66e9ad2f6ebc7f6d6fd8b464dd8	1	
10-bit	data	00000671	/home/lilith/work/zen/rav1d-safe--lead-warp/test-vectors/dav1d-test-data/10-bit/data/00000671.ivf	827a458a97061dfcdb8b05039ca1e531	0	
10-bit	data	00000672	/home/lilith/work/zen/rav1d-safe--lead-warp/test-vectors/dav1d-test-data/10-bit/data/00000672.ivf	c26f65fd2594013867d137cd6faa6bd0	0	
10-bit	data	00000673	/home/lilith/work/zen/rav1d-safe--lead-warp/test-vectors/dav1d-test-data/10-bit/data/00000673.ivf	6232de3d00e39a0f82f06e2d82d9b8fd	0	
10-bit	data	00000674	/home/lilith/work/zen/rav1d-safe--lead-warp/test-vectors/dav1d-test-data/10-bit/data/00000674.ivf	6f36fa164297da4aacff0446841d15bb	0	
10-bit	data	00000675	/home/lilith/work/zen/rav1d-safe--lead-warp/test-vectors/dav1d-test-data/10-bit/data/00000675.ivf	38774361479384b1be2ca0b0aef6fc46	0	
10-bit	data	00000676	/home/lilith/work/zen/rav1d-safe--lead-warp/test-vectors/dav1d-test-data/10-bit/data/00000676.ivf	d85a76e890a7e06ea2ebaf17840708e2	0	
10-bit	data	00000677	/home/lilith/work/zen/rav1d-safe--lead-warp/test-vectors/dav1d-test-data/10-bit/data/00000677.ivf	386e983d23cbf18d66b091776839a7cf	0	
10-bit	data	00000678	/home/lilith/work/zen/rav1d-safe--lead-warp/test-vectors/dav1d-test-data/10-bit/data/00000678.ivf	0103f3a9da30305df5e43956567044e5	0	
10-bit	data	00000679	/home/lilith/work/zen/rav1d-safe--lead-warp/test-vectors/dav1d-test-data/10-bit/data/00000679.ivf	b209ff325f7e334030eb61e9769d3fd1	0	
10-bit	data	00000680	/home/lilith/work/zen/rav1d-safe--lead-warp/test-vectors/dav1d-test-data/10-bit/data/00000680.ivf	446fabbbd739634511bd186d36675467	0	
10-bit	data	00000681	/home/lilith/work/zen/rav1d-safe--lead-warp/test-vectors/dav1d-test-data/10-bit/data/00000681.ivf	1f3a61280b4aa60896156d1533b95043	0	
10-bit	data	00000682	/home/lilith/work/zen/rav1d-safe--lead-warp/test-vectors/dav1d-test-data/10-bit/data/00000682.ivf	b617a6745ad265379a5ae6c54840a3a1	0	
10-bit	data	00000683	/home/lilith/work/zen/rav1d-safe--lead-warp/test-vectors/dav1d-test-data/10-bit/data/00000683.ivf	a011736a698bd9f7b76337643c05e2eb	0	
10-bit	data	00000684	/home/lilith/work/zen/rav1d-safe--lead-warp/test-vectors/dav1d-test-data/10-bit/data/00000684.ivf	32eab428936dad795971f57759b87260	0	
10-bit	data	00000685	/home/lilith/work/zen/rav1d-safe--lead-warp/test-vectors/dav1d-test-data/10-bit/data/00000685.ivf	9f9b467dc6259331c413361464ee7d6a	0	
10-bit	data	00000716	/home/lilith/work/zen/rav1d-safe--lead-warp/test-vectors/dav1d-test-data/10-bit/data/00000716.ivf	73be89ae15e0f938d7d3d7f1f6d3dd0d	0	
10-bit	data	00000717	/home/lilith/work/zen/rav1d-safe--lead-warp/test-vectors/dav1d-test-data/10-bit/data/00000717.ivf	945acb0ad0ce802934875eafd3bc16af	0	
10-bit	data	00000718	/home/lilith/work/zen/rav1d-safe--lead-warp/test-vectors/dav1d-test-data/10-bit/data/00000718.ivf	0ebf288b3b12ff700eb552488b14f0bb	0	
10-bit	data	00000719	/home/lilith/work/zen/rav1d-safe--lead-warp/test-vectors/dav1d-test-data/10-bit/data/00000719.ivf	706c707518ccda41667fc2f0720a7eda	0	
10-bit	data	00000720	/home/lilith/work/zen/rav1d-safe--lead-warp/test-vectors/dav1d-test-data/10-bit/data/00000720.ivf	d82139ca06b166042bfc2ac02500627e	0	
10-bit	data	00000721	/home/lilith/work/zen/rav1d-safe--lead-warp/test-vectors/dav1d-test-data/10-bit/data/00000721.ivf	e8fe7563f12979cc016fd4d12fbb796c	0	
10-bit	data	00000722	/home/lilith/work/zen/rav1d-safe--lead-warp/test-vectors/dav1d-test-data/10-bit/data/00000722.ivf	6391c570438827d14ec5449a3f0b287d	0	
10-bit	data	00000723	/home/lilith/work/zen/rav1d-safe--lead-warp/test-vectors/dav1d-test-data/10-bit/data/00000723.ivf	fc31f12fffddbf10965741a30894c6cb	0	
10-bit	data	00000724	/home/lilith/work/zen/rav1d-safe--lead-warp/test-vectors/dav1d-test-data/10-bit/data/00000724.ivf	1c8b94bb8a8ed7d62a1d0ccb9f6a1800	0	
10-bit	data	00000725	/home/lilith/work/zen/rav1d-safe--lead-warp/test-vectors/dav1d-test-data/10-bit/data/00000725.ivf	05cf0316bf02448062df55fc395c6546	0	
10-bit	data	00000726	/home/lilith/work/zen/rav1d-safe--lead-warp/test-vectors/dav1d-test-data/10-bit/data/00000726.ivf	8a9963c77999c6a9eb6feaa8b644f905	0	
10-bit	data	00000727	/home/lilith/work/zen/rav1d-safe--lead-warp/test-vectors/dav1d-test-data/10-bit/data/00000727.ivf	c5dc7456bed2cfda7dc427c155611e5d	0	
10-bit	data	00000728	/home/lilith/work/zen/rav1d-safe--lead-warp/test-vectors/dav1d-test-data/10-bit/data/00000728.ivf	28627b7eec64c99cf9b73c499aa09dc7	0	
10-bit	data	00000729	/home/lilith/work/zen/rav1d-safe--lead-warp/test-vectors/dav1d-test-data/10-bit/data/00000729.ivf	2893cc6059329cd01fe0e4bbbbd76d69	0	
10-bit	data	00000730	/home/lilith/work/zen/rav1d-safe--lead-warp/test-vectors/dav1d-test-data/10-bit/data/00000730.ivf	6562c7e75e2706c85be85a1a096f0445	0	
10-bit	data	00000761	/home/lilith/work/zen/rav1d-safe--lead-warp/test-vectors/dav1d-test-data/10-bit/data/00000761.ivf	46e8814869adc3a37feb78225b3ae292	0	
10-bit	data	00000762	/home/lilith/work/zen/rav1d-safe--lead-warp/test-vectors/dav1d-test-data/10-bit/data/00000762.ivf	ada31fb4a7468319df33d49162b22cd2	0	
10-bit	data	00000763	/home/lilith/work/zen/rav1d-safe--lead-warp/test-vectors/dav1d-test-data/10-bit/data/00000763.ivf	d317ca74657573b751c51e184ed24468	0	
10-bit	data	00000764	/home/lilith/work/zen/rav1d-safe--lead-warp/test-vectors/dav1d-test-data/10-bit/data/00000764.ivf	717f35ae37363e45f51d9ef7f529b689	0	
10-bit	data	00000765	/home/lilith/work/zen/rav1d-safe--lead-warp/test-vectors/dav1d-test-data/10-bit/data/00000765.ivf	73c58d4cc54981a9b8a7f2a96e3a7c45	0	
10-bit	data	00000766	/home/lilith/work/zen/rav1d-safe--lead-warp/test-vectors/dav1d-test-data/10-bit/data/00000766.ivf	4fdef45b148cc34675869b542f98af74	0	
10-bit	data	00000767	/home/lilith/work/zen/rav1d-safe--lead-warp/test-vectors/dav1d-test-data/10-bit/data/00000767.ivf	bfcbd02d4f04fbd88ad209d595e8f567	0	
10-bit	data	00000768	/home/lilith/work/zen/rav1d-safe--lead-warp/test-vectors/dav1d-test-data/10-bit/data/00000768.ivf	a05b52bab2ef6d8538f393cb10d0896e	0	
10-bit	data	00000769	/home/lilith/work/zen/rav1d-safe--lead-warp/test-vectors/dav1d-test-data/10-bit/data/00000769.ivf	33aa2debe09757ed4c448186f287f5e8	0	
10-bit	data	00000770	/home/lilith/work/zen/rav1d-safe--lead-warp/test-vectors/dav1d-test-data/10-bit/data/00000770.ivf	b19a2e7c41e21df6b2611a4ed7a759f3	0	
10-bit	data	00000771	/home/lilith/work/zen/rav1d-safe--lead-warp/test-vectors/dav1d-test-data/10-bit/data/00000771.ivf	fd36b944e46cf3757d4697ffb906db10	0	
10-bit	data	00000772	/home/lilith/work/zen/rav1d-safe--lead-warp/test-vectors/dav1d-test-data/10-bit/data/00000772.ivf	326df7173341bf3c072edb7b283b20da	0	
10-bit	data	00000773	/home/lilith/work/zen/rav1d-safe--lead-warp/test-vectors/dav1d-test-data/10-bit/data/00000773.ivf	d849f7aa7966a1da727422be0b0d8301	0	
10-bit	data	00000774	/home/lilith/work/zen/rav1d-safe--lead-warp/test-vectors/dav1d-test-data/10-bit/data/00000774.ivf	bcfb2cef8b2119f3a005254da261d220	0	
10-bit	data	00000775	/home/lilith/work/zen/rav1d-safe--lead-warp/test-vectors/dav1d-test-data/10-bit/data/00000775.ivf	aaedde856e3d781df45ed0a7563f7596	0	
10-bit	data	00000820	/home/lilith/work/zen/rav1d-safe--lead-warp/test-vectors/dav1d-test-data/10-bit/data/00000820.ivf	1e8b62fe47ee26a36dd9c7f698ddb8da	0	
10-bit	data	00000821	/home/lilith/work/zen/rav1d-safe--lead-warp/test-vectors/dav1d-test-data/10-bit/data/00000821.ivf	73c3f8a045a47d50f9593718e8d182fd	0	
10-bit	data	00000822	/home/lilith/work/zen/rav1d-safe--lead-warp/test-vectors/dav1d-test-data/10-bit/data/00000822.ivf	3d77d6a2a065c2ffa0aa42064d91628e	0	
10-bit	data	00000823	/home/lilith/work/zen/rav1d-safe--lead-warp/test-vectors/dav1d-test-data/10-bit/data/00000823.ivf	7ab7d45757c9c2a64d5bf1d21ace06f1	0	
10-bit	data	00000824	/home/lilith/work/zen/rav1d-safe--lead-warp/test-vectors/dav1d-test-data/10-bit/data/00000824.ivf	0a4d3a3c3b1d232b4a06cfc20c48f74e	0	
10-bit	data	00000825	/home/lilith/work/zen/rav1d-safe--lead-warp/test-vectors/dav1d-test-data/10-bit/data/00000825.ivf	7c2ad14cacad6291889102abebd4d4f2	0	
10-bit	data	00000826	/home/lilith/work/zen/rav1d-safe--lead-warp/test-vectors/dav1d-test-data/10-bit/data/00000826.ivf	b18cd71dd4db1694f35602cf6750a6b4	0	
10-bit	data	00000827	/home/lilith/work/zen/rav1d-safe--lead-warp/test-vectors/dav1d-test-data/10-bit/data/00000827.ivf	538578cfb6f80bfe9d11c50648d2388e	0	
10-bit	data	00000828	/home/lilith/work/zen/rav1d-safe--lead-warp/test-vectors/dav1d-test-data/10-bit/data/00000828.ivf	d957e2d041f0f4320b8966197ef29891	0	
10-bit	data	00000829	/home/lilith/work/zen/rav1d-safe--lead-warp/test-vectors/dav1d-test-data/10-bit/data/00000829.ivf	f29e1e0923f5b03ae3031fd502ffb729	0	
10-bit	data	00000830	/home/lilith/work/zen/rav1d-safe--lead-warp/test-vectors/dav1d-test-data/10-bit/data/00000830.ivf	9d24c6d6e9376abba2dba511be86d96d	0	
10-bit	data	00000831	/home/lilith/work/zen/rav1d-safe--lead-warp/test-vectors/dav1d-test-data/10-bit/data/00000831.ivf	357976b22cf63151776ca21e2927eaac	0	
10-bit	data	00000832	/home/lilith/work/zen/rav1d-safe--lead-warp/test-vectors/dav1d-test-data/10-bit/data/00000832.ivf	e99d0511dfe8f195ba1d0935b2d3e199	0	
10-bit	data	00000833	/home/lilith/work/zen/rav1d-safe--lead-warp/test-vectors/dav1d-test-data/10-bit/data/00000833.ivf	8c8af3a3623d3489bf66823d55c1f445	0	
10-bit	data	00000834	/home/lilith/work/zen/rav1d-safe--lead-warp/test-vectors/dav1d-test-data/10-bit/data/00000834.ivf	331b15e84f559e1dc0ce898253275d4f	0	
10-bit	data	00000835	/home/lilith/work/zen/rav1d-safe--lead-warp/test-vectors/dav1d-test-data/10-bit/data/00000835.ivf	ea70cd64cb120903f9087d1c545faa81	0	
10-bit	data	00000836	/home/lilith/work/zen/rav1d-safe--lead-warp/test-vectors/dav1d-test-data/10-bit/data/00000836.ivf	d1a59ddcf0b17cdf13bd5677418d5b41	0	
10-bit	data	00000837	/home/lilith/work/zen/rav1d-safe--lead-warp/test-vectors/dav1d-test-data/10-bit/data/00000837.ivf	8b66f3d3eb9a867ebbc4a2265605ea9b	0	
10-bit	data	00000937	/home/lilith/work/zen/rav1d-safe--lead-warp/test-vectors/dav1d-test-data/10-bit/data/00000937.ivf	b082b8e2595ea4e6a877ade2eef9a6dd	0	
10-bit	data	00000938	/home/lilith/work/zen/rav1d-safe--lead-warp/test-vectors/dav1d-test-data/10-bit/data/00000938.ivf	8ab77b5a63369767fcc7e2f29ddafa6c	0	
10-bit	data	00000939	/home/lilith/work/zen/rav1d-safe--lead-warp/test-vectors/dav1d-test-data/10-bit/data/00000939.ivf	57a52a40cb4a188c5d298764b28da3e4	0	
10-bit	data	00000940	/home/lilith/work/zen/rav1d-safe--lead-warp/test-vectors/dav1d-test-data/10-bit/data/00000940.ivf	c8cda9a5c54da566d347fefe0296cc11	0	
10-bit	data	00000941	/home/lilith/work/zen/rav1d-safe--lead-warp/test-vectors/dav1d-test-data/10-bit/data/00000941.ivf	6ccbf790538a8ec74349bc80ad8f51bd	0	
10-bit	data	00000942	/home/lilith/work/zen/rav1d-safe--lead-warp/test-vectors/dav1d-test-data/10-bit/data/00000942.ivf	37cbd3ff0db32946f9fad29b5a693632	0	
10-bit	data	00000943	/home/lilith/work/zen/rav1d-safe--lead-warp/test-vectors/dav1d-test-data/10-bit/data/00000943.ivf	890d15434e2b39fb5575dedd4d76b3e6	0	
10-bit	data	00000944	/home/lilith/work/zen/rav1d-safe--lead-warp/test-vectors/dav1d-test-data/10-bit/data/00000944.ivf	1be07cdf431662b483e96da1382c897f	0	
10-bit	features	itut_t35	/home/lilith/work/zen/rav1d-safe--lead-warp/test-vectors/dav1d-test-data/10-bit/features/itut_t35.ivf	62463dae0e6544f52f9c9e06ea4c948f	0	
10-bit	film_grain	422_oddheight	/home/lilith/work/zen/rav1d-safe--lead-warp/test-vectors/dav1d-test-data/10-bit/film_grain/422_oddheight.ivf	2176d86c92104f3b8f93d08cb3c6bc84	1	
10-bit	film_grain	422_oddwidth	/home/lilith/work/zen/rav1d-safe--lead-warp/test-vectors/dav1d-test-data/10-bit/film_grain/422_oddwidth.ivf	f42cee4fe01a2c08bf2a00176547c3cc	1	
10-bit	film_grain	av1-1-b10-23-film_grain-50	/home/lilith/work/zen/rav1d-safe--lead-warp/test-vectors/dav1d-test-data/10-bit/film_grain/av1-1-b10-23-film_grain-50.ivf	be596f5921854b9a9a5be81c302a5327	1	
10-bit	film_grain	clip_0	/home/lilith/work/zen/rav1d-safe--lead-warp/test-vectors/dav1d-test-data/10-bit/film_grain/clip_0.ivf	131f4465540a480824072b4f856c69ae	1	
10-bit	film_grain	clip_1	/home/lilith/work/zen/rav1d-safe--lead-warp/test-vectors/dav1d-test-data/10-bit/film_grain/clip_1.ivf	9e5a33d44ac655dde97598520e939631	1	
10-bit	film_grain	clip_id	/home/lilith/work/zen/rav1d-safe--lead-warp/test-vectors/dav1d-test-data/10-bit/film_grain/clip_id.ivf	59f3106a930a025a4d0fad1f4b532449	1	
10-bit	issues	issue_318	/home/lilith/work/zen/rav1d-safe--lead-warp/test-vectors/dav1d-test-data/10-bit/issues/318_tx_4x4.ivf	fc5b486777f9a70b9697f75dc052a9ac	0	
10-bit	quantizer	av1-1-b10-00-quantizer-00	/home/lilith/work/zen/rav1d-safe--lead-warp/test-vectors/dav1d-test-data/10-bit/quantizer/av1-1-b10-00-quantizer-00.ivf	8b834b72fe9c5dbd24c0869370f38157	0	
10-bit	quantizer	av1-1-b10-00-quantizer-01	/home/lilith/work/zen/rav1d-safe--lead-warp/test-vectors/dav1d-test-data/10-bit/quantizer/av1-1-b10-00-quantizer-01.ivf	57897599b284e73ad15bab304ba60c49	0	
10-bit	quantizer	av1-1-b10-00-quantizer-02	/home/lilith/work/zen/rav1d-safe--lead-warp/test-vectors/dav1d-test-data/10-bit/quantizer/av1-1-b10-00-quantizer-02.ivf	628c9237205c34327cb964fea1df2f39	0	
10-bit	quantizer	av1-1-b10-00-quantizer-03	/home/lilith/work/zen/rav1d-safe--lead-warp/test-vectors/dav1d-test-data/10-bit/quantizer/av1-1-b10-00-quantizer-03.ivf	fdcef1fbc21ce9ddc83c6b362d155801	0	
10-bit	quantizer	av1-1-b10-00-quantizer-04	/home/lilith/work/zen/rav1d-safe--lead-warp/test-vectors/dav1d-test-data/10-bit/quantizer/av1-1-b10-00-quantizer-04.ivf	ad1b12a6a0cbad1454655f529eb01ee7	0	
10-bit	quantizer	av1-1-b10-00-quantizer-05	/home/lilith/work/zen/rav1d-safe--lead-warp/test-vectors/dav1d-test-data/10-bit/quantizer/av1-1-b10-00-quantizer-05.ivf	dc91c70dbff3e4b29b61bbc72984f662	0	
10-bit	quantizer	av1-1-b10-00-quantizer-06	/home/lilith/work/zen/rav1d-safe--lead-warp/test-vectors/dav1d-test-data/10-bit/quantizer/av1-1-b10-00-quantizer-06.ivf	92cf05c5e9f765131632b3c23fef9d03	0	
10-bit	quantizer	av1-1-b10-00-quantizer-07	/home/lilith/work/zen/rav1d-safe--lead-warp/test-vectors/dav1d-test-data/10-bit/quantizer/av1-1-b10-00-quantizer-07.ivf	7477fc4e6b8594c99882ff39fc890c17	0	
10-bit	quantizer	av1-1-b10-00-quantizer-08	/home/lilith/work/zen/rav1d-safe--lead-warp/test-vectors/dav1d-test-data/10-bit/quantizer/av1-1-b10-00-quantizer-08.ivf	dd28c75562a3a66754a4e9c2333257ae	0	
10-bit	quantizer	av1-1-b10-00-quantizer-09	/home/lilith/work/zen/rav1d-safe--lead-warp/test-vectors/dav1d-test-data/10-bit/quantizer/av1-1-b10-00-quantizer-09.ivf	ebc0eeaab20e4760ac2ed0735aaba9d6	0	
10-bit	quantizer	av1-1-b10-00-quantizer-10	/home/lilith/work/zen/rav1d-safe--lead-warp/test-vectors/dav1d-test-data/10-bit/quantizer/av1-1-b10-00-quantizer-10.ivf	2387e415ebed841a1a6a3c3c070ebdcb	0	
10-bit	quantizer	av1-1-b10-00-quantizer-11	/home/lilith/work/zen/rav1d-safe--lead-warp/test-vectors/dav1d-test-data/10-bit/quantizer/av1-1-b10-00-quantizer-11.ivf	a5b8e3891e1fdb046018878cc3220c6f	0	
10-bit	quantizer	av1-1-b10-00-quantizer-12	/home/lilith/work/zen/rav1d-safe--lead-warp/test-vectors/dav1d-test-data/10-bit/quantizer/av1-1-b10-00-quantizer-12.ivf	2f6738252f8050d5fdcfd1c96e12b3df	0	
10-bit	quantizer	av1-1-b10-00-quantizer-13	/home/lilith/work/zen/rav1d-safe--lead-warp/test-vectors/dav1d-test-data/10-bit/quantizer/av1-1-b10-00-quantizer-13.ivf	3fc9986d441720eebbd83037fec89b62	0	
10-bit	quantizer	av1-1-b10-00-quantizer-14	/home/lilith/work/zen/rav1d-safe--lead-warp/test-vectors/dav1d-test-data/10-bit/quantizer/av1-1-b10-00-quantizer-14.ivf	eb08b8cc797306afa84c884ac53e5948	0	
10-bit	quantizer	av1-1-b10-00-quantizer-15	/home/lilith/work/zen/rav1d-safe--lead-warp/test-vectors/dav1d-test-data/10-bit/quantizer/av1-1-b10-00-quantizer-15.ivf	0df1d0fd054ee0efa091add7cd9f6963	0	
10-bit	quantizer	av1-1-b10-00-quantizer-16	/home/lilith/work/zen/rav1d-safe--lead-warp/test-vectors/dav1d-test-data/10-bit/quantizer/av1-1-b10-00-quantizer-16.ivf	e12361887c1fbcbcbd9267d68e9afb1e	0	
10-bit	quantizer	av1-1-b10-00-quantizer-17	/home/lilith/work/zen/rav1d-safe--lead-warp/test-vectors/dav1d-test-data/10-bit/quantizer/av1-1-b10-00-quantizer-17.ivf	7458a9278a04b2dfe1e69737dee05faf	0	
10-bit	quantizer	av1-1-b10-00-quantizer-18	/home/lilith/work/zen/rav1d-safe--lead-warp/test-vectors/dav1d-test-data/10-bit/quantizer/av1-1-b10-00-quantizer-18.ivf	9acd975ffa0a24c45c7f8ed28ed7713f	0	
10-bit	quantizer	av1-1-b10-00-quantizer-19	/home/lilith/work/zen/rav1d-safe--lead-warp/test-vectors/dav1d-test-data/10-bit/quantizer/av1-1-b10-00-quantizer-19.ivf	bcaef8ca235d140afd3803dd0cdded9f	0	
10-bit	quantizer	av1-1-b10-00-quantizer-20	/home/lilith/work/zen/rav1d-safe--lead-warp/test-vectors/dav1d-test-data/10-bit/quantizer/av1-1-b10-00-quantizer-20.ivf	2e7b859b62088c09c753828949b9ef1b	0	
10-bit	quantizer	av1-1-b10-00-quantizer-21	/home/lilith/work/zen/rav1d-safe--lead-warp/test-vectors/dav1d-test-data/10-bit/quantizer/av1-1-b10-00-quantizer-21.ivf	683ec2cb82937b8688cb9611238c59ad	0	
10-bit	quantizer	av1-1-b10-00-quantizer-22	/home/lilith/work/zen/rav1d-safe--lead-warp/test-vectors/dav1d-test-data/10-bit/quantizer/av1-1-b10-00-quantizer-22.ivf	397acee1e5aa84492256a49f27789dbb	0	
10-bit	quantizer	av1-1-b10-00-quantizer-23	/home/lilith/work/zen/rav1d-safe--lead-warp/test-vectors/dav1d-test-data/10-bit/quantizer/av1-1-b10-00-quantizer-23.ivf	119acc22d7f20a2cd43a0ab7474d4089	0	
10-bit	quantizer	av1-1-b10-00-quantizer-24	/home/lilith/work/zen/rav1d-safe--lead-warp/test-vectors/dav1d-test-data/10-bit/quantizer/av1-1-b10-00-quantizer-24.ivf	6ca1933add258b0236d9cbbdd9bcd8e4	0	
10-bit	quantizer	av1-1-b10-00-quantizer-25	/home/lilith/work/zen/rav1d-safe--lead-warp/test-vectors/dav1d-test-data/10-bit/quantizer/av1-1-b10-00-quantizer-25.ivf	2e43ab094e6c6e93655f11f68d2990d0	0	
10-bit	quantizer	av1-1-b10-00-quantizer-26	/home/lilith/work/zen/rav1d-safe--lead-warp/test-vectors/dav1d-test-data/10-bit/quantizer/av1-1-b10-00-quantizer-26.ivf	80ab8de4b5c151a848eaada9b4a348db	0	
10-bit	quantizer	av1-1-b10-00-quantizer-27	/home/lilith/work/zen/rav1d-safe--lead-warp/test-vectors/dav1d-test-data/10-bit/quantizer/av1-1-b10-00-quantizer-27.ivf	39202ccd503ede4544125b3051c1913f	0	
10-bit	quantizer	av1-1-b10-00-quantizer-28	/home/lilith/work/zen/rav1d-safe--lead-warp/test-vectors/dav1d-test-data/10-bit/quantizer/av1-1-b10-00-quantizer-28.ivf	718eca98a39315c735107898c2e0ceb3	0	
10-bit	quantizer	av1-1-b10-00-quantizer-29	/home/lilith/work/zen/rav1d-safe--lead-warp/test-vectors/dav1d-test-data/10-bit/quantizer/av1-1-b10-00-quantizer-29.ivf	a406b418d474b31f02a8807e8ca2b4a4	0	
10-bit	quantizer	av1-1-b10-00-quantizer-30	/home/lilith/work/zen/rav1d-safe--lead-warp/test-vectors/dav1d-test-data/10-bit/quantizer/av1-1-b10-00-quantizer-30.ivf	aa68b016e1c4151b49a6e7ec8865ec92	0	
10-bit	quantizer	av1-1-b10-00-quantizer-31	/home/lilith/work/zen/rav1d-safe--lead-warp/test-vectors/dav1d-test-data/10-bit/quantizer/av1-1-b10-00-quantizer-31.ivf	18da23bedef08352928852ae183bbf71	0	
10-bit	quantizer	av1-1-b10-00-quantizer-32	/home/lilith/work/zen/rav1d-safe--lead-warp/test-vectors/dav1d-test-data/10-bit/quantizer/av1-1-b10-00-quantizer-32.ivf	1de5e5c5b904ebcda24b03a186b39792	0	
10-bit	quantizer	av1-1-b10-00-quantizer-33	/home/lilith/work/zen/rav1d-safe--lead-warp/test-vectors/dav1d-test-data/10-bit/quantizer/av1-1-b10-00-quantizer-33.ivf	b37f6c6d4165c7a63ec12e134eabff5b	0	
10-bit	quantizer	av1-1-b10-00-quantizer-34	/home/lilith/work/zen/rav1d-safe--lead-warp/test-vectors/dav1d-test-data/10-bit/quantizer/av1-1-b10-00-quantizer-34.ivf	c90f00a0e1e72f834095d2c60b9c4b80	0	
10-bit	quantizer	av1-1-b10-00-quantizer-35	/home/lilith/work/zen/rav1d-safe--lead-warp/test-vectors/dav1d-test-data/10-bit/quantizer/av1-1-b10-00-quantizer-35.ivf	e3b8468fa7395ff12da67a0f07179c58	0	
10-bit	quantizer	av1-1-b10-00-quantizer-36	/home/lilith/work/zen/rav1d-safe--lead-warp/test-vectors/dav1d-test-data/10-bit/quantizer/av1-1-b10-00-quantizer-36.ivf	526d21a06b007c9e735640e6470e7888	0	
10-bit	quantizer	av1-1-b10-00-quantizer-37	/home/lilith/work/zen/rav1d-safe--lead-warp/test-vectors/dav1d-test-data/10-bit/quantizer/av1-1-b10-00-quantizer-37.ivf	ea4c6aa2e6437f9beffca95b395b5299	0	
10-bit	quantizer	av1-1-b10-00-quantizer-38	/home/lilith/work/zen/rav1d-safe--lead-warp/test-vectors/dav1d-test-data/10-bit/quantizer/av1-1-b10-00-quantizer-38.ivf	00d04f3f06ae3b6ee759566e0024741b	0	
10-bit	quantizer	av1-1-b10-00-quantizer-39	/home/lilith/work/zen/rav1d-safe--lead-warp/test-vectors/dav1d-test-data/10-bit/quantizer/av1-1-b10-00-quantizer-39.ivf	cbba192759fe0915ea56ed6732ba21cb	0	
10-bit	quantizer	av1-1-b10-00-quantizer-40	/home/lilith/work/zen/rav1d-safe--lead-warp/test-vectors/dav1d-test-data/10-bit/quantizer/av1-1-b10-00-quantizer-40.ivf	6854e82b96b1e16ee4b072fa5669b0e1	0	
10-bit	quantizer	av1-1-b10-00-quantizer-41	/home/lilith/work/zen/rav1d-safe--lead-warp/test-vectors/dav1d-test-data/10-bit/quantizer/av1-1-b10-00-quantizer-41.ivf	4b09c49eb1f9732584a22facf6a02a34	0	
10-bit	quantizer	av1-1-b10-00-quantizer-42	/home/lilith/work/zen/rav1d-safe--lead-warp/test-vectors/dav1d-test-data/10-bit/quantizer/av1-1-b10-00-quantizer-42.ivf	d22aa42a80f48e63d82080b26c48e3f3	0	
10-bit	quantizer	av1-1-b10-00-quantizer-43	/home/lilith/work/zen/rav1d-safe--lead-warp/test-vectors/dav1d-test-data/10-bit/quantizer/av1-1-b10-00-quantizer-43.ivf	da46c8cad4caf9c91bde58447c2651e8	0	
10-bit	quantizer	av1-1-b10-00-quantizer-44	/home/lilith/work/zen/rav1d-safe--lead-warp/test-vectors/dav1d-test-data/10-bit/quantizer/av1-1-b10-00-quantizer-44.ivf	ad1e1d026e0126373f64bbba2d85429f	0	
10-bit	quantizer	av1-1-b10-00-quantizer-45	/home/lilith/work/zen/rav1d-safe--lead-warp/test-vectors/dav1d-test-data/10-bit/quantizer/av1-1-b10-00-quantizer-45.ivf	04d10320af7d99b8ecbb40ca5c63681f	0	
10-bit	quantizer	av1-1-b10-00-quantizer-46	/home/lilith/work/zen/rav1d-safe--lead-warp/test-vectors/dav1d-test-data/10-bit/quantizer/av1-1-b10-00-quantizer-46.ivf	9c4a60481b7797059d7f6c166929e8d4	0	
10-bit	quantizer	av1-1-b10-00-quantizer-47	/home/lilith/work/zen/rav1d-safe--lead-warp/test-vectors/dav1d-test-data/10-bit/quantizer/av1-1-b10-00-quantizer-47.ivf	98a1821861dcae3ec77ab10a2dd0c4bb	0	
10-bit	quantizer	av1-1-b10-00-quantizer-48	/home/lilith/work/zen/rav1d-safe--lead-warp/test-vectors/dav1d-test-data/10-bit/quantizer/av1-1-b10-00-quantizer-48.ivf	3b87ce150d6746eb868b27a19fb86e7f	0	
10-bit	quantizer	av1-1-b10-00-quantizer-49	/home/lilith/work/zen/rav1d-safe--lead-warp/test-vectors/dav1d-test-data/10-bit/quantizer/av1-1-b10-00-quantizer-49.ivf	f5cbe85a504c93913c2d58d4b9c0a0c9	0	
10-bit	quantizer	av1-1-b10-00-quantizer-50	/home/lilith/work/zen/rav1d-safe--lead-warp/test-vectors/dav1d-test-data/10-bit/quantizer/av1-1-b10-00-quantizer-50.ivf	77258f68bb746a04bebf57fd23582b49	0	
10-bit	quantizer	av1-1-b10-00-quantizer-51	/home/lilith/work/zen/rav1d-safe--lead-warp/test-vectors/dav1d-test-data/10-bit/quantizer/av1-1-b10-00-quantizer-51.ivf	c0b2dbfeaba5f4f3b4501b1d118bc3d1	0	
10-bit	quantizer	av1-1-b10-00-quantizer-52	/home/lilith/work/zen/rav1d-safe--lead-warp/test-vectors/dav1d-test-data/10-bit/quantizer/av1-1-b10-00-quantizer-52.ivf	fdcdb83a737333ac30f13c4acd976fe1	0	
10-bit	quantizer	av1-1-b10-00-quantizer-53	/home/lilith/work/zen/rav1d-safe--lead-warp/test-vectors/dav1d-test-data/10-bit/quantizer/av1-1-b10-00-quantizer-53.ivf	d505ed81e470319d4acf7dce262323c2	0	
10-bit	quantizer	av1-1-b10-00-quantizer-54	/home/lilith/work/zen/rav1d-safe--lead-warp/test-vectors/dav1d-test-data/10-bit/quantizer/av1-1-b10-00-quantizer-54.ivf	8a6fd37547462a6e9ffd629eb4a9563e	0	
10-bit	quantizer	av1-1-b10-00-quantizer-55	/home/lilith/work/zen/rav1d-safe--lead-warp/test-vectors/dav1d-test-data/10-bit/quantizer/av1-1-b10-00-quantizer-55.ivf	bb08af0080f809b02fb34ccb38c6d20d	0	
10-bit	quantizer	av1-1-b10-00-quantizer-56	/home/lilith/work/zen/rav1d-safe--lead-warp/test-vectors/dav1d-test-data/10-bit/quantizer/av1-1-b10-00-quantizer-56.ivf	0aeb3a869af91f4ca58a6f67b488b6ae	0	
10-bit	quantizer	av1-1-b10-00-quantizer-57	/home/lilith/work/zen/rav1d-safe--lead-warp/test-vectors/dav1d-test-data/10-bit/quantizer/av1-1-b10-00-quantizer-57.ivf	34234be86e8522694f906ea8ccf2ca39	0	
10-bit	quantizer	av1-1-b10-00-quantizer-58	/home/lilith/work/zen/rav1d-safe--lead-warp/test-vectors/dav1d-test-data/10-bit/quantizer/av1-1-b10-00-quantizer-58.ivf	c9fbfffdc05090be19ce94e244002f6d	0	
10-bit	quantizer	av1-1-b10-00-quantizer-59	/home/lilith/work/zen/rav1d-safe--lead-warp/test-vectors/dav1d-test-data/10-bit/quantizer/av1-1-b10-00-quantizer-59.ivf	1908cfabb49b6b2c53d3d5b575e54b1e	0	
10-bit	quantizer	av1-1-b10-00-quantizer-60	/home/lilith/work/zen/rav1d-safe--lead-warp/test-vectors/dav1d-test-data/10-bit/quantizer/av1-1-b10-00-quantizer-60.ivf	30b16f739a40fea2b0f035acd27ea16f	0	
10-bit	quantizer	av1-1-b10-00-quantizer-61	/home/lilith/work/zen/rav1d-safe--lead-warp/test-vectors/dav1d-test-data/10-bit/quantizer/av1-1-b10-00-quantizer-61.ivf	33c469d4efc580705517f432f0b1ede9	0	
10-bit	quantizer	av1-1-b10-00-quantizer-62	/home/lilith/work/zen/rav1d-safe--lead-warp/test-vectors/dav1d-test-data/10-bit/quantizer/av1-1-b10-00-quantizer-62.ivf	d959b0257d18892af3c7524e65609d05	0	
10-bit	quantizer	av1-1-b10-00-quantizer-63	/home/lilith/work/zen/rav1d-safe--lead-warp/test-vectors/dav1d-test-data/10-bit/quantizer/av1-1-b10-00-quantizer-63.ivf	cd215b30e02ffe016f4fccb8feb5e375	0	
12-bit	argon	test15240	/home/lilith/work/zen/rav1d-safe--lead-warp/test-vectors/dav1d-test-data/12-bit/argon/test15240.obu	29fdb7855a80856b0347d8c50e771d5f	0	
12-bit	argon	test15549_5522_4902	/home/lilith/work/zen/rav1d-safe--lead-warp/test-vectors/dav1d-test-data/12-bit/argon/test15549_5522_4902.obu	1ca9c65f54ec203c7225de08a631f668	0	
12-bit	argon	test16153	/home/lilith/work/zen/rav1d-safe--lead-warp/test-vectors/dav1d-test-data/12-bit/argon/test16153.obu	a1220a09623ea89fbba44e5f5748e83c	0	
12-bit	data	00000686	/home/lilith/work/zen/rav1d-safe--lead-warp/test-vectors/dav1d-test-data/12-bit/data/00000686.ivf	7333ff714f1f00df3f0d3ab5fd979599	0	
12-bit	data	00000687	/home/lilith/work/zen/rav1d-safe--lead-warp/test-vectors/dav1d-test-data/12-bit/data/00000687.ivf	8c704f4b5b898a2b9ce6c31e723e1b70	0	
12-bit	data	00000688	/home/lilith/work/zen/rav1d-safe--lead-warp/test-vectors/dav1d-test-data/12-bit/data/00000688.ivf	32a2cf31537a35100eb12abaa0aff3d0	0	
12-bit	data	00000689	/home/lilith/work/zen/rav1d-safe--lead-warp/test-vectors/dav1d-test-data/12-bit/data/00000689.ivf	a0d2ebebf7c2cf14be64d0bb392b57ee	0	
12-bit	data	00000690	/home/lilith/work/zen/rav1d-safe--lead-warp/test-vectors/dav1d-test-data/12-bit/data/00000690.ivf	8daed6dab364ff99fd98215a1f73833f	0	
12-bit	data	00000691	/home/lilith/work/zen/rav1d-safe--lead-warp/test-vectors/dav1d-test-data/12-bit/data/00000691.ivf	1cf17f6b4c61ac33b77b79cdf2aa83b4	0	
12-bit	data	00000692	/home/lilith/work/zen/rav1d-safe--lead-warp/test-vectors/dav1d-test-data/12-bit/data/00000692.ivf	fdc7e20f1491b8afccecf573d8eacab6	0	
12-bit	data	00000693	/home/lilith/work/zen/rav1d-safe--lead-warp/test-vectors/dav1d-test-data/12-bit/data/00000693.ivf	9b291dde70bc69973f2d37ba6689eb96	0	
12-bit	data	00000694	/home/lilith/work/zen/rav1d-safe--lead-warp/test-vectors/dav1d-test-data/12-bit/data/00000694.ivf	f20457f4a89118587327dd3a0f13b2bc	0	
12-bit	data	00000695	/home/lilith/work/zen/rav1d-safe--lead-warp/test-vectors/dav1d-test-data/12-bit/data/00000695.ivf	f71cf8411f676c41c0113bcdc1ffb761	0	
12-bit	data	00000696	/home/lilith/work/zen/rav1d-safe--lead-warp/test-vectors/dav1d-test-data/12-bit/data/00000696.ivf	82a42f5d0aac852074afe51632a2bd79	0	
12-bit	data	00000697	/home/lilith/work/zen/rav1d-safe--lead-warp/test-vectors/dav1d-test-data/12-bit/data/00000697.ivf	d1ada256f4930363d7c211b6a0ebb696	0	
