    Updating crates.io index
     Locking 74 packages to latest Rust 1.85 compatible versions
      Adding criterion v0.5.1 (available: v0.7.0)
   Compiling proc-macro2 v1.0.107
   Compiling quote v1.0.47
   Compiling unicode-ident v1.0.24
   Compiling cfg-if v1.0.4
   Compiling serde_core v1.0.229
   Compiling libc v0.2.189
   Compiling once_cell v1.21.4
   Compiling rustversion v1.0.23
   Compiling regex-syntax v0.8.11
   Compiling zerocopy v0.8.56
   Compiling zmij v1.0.23
   Compiling find-msvc-tools v0.1.12
   Compiling serde v1.0.229
   Compiling shlex v2.0.1
   Compiling tracing-core v0.1.36
   Compiling cc v1.4.5
   Compiling serde_json v1.0.151
   Compiling autocfg v1.5.1
   Compiling log v0.4.34
   Compiling num-traits v0.2.19
   Compiling syn v2.0.119
   Compiling syn v3.0.5
   Compiling itoa v1.0.18
   Compiling regex-automata v0.4.18
   Compiling memchr v2.8.3
   Compiling pin-project-lite v0.2.17
   Compiling anstyle v1.0.14
   Compiling ciborium-io v0.2.2
   Compiling lazy_static v1.5.0
   Compiling clap_lex v1.1.0
   Compiling either v1.18.0
   Compiling generator v0.8.9
   Compiling clap_builder v4.6.6
   Compiling itertools v0.10.5
   Compiling sharded-slab v0.1.7
   Compiling tracing v0.1.44
   Compiling tracing-log v0.2.0
   Compiling thread_local v1.1.10
   Compiling nu-ansi-term v0.50.3
   Compiling smallvec v1.16.0
   Compiling same-file v1.0.6
   Compiling cast v0.3.0
   Compiling walkdir v2.5.0
   Compiling criterion-plot v0.5.0
   Compiling serde_derive v1.0.229
   Compiling matchers v0.2.0
   Compiling tracing-subscriber v0.3.23
   Compiling clap v4.6.6
   Compiling regex v1.13.1
   Compiling is-terminal v0.4.17
   Compiling oorandom v11.1.5
   Compiling scoped-tls v1.0.1
   Compiling anes v0.1.6
   Compiling zerocopy-derive v0.8.56
   Compiling loom v0.7.2
   Compiling tinytemplate v1.2.1
   Compiling half v2.7.1
   Compiling ciborium-ll v0.2.2
   Compiling ciborium v0.2.2
   Compiling criterion v0.5.1
   Compiling rav1d-disjoint-mut v0.3.2 (/home/lilith/tmp/rav1d-review-0.3.2/mutation-no-mutable-scan)
warning: methods `find_overlap_any` and `find_overlap_any_overflow` are never used
    --> src/lib.rs:1269:12
     |
1188 |     impl BorrowSlots {
     |     ---------------- methods in this implementation
...
1269 |         fn find_overlap_any(&self, start: usize, end: usize) -> Option<(usize, usize, bool)> {
     |            ^^^^^^^^^^^^^^^^
...
1291 |         fn find_overlap_any_overflow(
     |            ^^^^^^^^^^^^^^^^^^^^^^^^^
     |
     = note: `#[warn(dead_code)]` (part of `#[warn(unused)]`) on by default

warning: `rav1d-disjoint-mut` (lib test) generated 1 warning
    Finished `test` profile [unoptimized + debuginfo] target(s) in 5.17s
     Running unittests src/lib.rs (/home/lilith/work/zen/rav1d-safe--disjoint-0.3.2/target/loom-mutation/debug/deps/rav1d_disjoint_mut-e2e3c2b292eb769c)

running 1 test
test checked::loom_032::inline_exclusion_reuse_and_payload_handoff ... FAILED

failures:

---- checked::loom_032::inline_exclusion_reuse_and_payload_handoff stdout ----

thread 'checked::loom_032::inline_exclusion_reuse_and_payload_handoff' (3330198) panicked at /home/lilith/.cargo/registry/src/index.crates.io-1949cf8c6b5b557f/loom-0.7.2/src/rt/cell.rs:76:13:
currently writing to cell
note: run with `RUST_BACKTRACE=1` environment variable to display a backtrace


failures:
    checked::loom_032::inline_exclusion_reuse_and_payload_handoff

test result: FAILED. 0 passed; 1 failed; 0 ignored; 0 measured; 9 filtered out; finished in 0.00s

error: test failed, to rerun pass `--lib`
