   Compiling rav1d-disjoint-mut v0.3.2 (/home/lilith/work/zen/rav1d-safe--disjoint-0.3.2/crates/rav1d-disjoint-mut)
    Finished `test` profile [unoptimized + debuginfo] target(s) in 0.21s
     Running unittests src/lib.rs (target/debug/deps/rav1d_disjoint_mut-6da846febb44b4b7)

running 7 tests
test test_dangerously_unchecked_skips_tracking ... ok
test test_new_always_tracked ... ok
test test_overlapping_immut ... ok
test test_range_overlap ... ok
test test_overlapping_mut - should panic ... ok
test test_range_inclusive_mul ... ok
test test_range_to_inclusive_mul ... ok

test result: ok. 7 passed; 0 failed; 0 ignored; 0 measured; 0 filtered out; finished in 0.00s

     Running tests/aligned_miri.rs (target/debug/deps/aligned_miri-de79413484def18a)

running 0 tests

test result: ok. 0 passed; 0 failed; 0 ignored; 0 measured; 0 filtered out; finished in 0.00s

     Running tests/guard_move_release.rs (target/debug/deps/guard_move_release-2b22c3e3fb610562)

running 2 tests
test moving_a_mut_guard_into_drop_is_not_ub ... ok
test moving_a_shared_guard_into_drop_is_not_ub ... ok

test result: ok. 2 passed; 0 failed; 0 ignored; 0 measured; 0 filtered out; finished in 0.82s

     Running tests/patch_032.rs (target/debug/deps/patch_032-ab26bfec6bc607f4)

running 5 tests
test zst_and_reversed_ranges_do_not_corrupt_other_records ... ok
test const_and_static_construction_stays_checked_across_threads ... ok
test existing_guard_send_sync_bounds_and_moves_compile ... ok
test interval_admission_matches_an_independent_element_set ... ok
test slot_exhaustion_and_reuse_never_release_a_forgotten_guard ... ok

test result: ok. 5 passed; 0 failed; 0 ignored; 0 measured; 0 filtered out; finished in 0.00s

     Running tests/pic_buf_overflow.rs (target/debug/deps/pic_buf_overflow-d684c16aa2d4a6c0)

running 0 tests

test result: ok. 0 passed; 0 failed; 0 ignored; 0 measured; 0 filtered out; finished in 0.00s

     Running tests/soundness.rs (target/debug/deps/soundness-467e7fc38de92cc2)

running 21 tests
test test_adjacent_element_guards ... ok
test test_concurrent_disjoint_mut_access ... ok
test test_concurrent_disjoint_array ... ok
test test_empty_range_no_conflict ... ok
test test_guard_drop_enables_reborrow ... ok
test test_arc_slice_concurrent ... ok
test test_immut_overlapping_mut_panics - should panic ... ok
test test_disjoint_immut_and_mut_single_thread ... ok
test test_oob_panic_poisons ... ok
test test_mut_overlapping_immut_panics - should panic ... ok
test test_concurrent_disjoint_box_slice ... ok
test test_overflow_overlap_detected - should panic ... ok
test test_concurrent_reads ... ok
test test_overflow_slot_reuse ... ok
test test_overlapping_immut_guards ... ok
test test_two_disjoint_mut_guards_single_thread ... ok
test test_overflow_beyond_64_borrows ... ok
test test_two_empty_ranges_same_position ... ok
test test_cross_thread_mut_immut_disjoint ... ok
test test_panic_during_immut_guard_no_poison ... ok
test test_overlapping_mut_panics - should panic ... ok

test result: ok. 21 passed; 0 failed; 0 ignored; 0 measured; 0 filtered out; finished in 0.00s

   Doc-tests rav1d_disjoint_mut

running 3 tests
test crates/rav1d-disjoint-mut/src/lib.rs - ExternalAsMutPtr::as_mut_slice (line 559) ... ignored
test crates/rav1d-disjoint-mut/src/lib.rs - ExternalAsMutPtr::as_mut_slice (line 571) ... ignored
test crates/rav1d-disjoint-mut/src/lib.rs - (line 23) ... ok

test result: ok. 1 passed; 0 failed; 2 ignored; 0 measured; 0 filtered out; finished in 0.00s


running 4 tests
test crates/rav1d-disjoint-mut/src/lib.rs - (line 35) - compile fail ... ok
test crates/rav1d-disjoint-mut/src/lib.rs - (line 46) - compile fail ... ok
test crates/rav1d-disjoint-mut/src/lib.rs - (line 65) - compile fail ... ok
test crates/rav1d-disjoint-mut/src/lib.rs - (line 56) - compile fail ... ok

test result: ok. 4 passed; 0 failed; 0 ignored; 0 measured; 0 filtered out; finished in 0.02s

all doctests ran in 0.12s; merged doctests compilation took 0.09s
