   Compiling rav1d-disjoint-mut v0.3.2 (/home/lilith/work/zen/rav1d-safe--disjoint-0.3.2/crates/rav1d-disjoint-mut)
    Finished `test` profile [unoptimized + debuginfo] target(s) in 0.24s
     Running unittests src/lib.rs (target/debug/deps/rav1d_disjoint_mut-179c895358374bf0)

running 18 tests
test align::tests::align_array_default ... ok
test align::tests::align_constructor_and_deref ... ok
test align::tests::align_copy ... ok
test align::tests::align_disjoint_mut ... ok
test align::tests::align_type_alias_layout ... ok
test align::tests::align_in_repr_c_struct ... ok
test align::tests::aligned_vec64_basic ... ok
test align::tests::aligned_vec64_default ... ok
test align::tests::aligned_vec64_disjoint_mut ... ok
test align::tests::aligned_vec64_resizable ... ok
test align::tests::deref_to_inner ... ok
test test_dangerously_unchecked_skips_tracking ... ok
test test_new_always_tracked ... ok
test test_overlapping_immut ... ok
test test_range_inclusive_mul ... ok
test test_range_overlap ... ok
test test_overlapping_mut - should panic ... ok
test test_range_to_inclusive_mul ... ok

test result: ok. 18 passed; 0 failed; 0 ignored; 0 measured; 0 filtered out; finished in 0.00s

     Running tests/aligned_miri.rs (target/debug/deps/aligned_miri-36b884ca57657cb0)

running 2 tests
test test_aligned_immut_and_mut_disjoint ... ok
test test_aligned_two_disjoint_mut_guards ... ok

test result: ok. 2 passed; 0 failed; 0 ignored; 0 measured; 0 filtered out; finished in 0.00s

     Running tests/guard_move_release.rs (target/debug/deps/guard_move_release-b3037e5ea2855d47)

running 2 tests
test moving_a_mut_guard_into_drop_is_not_ub ... ok
test moving_a_shared_guard_into_drop_is_not_ub ... ok

test result: ok. 2 passed; 0 failed; 0 ignored; 0 measured; 0 filtered out; finished in 0.85s

     Running tests/patch_032.rs (target/debug/deps/patch_032-d0bc5c736a3e72bc)

running 6 tests
test all_four_cast_paths_keep_the_original_reservation ... ok
test zst_and_reversed_ranges_do_not_corrupt_other_records ... ok
test const_and_static_construction_stays_checked_across_threads ... ok
test existing_guard_send_sync_bounds_and_moves_compile ... ok
test interval_admission_matches_an_independent_element_set ... ok
test slot_exhaustion_and_reuse_never_release_a_forgotten_guard ... ok

test result: ok. 6 passed; 0 failed; 0 ignored; 0 measured; 0 filtered out; finished in 0.00s

     Running tests/pic_buf_overflow.rs (target/debug/deps/pic_buf_overflow-dddf9968d3fcf593)

running 3 tests
test accepts_valid_aligned_region ... ok
test rejects_overflowing_usable_len - should panic ... ok
test rejects_oversized_usable_len - should panic ... ok

test result: ok. 3 passed; 0 failed; 0 ignored; 0 measured; 0 filtered out; finished in 0.00s

     Running tests/soundness.rs (target/debug/deps/soundness-4cdc3d7433fb1f3e)

running 22 tests
test test_adjacent_element_guards ... ok
test test_concurrent_disjoint_array ... ok
test test_arc_slice_concurrent ... ok
test test_concurrent_disjoint_mut_access ... ok
test test_disjoint_immut_and_mut_single_thread ... ok
test test_concurrent_disjoint_box_slice ... ok
test test_guard_drop_enables_reborrow ... ok
test test_mut_overlapping_immut_panics - should panic ... ok
test test_cross_thread_mut_immut_disjoint ... ok
test test_immut_overlapping_mut_panics - should panic ... ok
test test_empty_range_no_conflict ... ok
test test_overflow_overlap_detected - should panic ... ok
test test_overflow_beyond_64_borrows ... ok
test test_overlapping_immut_guards ... ok
test test_overlapping_mut_panics - should panic ... ok
test test_panic_during_immut_guard_no_poison ... ok
test test_two_disjoint_mut_guards_single_thread ... ok
test test_two_empty_ranges_same_position ... ok
test test_zerocopy_cast_disjoint ... ok
test test_concurrent_reads ... ok
test test_oob_panic_poisons ... ok
test test_overflow_slot_reuse ... ok

test result: ok. 22 passed; 0 failed; 0 ignored; 0 measured; 0 filtered out; finished in 0.00s

   Doc-tests rav1d_disjoint_mut

running 3 tests
test crates/rav1d-disjoint-mut/src/lib.rs - ExternalAsMutPtr::as_mut_slice (line 559) ... ignored
test crates/rav1d-disjoint-mut/src/lib.rs - ExternalAsMutPtr::as_mut_slice (line 571) ... ignored
test crates/rav1d-disjoint-mut/src/lib.rs - (line 23) ... ok

test result: ok. 1 passed; 0 failed; 2 ignored; 0 measured; 0 filtered out; finished in 0.00s


running 4 tests
test crates/rav1d-disjoint-mut/src/lib.rs - (line 35) - compile fail ... ok
test crates/rav1d-disjoint-mut/src/lib.rs - (line 46) - compile fail ... ok
test crates/rav1d-disjoint-mut/src/lib.rs - (line 56) - compile fail ... ok
test crates/rav1d-disjoint-mut/src/lib.rs - (line 65) - compile fail ... ok

test result: ok. 4 passed; 0 failed; 0 ignored; 0 measured; 0 filtered out; finished in 0.02s

all doctests ran in 0.12s; merged doctests compilation took 0.10s
