warning: unused variable: `sqrt2x2`
    --> src/safe_simd/itx_arm_neon_16x16.rs:1469:13
     |
1469 |         let sqrt2x2 = 5793i32; // sqrt(2) * 4096
     |             ^^^^^^^ help: if this is intentional, prefix it with an underscore: `_sqrt2x2`
     |
     = note: `#[warn(unused_variables)]` (part of `#[warn(unused)]`) on by default

warning: type alias `ptrdiff_t` is never used
  --> src/safe_simd/itx_arm.rs:43:6
   |
43 | type ptrdiff_t = isize;
   |      ^^^^^^^^^
   |
   = note: `#[warn(dead_code)]` (part of `#[warn(unused)]`) on by default

warning: function `inv_txfm_add_wht_wht_4x4_16bpc_inner` is never used
   --> src/safe_simd/itx_arm.rs:118:4
    |
118 | fn inv_txfm_add_wht_wht_4x4_16bpc_inner(
    |    ^^^^^^^^^^^^^^^^^^^^^^^^^^^^^^^^^^^^

warning: constant `DCT4_C1` is never used
   --> src/safe_simd/itx_arm.rs:188:7
    |
188 | const DCT4_C1: i32 = 2896; // cos(pi/8) * 4096
    |       ^^^^^^^

warning: constant `DCT4_C2` is never used
   --> src/safe_simd/itx_arm.rs:189:7
    |
189 | const DCT4_C2: i32 = 2896; // cos(3pi/8) * 4096
    |       ^^^^^^^

warning: constant `DCT4_C3` is never used
   --> src/safe_simd/itx_arm.rs:190:7
    |
190 | const DCT4_C3: i32 = 1567; // sin(pi/8) * 4096
    |       ^^^^^^^

warning: constant `DCT4_C4` is never used
   --> src/safe_simd/itx_arm.rs:191:7
    |
191 | const DCT4_C4: i32 = 3784; // sin(3pi/8) * 4096
    |       ^^^^^^^

warning: function `inv_txfm_add_dct_dct_4x4_16bpc_inner` is never used
   --> src/safe_simd/itx_arm.rs:267:4
    |
267 | fn inv_txfm_add_dct_dct_4x4_16bpc_inner(
    |    ^^^^^^^^^^^^^^^^^^^^^^^^^^^^^^^^^^^^

warning: constant `COS_PI_1_16` is never used
   --> src/safe_simd/itx_arm.rs:320:7
    |
320 | const COS_PI_1_16: i32 = 4017; // cos(pi/16) * 4096
    |       ^^^^^^^^^^^

warning: constant `COS_PI_2_16` is never used
   --> src/safe_simd/itx_arm.rs:321:7
    |
321 | const COS_PI_2_16: i32 = 3784; // cos(2*pi/16) * 4096
    |       ^^^^^^^^^^^

warning: constant `COS_PI_3_16` is never used
   --> src/safe_simd/itx_arm.rs:322:7
    |
322 | const COS_PI_3_16: i32 = 3406; // cos(3*pi/16) * 4096
    |       ^^^^^^^^^^^

warning: constant `COS_PI_4_16` is never used
   --> src/safe_simd/itx_arm.rs:323:7
    |
323 | const COS_PI_4_16: i32 = 2896; // cos(4*pi/16) * 4096 = sqrt(2)/2 * 4096
    |       ^^^^^^^^^^^

warning: constant `COS_PI_5_16` is never used
   --> src/safe_simd/itx_arm.rs:324:7
    |
324 | const COS_PI_5_16: i32 = 2276; // cos(5*pi/16) * 4096
    |       ^^^^^^^^^^^

warning: constant `COS_PI_6_16` is never used
   --> src/safe_simd/itx_arm.rs:325:7
    |
325 | const COS_PI_6_16: i32 = 1567; // cos(6*pi/16) * 4096
    |       ^^^^^^^^^^^

warning: constant `COS_PI_7_16` is never used
   --> src/safe_simd/itx_arm.rs:326:7
    |
326 | const COS_PI_7_16: i32 = 799; // cos(7*pi/16) * 4096
    |       ^^^^^^^^^^^

warning: function `inv_txfm_add_dct_dct_8x8_16bpc_inner` is never used
   --> src/safe_simd/itx_arm.rs:415:4
    |
415 | fn inv_txfm_add_dct_dct_8x8_16bpc_inner(
    |    ^^^^^^^^^^^^^^^^^^^^^^^^^^^^^^^^^^^^

warning: function `inv_txfm_add_dct_dct_16x16_16bpc_inner` is never used
   --> src/safe_simd/itx_arm.rs:570:4
    |
570 | fn inv_txfm_add_dct_dct_16x16_16bpc_inner(
    |    ^^^^^^^^^^^^^^^^^^^^^^^^^^^^^^^^^^^^^^

warning: function `inv_txfm_add_identity_identity_4x4_16bpc_inner` is never used
   --> src/safe_simd/itx_arm.rs:649:4
    |
649 | fn inv_txfm_add_identity_identity_4x4_16bpc_inner(
    |    ^^^^^^^^^^^^^^^^^^^^^^^^^^^^^^^^^^^^^^^^^^^^^^

warning: function `inv_txfm_add_identity_identity_8x8_16bpc_inner` is never used
   --> src/safe_simd/itx_arm.rs:705:4
    |
705 | fn inv_txfm_add_identity_identity_8x8_16bpc_inner(
    |    ^^^^^^^^^^^^^^^^^^^^^^^^^^^^^^^^^^^^^^^^^^^^^^

warning: function `inv_txfm_add_identity_identity_16x16_8bpc_inner` is never used
   --> src/safe_simd/itx_arm.rs:731:4
    |
731 | fn inv_txfm_add_identity_identity_16x16_8bpc_inner(
    |    ^^^^^^^^^^^^^^^^^^^^^^^^^^^^^^^^^^^^^^^^^^^^^^^

warning: function `inv_txfm_add_identity_identity_16x16_16bpc_inner` is never used
   --> src/safe_simd/itx_arm.rs:761:4
    |
761 | fn inv_txfm_add_identity_identity_16x16_16bpc_inner(
    |    ^^^^^^^^^^^^^^^^^^^^^^^^^^^^^^^^^^^^^^^^^^^^^^^^

warning: function `inv_txfm_add_adst_adst_4x4_16bpc_inner` is never used
   --> src/safe_simd/itx_arm.rs:877:4
    |
877 | fn inv_txfm_add_adst_adst_4x4_16bpc_inner(
    |    ^^^^^^^^^^^^^^^^^^^^^^^^^^^^^^^^^^^^^^

warning: function `inv_txfm_add_adst_adst_8x8_8bpc_inner` is never used
   --> src/safe_simd/itx_arm.rs:990:4
    |
990 | fn inv_txfm_add_adst_adst_8x8_8bpc_inner(
    |    ^^^^^^^^^^^^^^^^^^^^^^^^^^^^^^^^^^^^^

warning: function `inv_txfm_add_adst_adst_8x8_16bpc_inner` is never used
    --> src/safe_simd/itx_arm.rs:1034:4
     |
1034 | fn inv_txfm_add_adst_adst_8x8_16bpc_inner(
     |    ^^^^^^^^^^^^^^^^^^^^^^^^^^^^^^^^^^^^^^

warning: function `inv_txfm_add_flipadst_flipadst_4x4_16bpc_inner` is never used
    --> src/safe_simd/itx_arm.rs:1135:4
     |
1135 | fn inv_txfm_add_flipadst_flipadst_4x4_16bpc_inner(
     |    ^^^^^^^^^^^^^^^^^^^^^^^^^^^^^^^^^^^^^^^^^^^^^^

warning: function `inv_txfm_add_dct_adst_4x4_16bpc_inner` is never used
    --> src/safe_simd/itx_arm.rs:1284:4
     |
1284 | fn inv_txfm_add_dct_adst_4x4_16bpc_inner(
     |    ^^^^^^^^^^^^^^^^^^^^^^^^^^^^^^^^^^^^^

warning: function `inv_txfm_add_adst_dct_4x4_16bpc_inner` is never used
    --> src/safe_simd/itx_arm.rs:1331:4
     |
1331 | fn inv_txfm_add_adst_dct_4x4_16bpc_inner(
     |    ^^^^^^^^^^^^^^^^^^^^^^^^^^^^^^^^^^^^^

warning: function `inv_txfm_add_dct_flipadst_4x4_16bpc_inner` is never used
    --> src/safe_simd/itx_arm.rs:1476:4
     |
1476 | fn inv_txfm_add_dct_flipadst_4x4_16bpc_inner(
     |    ^^^^^^^^^^^^^^^^^^^^^^^^^^^^^^^^^^^^^^^^^

warning: function `inv_txfm_add_flipadst_dct_4x4_16bpc_inner` is never used
    --> src/safe_simd/itx_arm.rs:1523:4
     |
1523 | fn inv_txfm_add_flipadst_dct_4x4_16bpc_inner(
     |    ^^^^^^^^^^^^^^^^^^^^^^^^^^^^^^^^^^^^^^^^^

warning: function `inv_txfm_add_adst_flipadst_4x4_16bpc_inner` is never used
    --> src/safe_simd/itx_arm.rs:1668:4
     |
1668 | fn inv_txfm_add_adst_flipadst_4x4_16bpc_inner(
     |    ^^^^^^^^^^^^^^^^^^^^^^^^^^^^^^^^^^^^^^^^^^

warning: function `inv_txfm_add_flipadst_adst_4x4_16bpc_inner` is never used
    --> src/safe_simd/itx_arm.rs:1715:4
     |
1715 | fn inv_txfm_add_flipadst_adst_4x4_16bpc_inner(
     |    ^^^^^^^^^^^^^^^^^^^^^^^^^^^^^^^^^^^^^^^^^^

warning: function `inv_txfm_add_dct_dct_4x8_8bpc_inner` is never used
    --> src/safe_simd/itx_arm.rs:3161:4
     |
3161 | fn inv_txfm_add_dct_dct_4x8_8bpc_inner(
     |    ^^^^^^^^^^^^^^^^^^^^^^^^^^^^^^^^^^^

warning: function `inv_txfm_add_dct_dct_4x8_16bpc_inner` is never used
    --> src/safe_simd/itx_arm.rs:3208:4
     |
3208 | fn inv_txfm_add_dct_dct_4x8_16bpc_inner(
     |    ^^^^^^^^^^^^^^^^^^^^^^^^^^^^^^^^^^^^

warning: function `inv_txfm_add_dct_dct_8x4_8bpc_inner` is never used
    --> src/safe_simd/itx_arm.rs:3253:4
     |
3253 | fn inv_txfm_add_dct_dct_8x4_8bpc_inner(
     |    ^^^^^^^^^^^^^^^^^^^^^^^^^^^^^^^^^^^

warning: function `inv_txfm_add_dct_dct_8x4_16bpc_inner` is never used
    --> src/safe_simd/itx_arm.rs:3300:4
     |
3300 | fn inv_txfm_add_dct_dct_8x4_16bpc_inner(
     |    ^^^^^^^^^^^^^^^^^^^^^^^^^^^^^^^^^^^^

warning: function `inv_txfm_add_dct_dct_8x16_8bpc_inner` is never used
    --> src/safe_simd/itx_arm.rs:3349:4
     |
3349 | fn inv_txfm_add_dct_dct_8x16_8bpc_inner(
     |    ^^^^^^^^^^^^^^^^^^^^^^^^^^^^^^^^^^^^

warning: function `inv_txfm_add_dct_dct_8x16_16bpc_inner` is never used
    --> src/safe_simd/itx_arm.rs:3395:4
     |
3395 | fn inv_txfm_add_dct_dct_8x16_16bpc_inner(
     |    ^^^^^^^^^^^^^^^^^^^^^^^^^^^^^^^^^^^^^

warning: function `inv_txfm_add_dct_dct_16x8_8bpc_inner` is never used
    --> src/safe_simd/itx_arm.rs:3439:4
     |
3439 | fn inv_txfm_add_dct_dct_16x8_8bpc_inner(
     |    ^^^^^^^^^^^^^^^^^^^^^^^^^^^^^^^^^^^^

warning: function `inv_txfm_add_dct_dct_16x8_16bpc_inner` is never used
    --> src/safe_simd/itx_arm.rs:3485:4
     |
3485 | fn inv_txfm_add_dct_dct_16x8_16bpc_inner(
     |    ^^^^^^^^^^^^^^^^^^^^^^^^^^^^^^^^^^^^^

warning: function `inv_txfm_add_dct_adst_8x8_8bpc_inner` is never used
    --> src/safe_simd/itx_arm.rs:3533:4
     |
3533 | fn inv_txfm_add_dct_adst_8x8_8bpc_inner(
     |    ^^^^^^^^^^^^^^^^^^^^^^^^^^^^^^^^^^^^

warning: function `inv_txfm_add_adst_dct_8x8_8bpc_inner` is never used
    --> src/safe_simd/itx_arm.rs:3577:4
     |
3577 | fn inv_txfm_add_adst_dct_8x8_8bpc_inner(
     |    ^^^^^^^^^^^^^^^^^^^^^^^^^^^^^^^^^^^^

warning: function `inv_txfm_add_dct_adst_8x8_16bpc_inner` is never used
    --> src/safe_simd/itx_arm.rs:3621:4
     |
3621 | fn inv_txfm_add_dct_adst_8x8_16bpc_inner(
     |    ^^^^^^^^^^^^^^^^^^^^^^^^^^^^^^^^^^^^^

warning: function `inv_txfm_add_adst_dct_8x8_16bpc_inner` is never used
    --> src/safe_simd/itx_arm.rs:3665:4
     |
3665 | fn inv_txfm_add_adst_dct_8x8_16bpc_inner(
     |    ^^^^^^^^^^^^^^^^^^^^^^^^^^^^^^^^^^^^^

warning: function `inv_txfm_add_dct_dct_32x32_16bpc_inner` is never used
    --> src/safe_simd/itx_arm.rs:4300:4
     |
4300 | fn inv_txfm_add_dct_dct_32x32_16bpc_inner(
     |    ^^^^^^^^^^^^^^^^^^^^^^^^^^^^^^^^^^^^^^

warning: function `inv_txfm_add_dct_dct_4x16_8bpc_inner` is never used
    --> src/safe_simd/itx_arm.rs:4348:4
     |
4348 | fn inv_txfm_add_dct_dct_4x16_8bpc_inner(
     |    ^^^^^^^^^^^^^^^^^^^^^^^^^^^^^^^^^^^^

warning: function `inv_txfm_add_dct_dct_4x16_16bpc_inner` is never used
    --> src/safe_simd/itx_arm.rs:4395:4
     |
4395 | fn inv_txfm_add_dct_dct_4x16_16bpc_inner(
     |    ^^^^^^^^^^^^^^^^^^^^^^^^^^^^^^^^^^^^^

warning: function `inv_txfm_add_dct_dct_16x4_8bpc_inner` is never used
    --> src/safe_simd/itx_arm.rs:4440:4
     |
4440 | fn inv_txfm_add_dct_dct_16x4_8bpc_inner(
     |    ^^^^^^^^^^^^^^^^^^^^^^^^^^^^^^^^^^^^

warning: function `inv_txfm_add_dct_dct_16x4_16bpc_inner` is never used
    --> src/safe_simd/itx_arm.rs:4487:4
     |
4487 | fn inv_txfm_add_dct_dct_16x4_16bpc_inner(
     |    ^^^^^^^^^^^^^^^^^^^^^^^^^^^^^^^^^^^^^

warning: function `inv_txfm_add_dct_dct_16x32_8bpc_inner` is never used
    --> src/safe_simd/itx_arm.rs:4536:4
     |
4536 | fn inv_txfm_add_dct_dct_16x32_8bpc_inner(
     |    ^^^^^^^^^^^^^^^^^^^^^^^^^^^^^^^^^^^^^

warning: function `inv_txfm_add_dct_dct_16x32_16bpc_inner` is never used
    --> src/safe_simd/itx_arm.rs:4582:4
     |
4582 | fn inv_txfm_add_dct_dct_16x32_16bpc_inner(
     |    ^^^^^^^^^^^^^^^^^^^^^^^^^^^^^^^^^^^^^^

warning: function `inv_txfm_add_dct_dct_32x16_8bpc_inner` is never used
    --> src/safe_simd/itx_arm.rs:4626:4
     |
4626 | fn inv_txfm_add_dct_dct_32x16_8bpc_inner(
     |    ^^^^^^^^^^^^^^^^^^^^^^^^^^^^^^^^^^^^^

warning: function `inv_txfm_add_dct_dct_32x16_16bpc_inner` is never used
    --> src/safe_simd/itx_arm.rs:4672:4
     |
4672 | fn inv_txfm_add_dct_dct_32x16_16bpc_inner(
     |    ^^^^^^^^^^^^^^^^^^^^^^^^^^^^^^^^^^^^^^

warning: function `inv_txfm_add_dct_dct_64x64_8bpc_inner` is never used
    --> src/safe_simd/itx_arm.rs:5144:4
     |
5144 | fn inv_txfm_add_dct_dct_64x64_8bpc_inner(
     |    ^^^^^^^^^^^^^^^^^^^^^^^^^^^^^^^^^^^^^

warning: function `inv_txfm_add_dct_dct_64x64_16bpc_inner` is never used
    --> src/safe_simd/itx_arm.rs:5190:4
     |
5190 | fn inv_txfm_add_dct_dct_64x64_16bpc_inner(
     |    ^^^^^^^^^^^^^^^^^^^^^^^^^^^^^^^^^^^^^^

warning: function `inv_txfm_add_dct_dct_8x32_8bpc_inner` is never used
    --> src/safe_simd/itx_arm.rs:5238:4
     |
5238 | fn inv_txfm_add_dct_dct_8x32_8bpc_inner(
     |    ^^^^^^^^^^^^^^^^^^^^^^^^^^^^^^^^^^^^

warning: function `inv_txfm_add_dct_dct_8x32_16bpc_inner` is never used
    --> src/safe_simd/itx_arm.rs:5284:4
     |
5284 | fn inv_txfm_add_dct_dct_8x32_16bpc_inner(
     |    ^^^^^^^^^^^^^^^^^^^^^^^^^^^^^^^^^^^^^

warning: function `inv_txfm_add_dct_dct_32x8_8bpc_inner` is never used
    --> src/safe_simd/itx_arm.rs:5328:4
     |
5328 | fn inv_txfm_add_dct_dct_32x8_8bpc_inner(
     |    ^^^^^^^^^^^^^^^^^^^^^^^^^^^^^^^^^^^^

warning: function `inv_txfm_add_dct_dct_32x8_16bpc_inner` is never used
    --> src/safe_simd/itx_arm.rs:5374:4
     |
5374 | fn inv_txfm_add_dct_dct_32x8_16bpc_inner(
     |    ^^^^^^^^^^^^^^^^^^^^^^^^^^^^^^^^^^^^^

warning: function `inv_txfm_add_dct_dct_32x64_8bpc_inner` is never used
    --> src/safe_simd/itx_arm.rs:5422:4
     |
5422 | fn inv_txfm_add_dct_dct_32x64_8bpc_inner(
     |    ^^^^^^^^^^^^^^^^^^^^^^^^^^^^^^^^^^^^^

warning: function `inv_txfm_add_dct_dct_32x64_16bpc_inner` is never used
    --> src/safe_simd/itx_arm.rs:5466:4
     |
5466 | fn inv_txfm_add_dct_dct_32x64_16bpc_inner(
     |    ^^^^^^^^^^^^^^^^^^^^^^^^^^^^^^^^^^^^^^

warning: function `inv_txfm_add_dct_dct_64x32_8bpc_inner` is never used
    --> src/safe_simd/itx_arm.rs:5510:4
     |
5510 | fn inv_txfm_add_dct_dct_64x32_8bpc_inner(
     |    ^^^^^^^^^^^^^^^^^^^^^^^^^^^^^^^^^^^^^

warning: function `inv_txfm_add_dct_dct_64x32_16bpc_inner` is never used
    --> src/safe_simd/itx_arm.rs:5554:4
     |
5554 | fn inv_txfm_add_dct_dct_64x32_16bpc_inner(
     |    ^^^^^^^^^^^^^^^^^^^^^^^^^^^^^^^^^^^^^^

warning: function `identity8_1d_arm` is never used
    --> src/safe_simd/itx_arm.rs:5988:4
     |
5988 | fn identity8_1d_arm(c: &mut [i32], stride: usize) {
     |    ^^^^^^^^^^^^^^^^

warning: function `identity16_1d_arm` is never used
    --> src/safe_simd/itx_arm.rs:5995:4
     |
5995 | fn identity16_1d_arm(c: &mut [i32], stride: usize) {
     |    ^^^^^^^^^^^^^^^^^

warning: function `identity32_1d_arm` is never used
    --> src/safe_simd/itx_arm.rs:6002:4
     |
6002 | fn identity32_1d_arm(c: &mut [i32], stride: usize) {
     |    ^^^^^^^^^^^^^^^^^

warning: function `identity_rect_8bpc_inner` is never used
    --> src/safe_simd/itx_arm.rs:6020:4
     |
6020 | fn identity_rect_8bpc_inner<const W: usize, const H: usize>(
     |    ^^^^^^^^^^^^^^^^^^^^^^^^

warning: function `identity_rect_16bpc_inner` is never used
    --> src/safe_simd/itx_arm.rs:6066:4
     |
6066 | fn identity_rect_16bpc_inner<const W: usize, const H: usize>(
     |    ^^^^^^^^^^^^^^^^^^^^^^^^^

warning: function `inv_txfm_add_dct_dct_16x64_8bpc_inner` is never used
    --> src/safe_simd/itx_arm.rs:7322:4
     |
7322 | fn inv_txfm_add_dct_dct_16x64_8bpc_inner(
     |    ^^^^^^^^^^^^^^^^^^^^^^^^^^^^^^^^^^^^^

warning: function `inv_txfm_add_dct_dct_16x64_16bpc_inner` is never used
    --> src/safe_simd/itx_arm.rs:7365:4
     |
7365 | fn inv_txfm_add_dct_dct_16x64_16bpc_inner(
     |    ^^^^^^^^^^^^^^^^^^^^^^^^^^^^^^^^^^^^^^

warning: function `inv_txfm_add_dct_dct_64x16_8bpc_inner` is never used
    --> src/safe_simd/itx_arm.rs:7408:4
     |
7408 | fn inv_txfm_add_dct_dct_64x16_8bpc_inner(
     |    ^^^^^^^^^^^^^^^^^^^^^^^^^^^^^^^^^^^^^

warning: function `inv_txfm_add_dct_dct_64x16_16bpc_inner` is never used
    --> src/safe_simd/itx_arm.rs:7451:4
     |
7451 | fn inv_txfm_add_dct_dct_64x16_16bpc_inner(
     |    ^^^^^^^^^^^^^^^^^^^^^^^^^^^^^^^^^^^^^^

warning: type alias `Itx1dFn` is never used
    --> src/safe_simd/itx_arm.rs:7655:6
     |
7655 | type Itx1dFn = fn(&mut [i32], NonZeroUsize, i32, i32);
     |      ^^^^^^^

warning: function `inv_txfm_add_generic_8bpc` is never used
    --> src/safe_simd/itx_arm.rs:7659:4
     |
7659 | fn inv_txfm_add_generic_8bpc(
     |    ^^^^^^^^^^^^^^^^^^^^^^^^^

warning: function `inv_txfm_add_generic_16bpc` is never used
    --> src/safe_simd/itx_arm.rs:7756:4
     |
7756 | fn inv_txfm_add_generic_16bpc(
     |    ^^^^^^^^^^^^^^^^^^^^^^^^^^

warning: function `resolve_1d` is never used
    --> src/safe_simd/itx_arm.rs:7853:4
     |
7853 | fn resolve_1d(txfm: &str, n: usize) -> Itx1dFn {
     |    ^^^^^^^^^^

warning: function `shift_for` is never used
    --> src/safe_simd/itx_arm.rs:7874:4
     |
7874 | fn shift_for(w: usize, h: usize) -> u8 {
     |    ^^^^^^^^^

warning: `rav1d-safe` (lib test) generated 76 warnings (run `cargo fix --lib -p rav1d-safe --tests` to apply 1 suggestion)
    Finished `test` profile [unoptimized + debuginfo] target(s) in 0.05s
     Running unittests lib.rs (target/debug/deps/rav1d_safe-fe5b135fd3f3089a)

running 1 test
test src::thread_task::grain_panic_tests::delayed_grain_panic_preserves_live_worker_state ... ok

test result: ok. 1 passed; 0 failed; 0 ignored; 0 measured; 101 filtered out; finished in 0.00s

