    Checking serde_core v1.0.229
    Checking cfg-if v1.0.4
    Checking zmij v1.0.23
    Checking clap_lex v1.1.0
    Checking itoa v1.0.18
    Checking zerocopy v0.8.56
    Checking regex-syntax v0.8.11
    Checking ciborium-io v0.2.2
    Checking memchr v2.8.3
    Checking either v1.18.0
    Checking anstyle v1.0.14
    Checking stable_deref_trait v1.2.1
    Checking as-slice v0.2.1
    Checking equator v0.4.2
    Checking itertools v0.10.5
    Checking clap_builder v4.6.6
    Checking libc v0.2.189
    Checking same-file v1.0.6
    Checking cast v0.3.0
    Checking walkdir v2.5.0
    Checking aligned-vec v0.6.4
    Checking aligned v0.4.3
    Checking num-traits v0.2.19
    Checking once_cell v1.21.4
    Checking oorandom v11.1.5
    Checking spin v0.12.3
    Checking regex-automata v0.4.18
    Checking anes v0.1.6
    Checking is-terminal v0.4.17
    Checking criterion-plot v0.5.0
    Checking clap v4.6.6
    Checking serde v1.0.229
    Checking serde_json v1.0.151
    Checking regex v1.13.1
    Checking tinytemplate v1.2.1
    Checking half v2.7.1
    Checking rav1d-disjoint-mut v0.3.2 (/home/lilith/work/zen/rav1d-safe/crates/rav1d-disjoint-mut)
    Checking ciborium-ll v0.2.2
    Checking ciborium v0.2.2
    Checking criterion v0.5.1
    Finished `dev` profile [unoptimized + debuginfo] target(s) in 2.49s
