   Compiling rav1d-safe v0.6.0 (/home/lilith/work/zen/rav1d-safe)
warning: function `token_test_lock` is never used
  --> src/safe_simd/mod.rs:33:15
   |
33 | pub(crate) fn token_test_lock() -> std::sync::MutexGuard<'static, ()> {
   |               ^^^^^^^^^^^^^^^
   |
   = note: `#[warn(dead_code)]` (part of `#[warn(unused)]`) on by default

warning: function `aligned_plane` is never used
  --> src/safe_simd/mod.rs:57:15
   |
57 | pub(crate) fn aligned_plane<T: Copy + Default>(
   |               ^^^^^^^^^^^^^

warning: `rav1d-safe` (lib test) generated 2 warnings
    Finished `test` profile [unoptimized + debuginfo] target(s) in 7.45s
     Running unittests lib.rs (target/debug/deps/rav1d_safe-b4c70de0d84bb978)

running 1 test
Rav1dTaskContext = 9088
test src::internal::task_ctx_size::task_context_stays_stack_light ... ok

test result: ok. 1 passed; 0 failed; 0 ignored; 0 measured; 54 filtered out; finished in 0.00s

