    Finished `test` profile [unoptimized + debuginfo] target(s) in 0.02s
     Running tests/adversarial_api.rs (target/miri/x86_64-unknown-linux-gnu/debug/deps/adversarial_api-fa942453d5ebd2ad)

running 6 tests
test extreme_rectangle_geometry_never_wraps_into_an_accepted_view ... ok
test forgotten_guard_survives_unrelated_slot_reuse ... ok
test moved_borrowed_storage_and_guards_keep_their_reference_authority ... ok
test rectangles_and_ranges_match_an_element_set_oracle_in_both_orders ... ok
test typed_views_and_byte_views_agree_at_inclusive_endpoints ... ok
test unwind_with_a_live_guard_poisoning_cannot_be_cleared_by_hints ... ok

test result: ok. 6 passed; 0 failed; 0 ignored; 0 measured; 0 filtered out; finished in 9.96s

     Running tests/aligned_miri.rs (target/miri/x86_64-unknown-linux-gnu/debug/deps/aligned_miri-dea3275a1b07dedc)

running 2 tests
test test_aligned_immut_and_mut_disjoint ... ok
test test_aligned_two_disjoint_mut_guards ... ok

test result: ok. 2 passed; 0 failed; 0 ignored; 0 measured; 0 filtered out; finished in 0.26s

     Running tests/const_constructor.rs (target/miri/x86_64-unknown-linux-gnu/debug/deps/const_constructor-661eb88a93db04d1)

running 5 tests
test both_constructors_preserve_live_leases_when_global_hints_change ... ok
test const_static_concurrent_first_use_stays_checked ... ok
test exclusive_storage_mutation_before_initialization_uses_current_length ... ok
test moved_initialized_buffer_preserves_poison_and_leaked_reservations ... ok
test resize_and_stride_before_and_after_first_borrow ... ok

test result: ok. 5 passed; 0 failed; 0 ignored; 0 measured; 0 filtered out; finished in 3.42s

     Running tests/guard_move_release.rs (target/miri/x86_64-unknown-linux-gnu/debug/deps/guard_move_release-add674df261a8bce)

running 2 tests
test moving_a_mut_guard_into_drop_is_not_ub ... ok
test moving_a_shared_guard_into_drop_is_not_ub ... ok

test result: ok. 2 passed; 0 failed; 0 ignored; 0 measured; 0 filtered out; finished in 128.00s

     Running tests/pic_buf_overflow.rs (target/miri/x86_64-unknown-linux-gnu/debug/deps/pic_buf_overflow-31817050d937671e)

running 3 tests
test accepts_valid_aligned_region ... ok
test rejects_overflowing_usable_len - should panic ... ok
test rejects_oversized_usable_len - should panic ... ok

test result: ok. 3 passed; 0 failed; 0 ignored; 0 measured; 0 filtered out; finished in 0.44s

     Running tests/rect_units.rs (target/miri/x86_64-unknown-linux-gnu/debug/deps/rect_units-0198d1b576b640c6)

running 8 tests
test u16_negative_stride_rect_covers_the_low_row - should panic ... ok
test u16_range_then_overlapping_rect_mut_panics - should panic ... ok
test u16_rect_in_the_upper_half_is_representable ... ok
test u16_rect_mut_and_gap_range_coexist ... ok
test u16_rect_mut_then_overlapping_range_panics - should panic ... ok
test u16_rect_then_mut_range_over_a_row_panics - should panic ... ok
test u8_buffer_rect_as_u16_gap_is_free ... ok
test u8_buffer_rect_as_u16_still_collides_with_slice_as_u16 - should panic ... ok

test result: ok. 8 passed; 0 failed; 0 ignored; 0 measured; 0 filtered out; finished in 1.51s

     Running tests/soundness.rs (target/miri/x86_64-unknown-linux-gnu/debug/deps/soundness-ea8a80e687fc16ab)

running 27 tests
test test_adjacent_element_guards ... ok
test test_arc_slice_concurrent ... ok
test test_borrowed_slice_immut_and_mut_disjoint ... ok
test test_borrowed_slice_scoped_threads ... ok
test test_borrowed_slice_two_disjoint_mut_guards ... ok
test test_borrowed_slice_zerocopy_cast_disjoint ... ok
test test_concurrent_disjoint_array ... ok
test test_concurrent_disjoint_box_slice ... ok
test test_concurrent_disjoint_mut_access ... ok
test test_concurrent_reads ... ok
test test_cross_thread_mut_immut_disjoint ... ok
test test_disjoint_immut_and_mut_single_thread ... ok
test test_empty_range_no_conflict ... ok
test test_guard_drop_enables_reborrow ... ok
test test_immut_overlapping_mut_panics - should panic ... ok
test test_mut_overlapping_immut_panics - should panic ... ok
test test_oob_panic_poisons ... ok
test test_overflow_beyond_64_borrows ... ok
test test_overflow_overlap_detected - should panic ... ok
test test_overflow_slot_reuse ... ok
test test_overlapping_immut_guards ... ok
test test_overlapping_mut_panics - should panic ... ok
test test_panic_during_immut_guard_no_poison ... ok
test test_panic_during_mut_guard_poisons ... ok
test test_two_disjoint_mut_guards_single_thread ... ok
test test_two_empty_ranges_same_position ... ok
test test_zerocopy_cast_disjoint ... ok

test result: ok. 27 passed; 0 failed; 0 ignored; 0 measured; 0 filtered out; finished in 9.96s

     Running tests/wide_exclusion.rs (target/miri/x86_64-unknown-linux-gnu/debug/deps/wide_exclusion-50fc093a6f8039cd)

running 1 test
test a_wide_borrow_excludes_every_narrow_shard ... ok

test result: ok. 1 passed; 0 failed; 0 ignored; 0 measured; 0 filtered out; finished in 93.31s

