   Compiling proc-macro2 v1.0.107
   Compiling quote v1.0.47
   Compiling unicode-ident v1.0.24
   Compiling serde_core v1.0.229
   Compiling zerocopy v0.8.56
   Compiling zmij v1.0.23
   Compiling serde v1.0.229
   Compiling serde_json v1.0.151
   Compiling cfg-if v1.0.4
   Compiling autocfg v1.5.1
   Compiling libc v0.2.189
   Compiling ciborium-io v0.2.2
   Compiling either v1.18.0
   Compiling regex-syntax v0.8.11
   Compiling memchr v2.8.3
   Compiling num-traits v0.2.19
   Compiling itoa v1.0.18
   Compiling anstyle v1.0.14
   Compiling clap_lex v1.1.0
   Compiling clap_builder v4.6.6
   Compiling itertools v0.10.5
   Compiling syn v2.0.119
   Compiling syn v3.0.4
   Compiling same-file v1.0.6
   Compiling cast v0.3.0
   Compiling walkdir v2.5.0
   Compiling regex-automata v0.4.18
   Compiling is-terminal v0.4.17
   Compiling criterion-plot v0.5.0
   Compiling clap v4.6.6
   Compiling oorandom v11.1.5
   Compiling anes v0.1.6
   Compiling once_cell v1.21.4
   Compiling spin v0.12.3
   Compiling rav1d-disjoint-mut v0.3.2 (/home/lilith/work/zen/rav1d-safe/crates/rav1d-disjoint-mut)
warning: constant `SHARD_MASK_BITS` is never used
    --> crates/rav1d-disjoint-mut/src/tracker_shard.rs:1334:7
     |
1334 | const SHARD_MASK_BITS: u64 = (1u64 << SHARD_ID_BITS) - 1;
     |       ^^^^^^^^^^^^^^^
     |
     = note: `#[warn(dead_code)]` on by default

warning: `rav1d-disjoint-mut` (lib) generated 1 warning
   Compiling serde_derive v1.0.229
   Compiling regex v1.13.1
   Compiling zerocopy-derive v0.8.56
   Compiling tinytemplate v1.2.1
   Compiling half v2.7.1
   Compiling ciborium-ll v0.2.2
   Compiling ciborium v0.2.2
   Compiling criterion v0.5.1
    Finished `test` profile [unoptimized + debuginfo] target(s) in 4.95s
     Running tests/const_constructor.rs (target/debug/deps/const_constructor-e5e00b8bdb8df88a)

running 5 tests
test exclusive_storage_mutation_before_initialization_uses_current_length ... ok
test moved_initialized_buffer_preserves_poison_and_leaked_reservations ... ok
test resize_and_stride_before_and_after_first_borrow ... ok
test const_static_concurrent_first_use_stays_checked ... ok
test both_constructors_preserve_live_leases_when_global_hints_change ... ok

test result: ok. 5 passed; 0 failed; 0 ignored; 0 measured; 0 filtered out; finished in 0.00s

