run-heavy: mem-cap=16G (cgroup, hard) jobs=8/24 avail=27671MiB :: python3 benchmarks/upstream-2026-09-07/compare.py --repo /home/lilith/work/zen/rav1d-safe --work-dir /home/lilith/tmp/rav1d-upstream-perf-2026-09-07 --reps 7
Completed rotation 1/7; 72 runs validated
Completed rotation 2/7; 144 runs validated
Completed rotation 3/7; 216 runs validated
Completed rotation 4/7; 288 runs validated
Completed rotation 5/7; 360 runs validated
Completed rotation 6/7; 432 runs validated
Completed rotation 7/7; 504 runs validated
multi 1x1 {'checked': 2.074974, 'upstream-fd1': 0.359361, 'upstream-auto': 0.361766} {'upstream-fd1': {'ratio_of_medians': 5.774065633165536, 'paired_median': 5.787840082813662, 'paired_range': [5.685720087035497, 5.851262174572939]}, 'upstream-auto': {'ratio_of_medians': 5.735679969925312, 'paired_median': 5.765956798755078, 'paired_range': [5.685242772759433, 5.8384140706678105]}}
multi 2x1 {'checked': 2.029919, 'upstream-fd1': 0.264712, 'upstream-auto': 0.213426} {'upstream-fd1': {'ratio_of_medians': 7.668405663513554, 'paired_median': 7.679576294236755, 'paired_range': [6.8396577179389935, 7.91039399282544]}, 'upstream-auto': {'ratio_of_medians': 9.511113922389962, 'paired_median': 9.529745822669408, 'paired_range': [8.763859541030836, 9.75343210293029]}}
multi 4x1 {'checked': 1.877213, 'upstream-fd1': 0.228687, 'upstream-auto': 0.155083} {'upstream-fd1': {'ratio_of_medians': 8.208656373121341, 'paired_median': 8.116001346819013, 'paired_range': [7.801145312571426, 8.721435308089982]}, 'upstream-auto': {'ratio_of_medians': 12.10456981100443, 'paired_median': 12.40701654129734, 'paired_range': [11.61706735433475, 12.615607507857614]}}
multi 8x1 {'checked': 1.931175, 'upstream-fd1': 0.248663, 'upstream-auto': 0.156495} {'upstream-fd1': {'ratio_of_medians': 7.766233818461131, 'paired_median': 7.956028842248344, 'paired_range': [7.357779729878116, 8.277897452489613]}, 'upstream-auto': {'ratio_of_medians': 12.340170612479632, 'paired_median': 12.424965653854755, 'paired_range': [11.558870270396596, 13.070116070522149]}}
multi 16x1 {'checked': 2.240594, 'upstream-fd1': 0.27901, 'upstream-auto': 0.17874} {'upstream-fd1': {'ratio_of_medians': 8.030515035303395, 'paired_median': 8.147140530005528, 'paired_range': [7.341835402515925, 8.626670616071461]}, 'upstream-auto': {'ratio_of_medians': 12.535492894707396, 'paired_median': 12.487832852146695, 'paired_range': [11.491628149860007, 13.57126873126873]}}
multi 24x1 {'checked': 2.423984, 'upstream-fd1': 0.28113, 'upstream-auto': 0.189029} {'upstream-fd1': {'ratio_of_medians': 8.622288620922705, 'paired_median': 8.622288620922705, 'paired_range': [8.382015742338812, 8.734502492286632]}, 'upstream-auto': {'ratio_of_medians': 12.823344566177676, 'paired_median': 12.832458399106361, 'paired_range': [12.59273613802588, 13.089694924027564]}}
multi 1x4 {'checked': 0.530086, 'upstream-fd1': 0.093871, 'upstream-auto': 0.092465} {'upstream-fd1': {'ratio_of_medians': 5.646962320631505, 'paired_median': 5.6963991650845935, 'paired_range': [5.464297127070684, 5.933336259106469]}, 'upstream-auto': {'ratio_of_medians': 5.7328286378629745, 'paired_median': 5.745873485868103, 'paired_range': [5.435269598784444, 5.935029302662482]}}
multi 8x4 {'checked': 0.583807, 'upstream-fd1': 0.068506, 'upstream-auto': 0.053403} {'upstream-fd1': {'ratio_of_medians': 8.521983475899921, 'paired_median': 8.31720073664825, 'paired_range': [8.061004617321952, 9.06889295932424]}, 'upstream-auto': {'ratio_of_medians': 10.932101192816882, 'paired_median': 10.958059914407988, 'paired_range': [10.571128962792352, 11.615293638637377]}}
first 1x1 {'checked': 4.082072, 'upstream-fd1': 1.368746} {'upstream-fd1': {'ratio_of_medians': 2.982344423289639, 'paired_median': 2.9769918035715977, 'paired_range': [2.8233862163320023, 3.0430832584188923]}}
first 2x1 {'checked': 2.894688, 'upstream-fd1': 0.883213} {'upstream-fd1': {'ratio_of_medians': 3.277451758522576, 'paired_median': 3.2632896468745205, 'paired_range': [3.157947102230329, 3.515815323700897]}}
first 4x1 {'checked': 1.889722, 'upstream-fd1': 0.668188} {'upstream-fd1': {'ratio_of_medians': 2.8281292091447314, 'paired_median': 2.8595374679471144, 'paired_range': [2.733140206018808, 2.906093236264767]}}
first 8x1 {'checked': 2.014383, 'upstream-fd1': 0.7041} {'upstream-fd1': {'ratio_of_medians': 2.860933106092885, 'paired_median': 2.8824707836855126, 'paired_range': [2.7996694865790457, 2.9384377305894893]}}
first 16x1 {'checked': 2.216772, 'upstream-fd1': 0.731689} {'upstream-fd1': {'ratio_of_medians': 3.029664242594873, 'paired_median': 3.037930760396767, 'paired_range': [2.8901038227110827, 3.091557637992786]}}
first 24x1 {'checked': 2.320564, 'upstream-fd1': 0.725746} {'upstream-fd1': {'ratio_of_medians': 3.197487826319401, 'paired_median': 3.1739012305562415, 'paired_range': [3.1513843886444803, 3.2099394655329156]}}
first 1x4 {'checked': 1.047926, 'upstream-fd1': 0.350127} {'upstream-fd1': {'ratio_of_medians': 2.9929882585461844, 'paired_median': 2.9823493208524767, 'paired_range': [2.6634474951611358, 3.018450447980304]}}
first 8x4 {'checked': 0.610004, 'upstream-fd1': 0.194711} {'upstream-fd1': {'ratio_of_medians': 3.1328687131184165, 'paired_median': 3.1200800194971365, 'paired_range': [3.0775970540955573, 3.1590003304010246]}}
stress 1x1 {'checked': 12.984078, 'upstream-fd1': 3.018617} {'upstream-fd1': {'ratio_of_medians': 4.30133335895213, 'paired_median': 4.312928735245313, 'paired_range': [4.250782202739224, 4.328904382258223]}}
stress 2x1 {'checked': 10.110489, 'upstream-fd1': 1.712354} {'upstream-fd1': {'ratio_of_medians': 5.904438568193259, 'paired_median': 6.070472700776486, 'paired_range': [5.317626620547963, 6.11178272200302]}}
stress 4x1 {'checked': 5.503127, 'upstream-fd1': 0.955562} {'upstream-fd1': {'ratio_of_medians': 5.759047555260674, 'paired_median': 5.851467010957159, 'paired_range': [5.339940396028248, 5.942795967189988]}}
stress 8x1 {'checked': 3.846595, 'upstream-fd1': 0.702452} {'upstream-fd1': {'ratio_of_medians': 5.47595422890105, 'paired_median': 5.624130901470848, 'paired_range': [5.241501056060765, 5.843725460337934]}}
stress 16x1 {'checked': 3.456299, 'upstream-fd1': 0.686672} {'upstream-fd1': {'ratio_of_medians': 5.033406051215136, 'paired_median': 5.022179345375896, 'paired_range': [4.980207437576919, 5.16144324850378]}}
stress 24x1 {'checked': 3.564784, 'upstream-fd1': 0.734544} {'upstream-fd1': {'ratio_of_medians': 4.853057134766604, 'paired_median': 4.873237128481557, 'paired_range': [4.816982015291412, 4.939665911468618]}}
stress 1x4 {'checked': 3.366911, 'upstream-fd1': 0.779265} {'upstream-fd1': {'ratio_of_medians': 4.320623921259135, 'paired_median': 4.300918789642265, 'paired_range': [4.139332697712636, 4.825956141800525]}}
stress 8x4 {'checked': 1.788339, 'upstream-fd1': 0.31902} {'upstream-fd1': {'ratio_of_medians': 5.605726913673124, 'paired_median': 5.648176995288846, 'paired_range': [5.512368112001923, 5.73868440426551]}}
single10 1x1 {'checked': 1.763171, 'upstream-fd1': 0.871308} {'upstream-fd1': {'ratio_of_medians': 2.0235909689799705, 'paired_median': 2.023674751063918, 'paired_range': [1.9813351438612823, 2.0349790866449995]}}
single10 2x1 {'checked': 1.581519, 'upstream-fd1': 0.879747} {'upstream-fd1': {'ratio_of_medians': 1.7976975198551401, 'paired_median': 1.797322907918927, 'paired_range': [1.7813533834586466, 1.8831118492021004]}}
single10 4x1 {'checked': 1.605757, 'upstream-fd1': 0.89669} {'upstream-fd1': {'ratio_of_medians': 1.790760463482363, 'paired_median': 1.7901604790953396, 'paired_range': [1.714550981824198, 1.827896569482255]}}
single10 8x1 {'checked': 1.644277, 'upstream-fd1': 0.926597} {'upstream-fd1': {'ratio_of_medians': 1.7745330494270972, 'paired_median': 1.783257024973743, 'paired_range': [1.761196236688749, 1.8315585081698946]}}
single10 16x1 {'checked': 1.81962, 'upstream-fd1': 0.959884} {'upstream-fd1': {'ratio_of_medians': 1.8956665597092983, 'paired_median': 1.878154347458539, 'paired_range': [1.7398223918274094, 2.065975655420549]}}
single10 24x1 {'checked': 1.888851, 'upstream-fd1': 1.042357} {'upstream-fd1': {'ratio_of_medians': 1.8120960477072636, 'paired_median': 1.818755729763766, 'paired_range': [1.6599561771667537, 1.8765231106041405]}}
single10 1x4 {'checked': 0.447364, 'upstream-fd1': 0.222342} {'upstream-fd1': {'ratio_of_medians': 2.0120535031617957, 'paired_median': 2.013358314810805, 'paired_range': [1.9305258397258607, 2.0755587055386697]}}
single10 8x4 {'checked': 0.440649, 'upstream-fd1': 0.236875} {'upstream-fd1': {'ratio_of_medians': 1.8602596306068602, 'paired_median': 1.8565326857186528, 'paired_range': [1.8316613776132604, 1.8905717336397903]}}
run-heavy: done rc=0 265s | peak-RSS 0.13GiB | min-avail 27492MiB | peak-load 5.13
