run-heavy: mem-cap=16G (cgroup, hard) jobs=20/24 avail=25670MiB :: bash -c set -e; for pair in old-safe old-untracked new-safe new-untracked; do just test-benchmark-errors "target/lead-archmage-v3-$pair/release/examples/decode_md5" "target/lead-archmage-v3-$pair/release/examples/profile_ivf"; done
python3 tools/test_decode_md5_limit.py "target/lead-archmage-v3-old-safe/release/examples/decode_md5" --profile-binary "target/lead-archmage-v3-old-safe/release/examples/profile_ivf"
{"limit": null, "returncode": 0, "stdout": "9604569c8e5fcd812a940b82ef39b552\n", "stderr": "  Frame: 64x64 bpc=8 layout=I420\n  Y plane: 64x64 stride=128\n  U plane: 32x32 stride=64\n  V plane: 32x32 stride=64\nDecode error: Error: InvalidData\n\n    at src/managed.rs:804\n (invalid data)\nFrames: 1\n"}
{"limit": 0, "returncode": 0, "stdout": "d41d8cd98f00b204e9800998ecf8427e\n", "stderr": "Frames: 0\n"}
{"limit": 1, "returncode": 0, "stdout": "9604569c8e5fcd812a940b82ef39b552\n", "stderr": "  Frame: 64x64 bpc=8 layout=I420\n  Y plane: 64x64 stride=128\n  U plane: 32x32 stride=64\n  V plane: 32x32 stride=64\nFrames: 1\n"}
{"profile_control": "malformed", "returncode": 101, "stdout": "", "stderr": "Input: /home/lilith/tmp/tmpetajnzec/valid-frame-then-malformed-packet.ivf (2 IVF frames)\nIterations: 1\n\nthread 'main' (2841401) panicked at examples/profile_ivf.rs:74:14:\ndecode failed during benchmark: Error: InvalidData\n\n    at src/managed.rs:804\n\nnote: run with `RUST_BACKTRACE=1` environment variable to display a backtrace\n"}
{"profile_control": "valid", "returncode": 0, "stdout": "RESULT\trun\t0\t1\t1\t0.108085\nRESULT\trun\t1\t1\t1\t0.034987\n", "stderr": "Input: /home/lilith/tmp/tmpetajnzec/valid-frame.ivf (1 IVF frames)\nIterations: 1\nFrames decoded per iteration: 1\nrun: 0.0350 ms/frame\n"}
PASS: malformed control and both frame-limit gates
python3 tools/test_decode_md5_limit.py "target/lead-archmage-v3-old-untracked/release/examples/decode_md5" --profile-binary "target/lead-archmage-v3-old-untracked/release/examples/profile_ivf"
{"limit": null, "returncode": 0, "stdout": "9604569c8e5fcd812a940b82ef39b552\n", "stderr": "  Frame: 64x64 bpc=8 layout=I420\n  Y plane: 64x64 stride=128\n  U plane: 32x32 stride=64\n  V plane: 32x32 stride=64\nDecode error: Error: InvalidData\n\n    at src/managed.rs:804\n (invalid data)\nFrames: 1\n"}
{"limit": 0, "returncode": 0, "stdout": "d41d8cd98f00b204e9800998ecf8427e\n", "stderr": "Frames: 0\n"}
{"limit": 1, "returncode": 0, "stdout": "9604569c8e5fcd812a940b82ef39b552\n", "stderr": "  Frame: 64x64 bpc=8 layout=I420\n  Y plane: 64x64 stride=128\n  U plane: 32x32 stride=64\n  V plane: 32x32 stride=64\nFrames: 1\n"}
{"profile_control": "malformed", "returncode": 101, "stdout": "", "stderr": "Input: /home/lilith/tmp/tmp6j5ngoc0/valid-frame-then-malformed-packet.ivf (2 IVF frames)\nIterations: 1\n\nthread 'main' (2841410) panicked at examples/profile_ivf.rs:74:14:\ndecode failed during benchmark: Error: InvalidData\n\n    at src/managed.rs:804\n\nnote: run with `RUST_BACKTRACE=1` environment variable to display a backtrace\n"}
{"profile_control": "valid", "returncode": 0, "stdout": "RESULT\trun\t0\t1\t1\t0.076345\nRESULT\trun\t1\t1\t1\t0.017994\n", "stderr": "Input: /home/lilith/tmp/tmp6j5ngoc0/valid-frame.ivf (1 IVF frames)\nIterations: 1\nFrames decoded per iteration: 1\nrun: 0.0180 ms/frame\n"}
PASS: malformed control and both frame-limit gates
python3 tools/test_decode_md5_limit.py "target/lead-archmage-v3-new-safe/release/examples/decode_md5" --profile-binary "target/lead-archmage-v3-new-safe/release/examples/profile_ivf"
{"limit": null, "returncode": 0, "stdout": "9604569c8e5fcd812a940b82ef39b552\n", "stderr": "  Frame: 64x64 bpc=8 layout=I420\n  Y plane: 64x64 stride=128\n  U plane: 32x32 stride=64\n  V plane: 32x32 stride=64\nDecode error: Error: InvalidData\n\n    at src/managed.rs:804\n (invalid data)\nFrames: 1\n"}
{"limit": 0, "returncode": 0, "stdout": "d41d8cd98f00b204e9800998ecf8427e\n", "stderr": "Frames: 0\n"}
{"limit": 1, "returncode": 0, "stdout": "9604569c8e5fcd812a940b82ef39b552\n", "stderr": "  Frame: 64x64 bpc=8 layout=I420\n  Y plane: 64x64 stride=128\n  U plane: 32x32 stride=64\n  V plane: 32x32 stride=64\nFrames: 1\n"}
{"profile_control": "malformed", "returncode": 101, "stdout": "", "stderr": "Input: /home/lilith/tmp/tmp9_r9zzkz/valid-frame-then-malformed-packet.ivf (2 IVF frames)\nIterations: 1\n\nthread 'main' (2841419) panicked at examples/profile_ivf.rs:74:14:\ndecode failed during benchmark: Error: InvalidData\n\n    at src/managed.rs:804\n\nnote: run with `RUST_BACKTRACE=1` environment variable to display a backtrace\n"}
{"profile_control": "valid", "returncode": 0, "stdout": "RESULT\trun\t0\t1\t1\t0.111452\nRESULT\trun\t1\t1\t1\t0.032973\n", "stderr": "Input: /home/lilith/tmp/tmp9_r9zzkz/valid-frame.ivf (1 IVF frames)\nIterations: 1\nFrames decoded per iteration: 1\nrun: 0.0330 ms/frame\n"}
PASS: malformed control and both frame-limit gates
python3 tools/test_decode_md5_limit.py "target/lead-archmage-v3-new-untracked/release/examples/decode_md5" --profile-binary "target/lead-archmage-v3-new-untracked/release/examples/profile_ivf"
{"limit": null, "returncode": 0, "stdout": "9604569c8e5fcd812a940b82ef39b552\n", "stderr": "  Frame: 64x64 bpc=8 layout=I420\n  Y plane: 64x64 stride=128\n  U plane: 32x32 stride=64\n  V plane: 32x32 stride=64\nDecode error: Error: InvalidData\n\n    at src/managed.rs:804\n (invalid data)\nFrames: 1\n"}
{"limit": 0, "returncode": 0, "stdout": "d41d8cd98f00b204e9800998ecf8427e\n", "stderr": "Frames: 0\n"}
{"limit": 1, "returncode": 0, "stdout": "9604569c8e5fcd812a940b82ef39b552\n", "stderr": "  Frame: 64x64 bpc=8 layout=I420\n  Y plane: 64x64 stride=128\n  U plane: 32x32 stride=64\n  V plane: 32x32 stride=64\nFrames: 1\n"}
{"profile_control": "malformed", "returncode": 101, "stdout": "", "stderr": "Input: /home/lilith/tmp/tmpgljhtaeu/valid-frame-then-malformed-packet.ivf (2 IVF frames)\nIterations: 1\n\nthread 'main' (2841428) panicked at examples/profile_ivf.rs:74:14:\ndecode failed during benchmark: Error: InvalidData\n\n    at src/managed.rs:804\n\nnote: run with `RUST_BACKTRACE=1` environment variable to display a backtrace\n"}
{"profile_control": "valid", "returncode": 0, "stdout": "RESULT\trun\t0\t1\t1\t0.079611\nRESULT\trun\t1\t1\t1\t0.020419\n", "stderr": "Input: /home/lilith/tmp/tmpgljhtaeu/valid-frame.ivf (1 IVF frames)\nIterations: 1\nFrames decoded per iteration: 1\nrun: 0.0204 ms/frame\n"}
PASS: malformed control and both frame-limit gates
run-heavy: done rc=0 0s | peak-RSS 0.02GiB | min-avail 25670MiB | peak-load 4.21
