[32;1m        PASS[0m [   0.011s] ( 49/215) [35;1mrav1d-safe[0m [36msrc::safe_simd::itx::mixed_parity_tests_16bpc[0m[36m::[0m[34;1mtest_mixed_16bpc_rect16x4_dispatch_matches_scalar[0m
[32;1m        PASS[0m [   0.010s] ( 50/215) [35;1mrav1d-safe[0m [36msrc::safe_simd::itx::mixed_parity_tests_16bpc[0m[36m::[0m[34;1mtest_mixed_16bpc_rect4x16_dispatch_matches_scalar[0m
[32;1m        PASS[0m [   0.007s] ( 51/215) [35;1mrav1d-safe[0m [36msrc::safe_simd::itx::mixed_parity_tests_16bpc[0m[36m::[0m[34;1mtest_mixed_16bpc_rect4x8_dispatch_matches_scalar[0m
[32;1m        PASS[0m [   0.021s] ( 52/215) [35;1mrav1d-safe[0m [36msrc::safe_simd::itx::mixed_parity_tests_16bpc[0m[36m::[0m[34;1mtest_mixed_16bpc_rect16x8_dispatch_matches_scalar[0m
[32;1m        PASS[0m [   0.010s] ( 53/215) [35;1mrav1d-safe[0m [36msrc::safe_simd::itx::mixed_parity_tests_16bpc[0m[36m::[0m[34;1mtest_mixed_16bpc_rect8x4_dispatch_matches_scalar[0m
[32;1m        PASS[0m [   0.003s] ( 54/215) [35;1mrav1d-safe[0m [36msrc::safe_simd::itx::tests[0m[36m::[0m[34;1mtest_dct16_col_pass_i16_matches_existing[0m
[32;1m        PASS[0m [   0.003s] ( 55/215) [35;1mrav1d-safe[0m [36msrc::safe_simd::itx::tests[0m[36m::[0m[34;1mtest_dct16_col_pass_i16_vs_mullo_direct[0m
[32;1m        PASS[0m [   0.003s] ( 56/215) [35;1mrav1d-safe[0m [36msrc::safe_simd::itx::tests[0m[36m::[0m[34;1mtest_dct16_row_pass_i16_simd_matches_scalar[0m
[32;1m        PASS[0m [   0.021s] ( 57/215) [35;1mrav1d-safe[0m [36msrc::safe_simd::itx::mixed_parity_tests_16bpc[0m[36m::[0m[34;1mtest_mixed_16bpc_rect8x16_dispatch_matches_scalar[0m
[32;1m        PASS[0m [   0.003s] ( 58/215) [35;1mrav1d-safe[0m [36msrc::safe_simd::itx::tests[0m[36m::[0m[34;1mtest_dct16_tx64_cols8_matches_scalar[0m
[32;1m        PASS[0m [   0.003s] ( 59/215) [35;1mrav1d-safe[0m [36msrc::safe_simd::itx::tests[0m[36m::[0m[34;1mtest_dct32_row_pass_i16_simd_matches_scalar[0m
[32;1m        PASS[0m [   0.003s] ( 60/215) [35;1mrav1d-safe[0m [36msrc::safe_simd::itx::tests[0m[36m::[0m[34;1mtest_dct32_row_pass_i16_simd_sparse_batches[0m
[32;1m        PASS[0m [   0.003s] ( 61/215) [35;1mrav1d-safe[0m [36msrc::safe_simd::itx::tests[0m[36m::[0m[34;1mtest_dct32_tx64_cols8_matches_scalar[0m
[32;1m        PASS[0m [   0.003s] ( 62/215) [35;1mrav1d-safe[0m [36msrc::safe_simd::itx::tests[0m[36m::[0m[34;1mtest_dct4_cols_avx512_matches_scalar[0m
[32;1m        PASS[0m [   0.003s] ( 63/215) [35;1mrav1d-safe[0m [36msrc::safe_simd::itx::tests[0m[36m::[0m[34;1mtest_dct64_cols8_matches_scalar[0m
[32;1m        PASS[0m [   0.003s] ( 64/215) [35;1mrav1d-safe[0m [36msrc::safe_simd::itx::tests[0m[36m::[0m[34;1mtest_dct8_col_pass_i16_matches_i32_col_pass[0m
[32;1m        PASS[0m [   0.003s] ( 65/215) [35;1mrav1d-safe[0m [36msrc::safe_simd::itx::tests[0m[36m::[0m[34;1mtest_dct8_cols_avx512_matches_scalar[0m
[32;1m        PASS[0m [   0.003s] ( 66/215) [35;1mrav1d-safe[0m [36msrc::safe_simd::itx::tests[0m[36m::[0m[34;1mtest_dct8_row_pass_i16_simd_matches_scalar[0m
[32;1m        PASS[0m [   0.003s] ( 67/215) [35;1mrav1d-safe[0m [36msrc::safe_simd::itx::tests[0m[36m::[0m[34;1mtest_dct_scalar_reference_helpers_are_deterministic[0m
[32;1m        PASS[0m [   0.003s] ( 68/215) [35;1mrav1d-safe[0m [36msrc::safe_simd::itx::tests[0m[36m::[0m[34;1mtest_identity_cols_avx512_matches_scalar[0m
[32;1m        PASS[0m [   0.003s] ( 69/215) [35;1mrav1d-safe[0m [36msrc::safe_simd::itx::tests[0m[36m::[0m[34;1mtest_itx_mul2x_pack_matches_scalar[0m
[32;1m        PASS[0m [   0.003s] ( 70/215) [35;1mrav1d-safe[0m [36msrc::safe_simd::itx::tests[0m[36m::[0m[34;1mtest_simd_row_dct16_16rows_matches_scalar[0m
[32;1m        PASS[0m [   0.003s] ( 71/215) [35;1mrav1d-safe[0m [36msrc::safe_simd::itx::tests[0m[36m::[0m[34;1mtest_simd_row_dct32_16rows_matches_scalar[0m
[32;1m        PASS[0m [   0.003s] ( 72/215) [35;1mrav1d-safe[0m [36msrc::safe_simd::itx::tests[0m[36m::[0m[34;1mtest_simd_row_dct8_16rows_matches_scalar[0m
[32;1m        PASS[0m [   0.003s] ( 73/215) [35;1mrav1d-safe[0m [36msrc::safe_simd::itx::tests[0m[36m::[0m[34;1mtest_transpose_8x8_i32_roundtrip[0m
[32;1m        PASS[0m [   0.003s] ( 74/215) [35;1mrav1d-safe[0m [36msrc::safe_simd::itx::tests[0m[36m::[0m[34;1mtest_wht4_basic[0m
[32;1m        PASS[0m [   0.003s] ( 75/215) [35;1mrav1d-safe[0m [36msrc::safe_simd::itx::tests[0m[36m::[0m[34;1mtest_wht4_token_permutations[0m
[32;1m        PASS[0m [   0.003s] ( 76/215) [35;1mrav1d-safe[0m [36msrc::safe_simd::loopfilter::mask_parity_tests[0m[36m::[0m[34;1mtest_loopfilter_packed16_exact_span[0m
[32;1m        PASS[0m [   0.004s] ( 77/215) [35;1mrav1d-safe[0m [36msrc::safe_simd::loopfilter::mask_parity_tests[0m[36m::[0m[34;1mtest_loopfilter_packed16_production_grouping[0m
[32;1m        PASS[0m [   0.005s] ( 78/215) [35;1mrav1d-safe[0m [36msrc::safe_simd::loopfilter::mask_parity_tests[0m[36m::[0m[34;1mtest_loopfilter_packed6_production_grouping[0m
[32;1m        PASS[0m [   0.032s] ( 79/215) [35;1mrav1d-safe[0m [36msrc::safe_simd::loopfilter::mask_parity_tests[0m[36m::[0m[34;1mtest_loopfilter_masks_match_scalar[0m
[32;1m        PASS[0m [   0.003s] ( 80/215) [35;1mrav1d-safe[0m [36msrc::safe_simd::loopfilter::tests[0m[36m::[0m[34;1mtest_iclip_diff[0m
[32;1m        PASS[0m [   0.024s] ( 81/215) [35;1mrav1d-safe[0m [36msrc::safe_simd::loopfilter::mask_parity_tests_16bpc[0m[36m::[0m[34;1mtest_loopfilter_16bpc_masks_match_scalar[0m
[32;1m        PASS[0m [   0.003s] ( 82/215) [35;1mrav1d-safe[0m [36msrc::safe_simd::looprestoration::tests[0m[36m::[0m[34;1mtest_max_restoration_width[0m
[32;1m        PASS[0m [   0.005s] ( 83/215) [35;1mrav1d-safe[0m [36msrc::safe_simd::looprestoration::tests[0m[36m::[0m[34;1mtest_rest_unit_stride[0m
[32;1m        PASS[0m [   0.003s] ( 84/215) [35;1mrav1d-safe[0m [36msrc::safe_simd::mc::reference::tests[0m[36m::[0m[34;1mwarp_reference_windows_cover_both_strides_and_all_depths[0m
[32;1m        PASS[0m [   0.003s] ( 85/215) [35;1mrav1d-safe[0m [36msrc::safe_simd::mc::tests[0m[36m::[0m[34;1mmask_w_avg_8bpc_simd_matches_scalar[0m
[32;1m        PASS[0m [   0.003s] ( 86/215) [35;1mrav1d-safe[0m [36msrc::safe_simd::mc::tests[0m[36m::[0m[34;1mtest_avg_8bpc_avx2_matches_scalar[0m
[32;1m        PASS[0m [   0.003s] ( 87/215) [35;1mrav1d-safe[0m [36msrc::safe_simd::mc::tests[0m[36m::[0m[34;1mtest_avg_token_permutations[0m
[32;1m        PASS[0m [   0.003s] ( 88/215) [35;1mrav1d-safe[0m [36msrc::safe_simd::mc::tests[0m[36m::[0m[34;1mtest_avg_varying_data[0m
[32;1m        PASS[0m [   0.003s] ( 89/215) [35;1mrav1d-safe[0m [36msrc::safe_simd::mc::tests[0m[36m::[0m[34;1mtest_mask_8bpc_matches_scalar[0m
[32;1m        PASS[0m [   0.003s] ( 90/215) [35;1mrav1d-safe[0m [36msrc::safe_simd::mc::tests[0m[36m::[0m[34;1mtest_w_avg_8bpc_avx2_matches_scalar[0m
[32;1m        PASS[0m [   0.008s] ( 91/215) [35;1mrav1d-safe[0m [36msrc::safe_simd::mc::tests[0m[36m::[0m[34;1mw_mask_16bpc_simd_matches_scalar[0m
[32;1m        PASS[0m [   0.005s] ( 92/215) [35;1mrav1d-safe[0m [36msrc::safe_simd::mc::tests[0m[36m::[0m[34;1mw_mask_8bpc_simd_matches_scalar[0m
[32;1m        PASS[0m [   0.003s] ( 93/215) [35;1mrav1d-safe[0m [36msrc::safe_simd::mc::tests[0m[36m::[0m[34;1mwiden_row_16bpc_simd_matches_scalar[0m
[32;1m        PASS[0m [   0.018s] ( 94/215) [35;1mrav1d-safe[0m [36msrc::safe_simd::mc_x86_prep_parity[0m[36m::[0m[34;1mprep_16bpc_matches_scalar[0m
[32;1m        PASS[0m [   0.005s] ( 95/215) [35;1mrav1d-safe[0m [36msrc::safe_simd::mc_x86_prep_parity[0m[36m::[0m[34;1mprep_8bpc_matches_scalar_control[0m
[32;1m        PASS[0m [   0.019s] ( 96/215) [35;1mrav1d-safe[0m [36msrc::safe_simd::mc_x86_prep_parity[0m[36m::[0m[34;1mput_16bpc_matches_scalar[0m
[32;1m        PASS[0m [   0.003s] ( 97/215) [35;1mrav1d-safe[0m [36msrc::thread_task::grain_panic_tests[0m[36m::[0m[34;1mdelayed_grain_panic_preserves_live_worker_state[0m
[32;1m        PASS[0m [   2.139s] ( 98/215) [35;1mrav1d-safe[0m [36msrc::safe_simd::mc::reference::tests[0m[36m::[0m[34;1mmc_reference_windows_cover_all_filters_phases_widths_and_depths[0m
[32;1m        PASS[0m [   0.004s] ( 99/215) [35;1mrav1d-safe::cancellation[0m [34;1mcancel_at_first_sbrow_yields_cancelled[0m
[32;1m        PASS[0m [   0.006s] (100/215) [35;1mrav1d-safe::cancellation[0m [34;1mcancel_mid_frame_yields_cancelled[0m
[32;1m        PASS[0m [   0.004s] (101/215) [35;1mrav1d-safe::cancellation[0m [34;1mcancel_tile_threaded_yields_cancelled[0m
[32;1m        PASS[0m [   0.009s] (102/215) [35;1mrav1d-safe::cancellation[0m [34;1mclearing_token_restores_normal_decode[0m
[32;1m        PASS[0m [   0.009s] (103/215) [35;1mrav1d-safe::cancellation[0m [34;1mno_token_decodes_normally[0m
[32;1m        PASS[0m [   0.010s] (104/215) [35;1mrav1d-safe::cancellation[0m [34;1munstoppable_token_decodes_normally[0m
[32;1m        PASS[0m [   0.043s] (105/215) [35;1mrav1d-safe::decode_backpressure[0m [34;1mdecode_without_draining_loses_no_frames[0m
[32;1m        PASS[0m [   0.009s] (106/215) [35;1mrav1d-safe::decode_backpressure[0m [34;1mreset_discards_frames_held_back_by_backpressure[0m
[32;1m        PASS[0m [   0.026s] (107/215) [35;1mrav1d-safe::decode_concurrent_md5[0m [34;1msimultaneous_single_and_multi_thread_decoders_match_reference_md5[0m
[32;1m        PASS[0m [   2.821s] (108/215) [35;1mrav1d-safe::decode_cpu_levels[0m [34;1mtest_cpu_levels_10bit_data[0m
[32;1m        PASS[0m [   2.140s] (109/215) [35;1mrav1d-safe::decode_cpu_levels[0m [34;1mtest_cpu_levels_12bit_data[0m
[32;1m        PASS[0m [ 111.453s] (110/215) [35;1mrav1d-safe::decode_cpu_levels[0m [34;1mtest_cpu_levels_8bit_data[0m
[32;1m        PASS[0m [ 223.785s] (111/215) [35;1mrav1d-safe::argon_cover[0m [34;1margon_cover_streams_bit_exact_across_levels[0m
[32;1m        PASS[0m [   0.004s] (112/215) [35;1mrav1d-safe::decode_cpu_levels[0m [34;1mtest_cpu_levels_smoke[0m
[32;1m        PASS[0m [   2.683s] (113/215) [35;1mrav1d-safe::decode_cpu_levels[0m [34;1mtest_vq_suite_standalone[0m
[32;1m        PASS[0m [   0.004s] (114/215) [35;1mrav1d-safe::decode_md5_committed[0m [34;1mcdef_12bpc_422_matches_c_oracle_per_frame[0m
[32;1m        PASS[0m [   0.012s] (115/215) [35;1mrav1d-safe::decode_md5_committed[0m [34;1mcommitted_vectors_match_reference_md5[0m
[32;1m        PASS[0m [   0.021s] (116/215) [35;1mrav1d-safe::decode_md5_committed[0m [34;1mlr_sgr_vectors_match_reference_md5[0m
[32;1m        PASS[0m [   0.024s] (117/215) [35;1mrav1d-safe::decode_md5_committed[0m [34;1mlr_sgr_vectors_threaded_match_reference_md5[0m
[32;1m        PASS[0m [   0.724s] (118/215) [35;1mrav1d-safe::decode_md5_verify[0m [34;1mtest_md5_verify_10bit_quantizer[0m
[32;1m        PASS[0m [   0.009s] (119/215) [35;1mrav1d-safe::decode_md5_verify[0m [34;1mtest_md5_verify_8bit_cdfupdate[0m
[32;1m        PASS[0m [   0.415s] (120/215) [35;1mrav1d-safe::decode_md5_verify[0m [34;1mtest_md5_verify_8bit_features[0m
[32;1m        PASS[0m [   0.024s] (121/215) [35;1mrav1d-safe::decode_md5_verify[0m [34;1mtest_md5_verify_8bit_film_grain[0m
[32;1m        PASS[0m [   0.661s] (122/215) [35;1mrav1d-safe::decode_md5_verify[0m [34;1mtest_md5_verify_8bit_issues[0m
[32;1m        PASS[0m [   0.207s] (123/215) [35;1mrav1d-safe::decode_md5_verify[0m [34;1mtest_md5_verify_8bit_quantizer[0m
[32;1m        PASS[0m [   0.054s] (124/215) [35;1mrav1d-safe::decode_md5_verify[0m [34;1mtest_md5_verify_8bit_size[0m
[32;1m        PASS[0m [   0.689s] (125/215) [35;1mrav1d-safe::decode_md5_verify[0m [34;1mtest_md5_verify_8bit_vq_suite[0m
[32;1m        PASS[0m [   0.392s] (126/215) [35;1mrav1d-safe::decode_md5_verify[0m [34;1mtest_md5_verify_all_10bit_data[0m
[32;1m        PASS[0m [   0.265s] (127/215) [35;1mrav1d-safe::decode_md5_verify[0m [34;1mtest_md5_verify_all_12bit_data[0m
[32;1m        PASS[0m [  10.739s] (128/215) [35;1mrav1d-safe::decode_md5_verify[0m [34;1mtest_md5_verify_all_8bit_data[0m
[32;1m        PASS[0m [  15.131s] (129/215) [35;1mrav1d-safe::decode_md5_verify[0m [34;1mtest_md5_verify_comprehensive[0m
[32;1m        PASS[0m [   0.003s] (130/215) [35;1mrav1d-safe::decode_md5_verify[0m [34;1mtest_md5_verify_first_8bit[0m
[32;1m        PASS[0m [   0.020s] (131/215) [35;1mrav1d-safe::decode_md5_verify[0m [34;1mtest_md5_verify_single_00000002[0m
[32;1m        PASS[0m [   6.315s] (132/215) [35;1mrav1d-safe::decode_permutations[0m [34;1mtest_permutations_10bit_data[0m
[32;1m        PASS[0m [   1.170s] (133/215) [35;1mrav1d-safe::decode_permutations[0m [34;1mtest_permutations_10bit_features[0m
[32;1m        PASS[0m [   0.440s] (134/215) [35;1mrav1d-safe::decode_permutations[0m [34;1mtest_permutations_10bit_film_grain[0m
[32;1m        PASS[0m [ 148.431s] (135/215) [35;1mrav1d-safe::decode_cpu_levels[0m [34;1mtest_cpu_levels_comprehensive[0m
[32;1m        PASS[0m [  10.219s] (136/215) [35;1mrav1d-safe::decode_permutations[0m [34;1mtest_permutations_10bit_issues[0m
[32;1m        PASS[0m [   4.712s] (137/215) [35;1mrav1d-safe::decode_permutations[0m [34;1mtest_permutations_12bit_data[0m
[32;1m        PASS[0m [   0.032s] (138/215) [35;1mrav1d-safe::decode_permutations[0m [34;1mtest_permutations_12bit_features[0m
[32;1m        PASS[0m [   0.086s] (139/215) [35;1mrav1d-safe::decode_permutations[0m [34;1mtest_permutations_8bit_cdfupdate[0m
[32;1m        PASS[0m [  12.964s] (140/215) [35;1mrav1d-safe::decode_permutations[0m [34;1mtest_permutations_10bit_quantizer[0m
[32;1m        PASS[0m [   9.766s] (141/215) [35;1mrav1d-safe::decode_permutations[0m [34;1mtest_permutations_8bit_features[0m
[32;1m        PASS[0m [   0.294s] (142/215) [35;1mrav1d-safe::decode_permutations[0m [34;1mtest_permutations_8bit_film_grain[0m
[32;1m        PASS[0m [   1.516s] (143/215) [35;1mrav1d-safe::decode_permutations[0m [34;1mtest_permutations_8bit_intra[0m
[32;1m        PASS[0m [   9.700s] (144/215) [35;1mrav1d-safe::decode_permutations[0m [34;1mtest_permutations_8bit_issues[0m
[32;1m        PASS[0m [   0.162s] (145/215) [35;1mrav1d-safe::decode_permutations[0m [34;1mtest_permutations_8bit_mfmv[0m
[32;1m        PASS[0m [   0.175s] (146/215) [35;1mrav1d-safe::decode_permutations[0m [34;1mtest_permutations_8bit_mv[0m
[32;1m        PASS[0m [   3.823s] (147/215) [35;1mrav1d-safe::decode_permutations[0m [34;1mtest_permutations_8bit_quantizer[0m
[32;1m        PASS[0m [   2.267s] (148/215) [35;1mrav1d-safe::decode_permutations[0m [34;1mtest_permutations_8bit_resize[0m
[32;1m        PASS[0m [   1.044s] (149/215) [35;1mrav1d-safe::decode_permutations[0m [34;1mtest_permutations_8bit_size[0m
[32;1m        PASS[0m [   0.004s] (150/215) [35;1mrav1d-safe::decode_permutations[0m [34;1mtest_permutations_smoke[0m
[32;1m        PASS[0m [   0.355s] (151/215) [35;1mrav1d-safe::filmgrain_threads[0m [34;1mfilm_grain_frame_and_tile_threads_match_reference[0m
[32;1m        PASS[0m [   0.056s] (152/215) [35;1mrav1d-safe::filmgrain_threads[0m [34;1mfilm_grain_independent_decoders_match_reference[0m
[32;1m        PASS[0m [   0.473s] (153/215) [35;1mrav1d-safe::filmgrain_threads[0m [34;1mfilm_grain_md5_matches_at_1_2_4_8_threads[0m
[32;1m        PASS[0m [   0.088s] (154/215) [35;1mrav1d-safe::filmgrain_threads[0m [34;1mgrain_actually_changes_pixels[0m
[32;1m        PASS[0m [   0.053s] (155/215) [35;1mrav1d-safe::filmgrain_threads[0m [34;1msome_vector_spans_multiple_row_bands[0m
[32;1m        PASS[0m [   0.029s] (156/215) [35;1mrav1d-safe::flush_drains[0m [34;1mflush_returns_frames_still_queued_in_the_last_chunk[0m
[32;1m        PASS[0m [   0.027s] (157/215) [35;1mrav1d-safe::flush_drains[0m [34;1mflush_returns_in_flight_frames_under_frame_threading[0m
[32;1m        PASS[0m [   0.019s] (158/215) [35;1mrav1d-safe::flush_drains[0m [34;1mflush_then_decode_again_starts_a_fresh_stream[0m
[32;1m        PASS[0m [   0.008s] (159/215) [35;1mrav1d-safe::flush_drains[0m [34;1msingle_tu_at_one_thread_yields_one_frame[0m
[32;1m        PASS[0m [   0.003s] (160/215) [35;1mrav1d-safe::fuzz_regression[0m [34;1mfuzz_regression_corpus_exercises_instrumented_kernels[0m
[32;1m        PASS[0m [   0.103s] (161/215) [35;1mrav1d-safe::fuzz_regression[0m [34;1mfuzz_regression_seeds_do_not_panic[0m
[32;1m        PASS[0m [   0.003s] (162/215) [35;1mrav1d-safe::fuzz_regression[0m [34;1mguarded_seeds_all_present[0m
[32;1m        PASS[0m [   0.193s] (163/215) [35;1mrav1d-safe::gen_cover[0m [34;1mgen_cover_streams_bit_exact_across_levels[0m
[32;1m        PASS[0m [   0.142s] (164/215) [35;1mrav1d-safe::gen_vectors_threaded[0m [34;1mcommitted_streams_are_thread_and_delay_invariant[0m
[32;1m        PASS[0m [   0.003s] (165/215) [35;1mrav1d-safe::integration_decode[0m [34;1mtest_ivf_parser[0m
[32;1m        PASS[0m [   0.003s] (166/215) [35;1mrav1d-safe::managed_api_test[0m [34;1mtest_decode_empty_data[0m
[32;1m        PASS[0m [   0.003s] (167/215) [35;1mrav1d-safe::managed_api_test[0m [34;1mtest_decoder_creation[0m
[32;1m        PASS[0m [   0.003s] (168/215) [35;1mrav1d-safe::managed_api_test[0m [34;1mtest_decoder_with_custom_settings[0m
[32;1m        PASS[0m [   0.003s] (169/215) [35;1mrav1d-safe::managed_api_test[0m [34;1mtest_plane_view_height_invariant_basic[0m
[32;1m        PASS[0m [   0.003s] (170/215) [35;1mrav1d-safe::managed_packets[0m [34;1mbackpressure_keeps_packet_and_reset_discards_pending_output[0m
[32;1m        PASS[0m [   0.003s] (171/215) [35;1mrav1d-safe::managed_packets[0m [34;1mempty_stream_ends_without_a_frame_and_empty_packets_are_rejected[0m
[32;1m        PASS[0m [   0.003s] (172/215) [35;1mrav1d-safe::managed_packets[0m [34;1mend_input_waits_for_delayed_first_frame_without_an_earlier_poll[0m
[32;1m        PASS[0m [   0.003s] (173/215) [35;1mrav1d-safe::managed_packets[0m [34;1mmapped_old_pixels_remain_borrowed_while_inter_frames_decode[0m
[32;1m        PASS[0m [   0.004s] (174/215) [35;1mrav1d-safe::managed_packets[0m [34;1mpackets_preserve_timing_and_native_pixels_through_decoder_drop[0m
[32;1m        PASS[0m [   0.003s] (175/215) [35;1mrav1d-safe::managed_packets[0m [34;1mraw_color_codes_and_chroma_position_survive_actual_sequence_parsing[0m
[32;1m        PASS[0m [   0.004s] (176/215) [35;1mrav1d-safe::managed_packets[0m [34;1mretry_after_receiving_preserves_all_frames_and_packet_provenance[0m
[32;1m        PASS[0m [   0.005s] (177/215) [35;1mrav1d-safe::mastering_display_units[0m [34;1mparsed_av1_mastering_display_uses_av1_fixed_point_units[0m
[32;1m        PASS[0m [   0.824s] (178/215) [35;1mrav1d-safe::mt_stress[0m [34;1mmt_stress_4k[0m
[32;1m        PASS[0m [   0.003s] (179/215) [35;1mrav1d-safe::panic_safety_test[0m [34;1mtest_decoder_drop_on_panic[0m
[32;1m        PASS[0m [   0.004s] (180/215) [35;1mrav1d-safe::panic_safety_test[0m [34;1mtest_decoder_drop_without_flush[0m
[32;1m        PASS[0m [   0.004s] (181/215) [35;1mrav1d-safe::panic_safety_test[0m [34;1mtest_decoder_multiple_decode_drop[0m
[32;1m        PASS[0m [   0.003s] (182/215) [35;1mrav1d-safe::panic_safety_test[0m [34;1mtest_decoder_panic_during_decode[0m
[32;1m        PASS[0m [   0.004s] (183/215) [35;1mrav1d-safe::presentation_provenance[0m [34;1mreordered_presentations_keep_their_own_flags_and_packet_offsets[0m
[32;1m        PASS[0m [   0.004s] (184/215) [35;1mrav1d-safe::presentation_provenance[0m [34;1mshowing_an_older_key_picture_is_not_a_new_keyframe[0m
[32;1m        PASS[0m [   0.003s] (185/215) [35;1mrav1d-safe::safe_simd_crashes[0m [34;1marm_aa_base_underflow_16bpc[0m
[32;1m        PASS[0m [   0.003s] (186/215) [35;1mrav1d-safe::safe_simd_crashes[0m [34;1marm_aa_base_underflow_8bpc[0m
[32;1m        PASS[0m [   0.003s] (187/215) [35;1mrav1d-safe::safe_simd_crashes[0m [34;1marm_boxsum3_oob_16bpc[0m
[32;1m        PASS[0m [   0.003s] (188/215) [35;1mrav1d-safe::safe_simd_crashes[0m [34;1marm_boxsum3_oob_8bpc[0m
[32;1m        PASS[0m [   0.003s] (189/215) [35;1mrav1d-safe::safe_simd_crashes[0m [34;1marm_mc16_avg_overshoot[0m
[32;1m        PASS[0m [   0.003s] (190/215) [35;1mrav1d-safe::safe_simd_crashes[0m [34;1marm_mc16_blend_dir_overshoot[0m
[32;1m        PASS[0m [   0.003s] (191/215) [35;1mrav1d-safe::safe_simd_crashes[0m [34;1marm_mc16_blend_overshoot[0m
[32;1m        PASS[0m [   0.003s] (192/215) [35;1mrav1d-safe::safe_simd_crashes[0m [34;1marm_mc16_mask_overshoot[0m
[32;1m        PASS[0m [   0.003s] (193/215) [35;1mrav1d-safe::safe_simd_crashes[0m [34;1marm_mc16_overshoot[0m
[32;1m        PASS[0m [   0.003s] (194/215) [35;1mrav1d-safe::safe_simd_crashes[0m [34;1marm_mc16_w_mask_overshoot[0m
[32;1m        PASS[0m [   0.003s] (195/215) [35;1mrav1d-safe::safe_simd_crashes[0m [34;1mipred_z2_bounds_circle[0m
[32;1m        PASS[0m [   0.008s] (196/215) [35;1mrav1d-safe::safe_simd_crashes[0m [34;1mipred_z2_bounds_kodim03[0m
[32;1m        PASS[0m [   0.004s] (197/215) [35;1mrav1d-safe::safe_simd_crashes[0m [34;1mloopfilter_slice_bounds_alpha_noispe[0m
[32;1m        PASS[0m [   0.003s] (198/215) [35;1mrav1d-safe::safe_simd_crashes[0m [34;1mpicbuf_empty_vec[0m
[32;1m        PASS[0m [   0.004s] (199/215) [35;1mrav1d-safe::safe_simd_crashes[0m [34;1mrange_start_bounds_colors_hdr[0m
[32;1m        PASS[0m [   0.012s] (200/215) [35;1mrav1d-safe::strictness[0m [34;1mconforming_stream_is_identical_under_both[0m
[32;1m        PASS[0m [   0.006s] (201/215) [35;1mrav1d-safe::strictness[0m [34;1mcorrupt_tile_padding_strict_rejects_lenient_conceals[0m
[32;1m        PASS[0m [   0.004s] (202/215) [35;1mrav1d-safe::strictness[0m [34;1mdeprecated_strict_std_compliance_still_means_strict[0m
[32;1m        PASS[0m [   0.004s] (203/215) [35;1mrav1d-safe::strictness[0m [34;1mdesynced_segment_ids_strict_rejects_lenient_conceals[0m
[32;1m        PASS[0m [   0.004s] (204/215) [35;1mrav1d-safe::strictness[0m [34;1mfuzz_522_523_out_of_range_segment_id_is_rejected[0m
[32;1m        PASS[0m [   0.003s] (205/215) [35;1mrav1d-safe::strictness[0m [34;1mlenient_is_below_strict_and_strict_is_the_default[0m
[32;1m        PASS[0m [   0.055s] (206/215) [35;1mrav1d-safe::thread_cleanup_test[0m [34;1mtest_auto_detect_threads_cleanup[0m
[32;1m        PASS[0m [   0.003s] (207/215) [35;1mrav1d-safe::thread_cleanup_test[0m [34;1mtest_drop_without_decode[0m
[32;1m        PASS[0m [   0.054s] (208/215) [35;1mrav1d-safe::thread_cleanup_test[0m [34;1mtest_multi_threaded_cleanup[0m
[32;1m        PASS[0m [   0.105s] (209/215) [35;1mrav1d-safe::thread_cleanup_test[0m [34;1mtest_multiple_decoder_cycles[0m
[32;1m        PASS[0m [   0.003s] (210/215) [35;1mrav1d-safe::thread_cleanup_test[0m [34;1mtest_multiple_decoders_simultaneous[0m
[32;1m        PASS[0m [   0.003s] (211/215) [35;1mrav1d-safe::thread_cleanup_test[0m [34;1mtest_single_threaded_no_leak[0m
[32;1m        PASS[0m [   0.007s] (212/215) [35;1mrav1d-safe::tile_threading_parity[0m [34;1mparity_colors_hdr_rec2020_16bpc[0m
[32;1m        PASS[0m [   0.007s] (213/215) [35;1mrav1d-safe::tile_threading_parity[0m [34;1mparity_disjoint_mut_tile_overlap[0m
[32;1m        PASS[0m [   0.013s] (214/215) [35;1mrav1d-safe::tile_threading_parity[0m [34;1mparity_kodim03_8bpc_420[0m
[32;1m        PASS[0m [ 243.072s] (215/215) [35;1mrav1d-safe::decode_permutations[0m [34;1mtest_permutations_8bit_data[0m
────────────
[32;1m     Summary[0m [ 522.384s] [1m215[0m tests run: [1m215[0m [32;1mpassed[0m, [1m18[0m [33;1mskipped[0m
cargo test --release --no-default-features --features "bitdepth_8,bitdepth_16,untracked" --doc
[1m[92m    Finished[0m `release` profile [optimized + debuginfo] target(s) in 0.08s
[1m[92m   Doc-tests[0m rav1d_safe

running 23 tests
test src/ctx.rs - src::ctx::case_set_al (line 161) ... ignored
test lib.rs - (line 12) - compile ... ok
test src/managed.rs - src::managed::Decoder (line 587) - compile ... ok
test lib.rs - src::managed (line 264) - compile ... ok
test src/managed.rs - src::managed::CpuLevel (line 443) - compile ... ok
test src/managed.rs - src::managed::Decoder::decode (line 894) - compile ... ok
test src/managed.rs - src::managed::Decoder::set_stop (line 778) - compile ... ok
test src/safe_simd/pixel_access.rs - src::safe_simd::pixel_access (line 12) ... ignored
test src/safe_simd/pixel_access.rs - src::safe_simd::pixel_access::loadi32 (line 564) ... ignored
test src/safe_simd/pixel_access.rs - src::safe_simd::pixel_access::loadi64 (line 603) ... ignored
test src/safe_simd/pixel_access.rs - src::safe_simd::pixel_access::loadu_128 (line 512) ... ignored
test src/safe_simd/pixel_access.rs - src::safe_simd::pixel_access::loadu_256 (line 433) ... ignored
test src/safe_simd/pixel_access.rs - src::safe_simd::pixel_access::loadu_512 (line 473) ... ignored
test src/safe_simd/pixel_access.rs - src::safe_simd::pixel_access::loadu_64 (line 532) ... ignored
test src/safe_simd/pixel_access.rs - src::safe_simd::pixel_access::storei32 (line 583) ... ignored
test src/safe_simd/pixel_access.rs - src::safe_simd::pixel_access::storei64 (line 623) ... ignored
test src/safe_simd/pixel_access.rs - src::safe_simd::pixel_access::storeu_128 (line 550) ... ignored
test src/safe_simd/pixel_access.rs - src::safe_simd::pixel_access::storeu_256 (line 453) ... ignored
test src/safe_simd/pixel_access.rs - src::safe_simd::pixel_access::storeu_512 (line 493) ... ignored
test src/itx_1d.rs - src::itx_1d (line 14) ... ok
test src/itx_1d.rs - src::itx_1d (line 5) ... ok
test src/managed.rs - src::managed::Settings (line 169) ... ok
test src/managed.rs - src::managed::enabled_features (line 1804) ... ok

test result: ok. 10 passed; 0 failed; 13 ignored; 0 measured; 0 filtered out; finished in 0.00s

all doctests ran in 3.06s; merged doctests compilation took 3.06s
run-heavy: done rc=0 1868s | peak-RSS 1.51GiB | min-avail 17590MiB | peak-load 15.72
