 426x240 stride=448
  Frame: 852x480 bpc=8 layout=I420
  Y plane: 852x480 stride=896
  U plane: 426x240 stride=448
  V plane: 426x240 stride=448
  Frame: 852x480 bpc=8 layout=I420
  Y plane: 852x480 stride=896
  U plane: 426x240 stride=448
  V plane: 426x240 stride=448
  Frame: 852x480 bpc=8 layout=I420
  Y plane: 852x480 stride=896
  U plane: 426x240 stride=448
  V plane: 426x240 stride=448
  Frame: 852x480 bpc=8 layout=I420
  Y plane: 852x480 stride=896
  U plane: 426x240 stride=448
  V plane: 426x240 stride=448
  Frame: 852x480 bpc=8 layout=I420
  Y plane: 852x480 stride=896
  U plane: 426x240 stride=448
  V plane: 426x240 stride=448
  Frame: 852x480 bpc=8 layout=I420
  Y plane: 852x480 stride=896
  U plane: 426x240 stride=448
  V plane: 426x240 stride=448
  Frame: 852x480 bpc=8 layout=I420
  Y plane: 852x480 stride=896
  U plane: 426x240 stride=448
  V plane: 426x240 stride=448
  Frame: 852x480 bpc=8 layout=I420
  Y plane: 852x480 stride=896
  U plane: 426x240 stride=448
  V plane: 426x240 stride=448
  Frame: 852x480 bpc=8 layout=I420
  Y plane: 852x480 stride=896
  U plane: 426x240 stride=448
  V plane: 426x240 stride=448
  Frame: 852x480 bpc=8 layout=I420
  Y plane: 852x480 stride=896
  U plane: 426x240 stride=448
  V plane: 426x240 stride=448
  Frame: 852x480 bpc=8 layout=I420
  Y plane: 852x480 stride=896
  U plane: 426x240 stride=448
  V plane: 426x240 stride=448
  Frame: 852x480 bpc=8 layout=I420
  Y plane: 852x480 stride=896
  U plane: 426x240 stride=448
  V plane: 426x240 stride=448
  Frame: 852x480 bpc=8 layout=I420
  Y plane: 852x480 stride=896
  U plane: 426x240 stride=448
  V plane: 426x240 stride=448
  Frame: 852x480 bpc=8 layout=I420
  Y plane: 852x480 stride=896
  U plane: 426x240 stride=448
  V plane: 426x240 stride=448
  Frame: 852x480 bpc=8 layout=I420
  Y plane: 852x480 stride=896
  U plane: 426x240 stride=448
  V plane: 426x240 stride=448
  Frame: 852x480 bpc=8 layout=I420
  Y plane: 852x480 stride=896
  U plane: 426x240 stride=448
  V plane: 426x240 stride=448
  Frame: 852x480 bpc=8 layout=I420
  Y plane: 852x480 stride=896
  U plane: 426x240 stride=448
  V plane: 426x240 stride=448
  Frame: 852x480 bpc=8 layout=I420
  Y plane: 852x480 stride=896
  U plane: 426x240 stride=448
  V plane: 426x240 stride=448
  Frame: 852x480 bpc=8 layout=I420
  Y plane: 852x480 stride=896
  U plane: 426x240 stride=448
  V plane: 426x240 stride=448
  Frame: 852x480 bpc=8 layout=I420
  Y plane: 852x480 stride=896
  U plane: 426x240 stride=448
  V plane: 426x240 stride=448
  Frame: 852x480 bpc=8 layout=I420
  Y plane: 852x480 stride=896
  U plane: 426x240 stride=448
  V plane: 426x240 stride=448
  Frame: 852x480 bpc=8 layout=I420
  Y plane: 852x480 stride=896
  U plane: 426x240 stride=448
  V plane: 426x240 stride=448
  Frame: 852x480 bpc=8 layout=I420
  Y plane: 852x480 stride=896
  U plane: 426x240 stride=448
  V plane: 426x240 stride=448
  Frame: 852x480 bpc=8 layout=I420
  Y plane: 852x480 stride=896
  U plane: 426x240 stride=448
  V plane: 426x240 stride=448
  Frame: 852x480 bpc=8 layout=I420
  Y plane: 852x480 stride=896
  U plane: 426x240 stride=448
  V plane: 426x240 stride=448
  Frame: 852x480 bpc=8 layout=I420
  Y plane: 852x480 stride=896
  U plane: 426x240 stride=448
  V plane: 426x240 stride=448
  Frame: 852x480 bpc=8 layout=I420
  Y plane: 852x480 stride=896
  U plane: 426x240 stride=448
  V plane: 426x240 stride=448
  Frame: 852x480 bpc=8 layout=I420
  Y plane: 852x480 stride=896
  U plane: 426x240 stride=448
  V plane: 426x240 stride=448
  Frame: 852x480 bpc=8 layout=I420
  Y plane: 852x480 stride=896
  U plane: 426x240 stride=448
  V plane: 426x240 stride=448
  Frame: 852x480 bpc=8 layout=I420
  Y plane: 852x480 stride=896
  U plane: 426x240 stride=448
  V plane: 426x240 stride=448
  Frame: 852x480 bpc=8 layout=I420
  Y plane: 852x480 stride=896
  U plane: 426x240 stride=448
  V plane: 426x240 stride=448
  Frame: 852x480 bpc=8 layout=I420
  Y plane: 852x480 stride=896
  U plane: 426x240 stride=448
  V plane: 426x240 stride=448
  Frame: 852x480 bpc=8 layout=I420
  Y plane: 852x480 stride=896
  U plane: 426x240 stride=448
  V plane: 426x240 stride=448
  Frame: 852x480 bpc=8 layout=I420
  Y plane: 852x480 stride=896
  U plane: 426x240 stride=448
  V plane: 426x240 stride=448
  Frame: 852x480 bpc=8 layout=I420
  Y plane: 852x480 stride=896
  U plane: 426x240 stride=448
  V plane: 426x240 stride=448
  Frame: 852x480 bpc=8 layout=I420
  Y plane: 852x480 stride=896
  U plane: 426x240 stride=448
  V plane: 426x240 stride=448
  Frame: 852x480 bpc=8 layout=I420
  Y plane: 852x480 stride=896
  U plane: 426x240 stride=448
  V plane: 426x240 stride=448
  Frame: 852x480 bpc=8 layout=I420
  Y plane: 852x480 stride=896
  U plane: 426x240 stride=448
  V plane: 426x240 stride=448
  Frame: 852x480 bpc=8 layout=I420
  Y plane: 852x480 stride=896
  U plane: 426x240 stride=448
  V plane: 426x240 stride=448
  Frame: 852x480 bpc=8 layout=I420
  Y plane: 852x480 stride=896
  U plane: 426x240 stride=448
  V plane: 426x240 stride=448
  Frame: 852x480 bpc=8 layout=I420
  Y plane: 852x480 stride=896
  U plane: 426x240 stride=448
  V plane: 426x240 stride=448
  Frame: 852x480 bpc=8 layout=I420
  Y plane: 852x480 stride=896
  U plane: 426x240 stride=448
  V plane: 426x240 stride=448
  Frame: 852x480 bpc=8 layout=I420
  Y plane: 852x480 stride=896
  U plane: 426x240 stride=448
  V plane: 426x240 stride=448
  Frame: 852x480 bpc=8 layout=I420
  Y plane: 852x480 stride=896
  U plane: 426x240 stride=448
  V plane: 426x240 stride=448
  Frame: 852x480 bpc=8 layout=I420
  Y plane: 852x480 stride=896
  U plane: 426x240 stride=448
  V plane: 426x240 stride=448
  Frame: 852x480 bpc=8 layout=I420
  Y plane: 852x480 stride=896
  U plane: 426x240 stride=448
  V plane: 426x240 stride=448
  Frame: 852x480 bpc=8 layout=I420
  Y plane: 852x480 stride=896
  U plane: 426x240 stride=448
  V plane: 426x240 stride=448
  Frame: 852x480 bpc=8 layout=I420
  Y plane: 852x480 stride=896
  U plane: 426x240 stride=448
  V plane: 426x240 stride=448
  Frame: 852x480 bpc=8 layout=I420
  Y plane: 852x480 stride=896
  U plane: 426x240 stride=448
  V plane: 426x240 stride=448
  Frame: 852x480 bpc=8 layout=I420
  Y plane: 852x480 stride=896
  U plane: 426x240 stride=448
  V plane: 426x240 stride=448
  Frame: 852x480 bpc=8 layout=I420
  Y plane: 852x480 stride=896
  U plane: 426x240 stride=448
  V plane: 426x240 stride=448
  Frame: 852x480 bpc=8 layout=I420
  Y plane: 852x480 stride=896
  U plane: 426x240 stride=448
  V plane: 426x240 stride=448
  Frame: 852x480 bpc=8 layout=I420
  Y plane: 852x480 stride=896
  U plane: 426x240 stride=448
  V plane: 426x240 stride=448
  Frame: 852x480 bpc=8 layout=I420
  Y plane: 852x480 stride=896
  U plane: 426x240 stride=448
  V plane: 426x240 stride=448
  Frame: 852x480 bpc=8 layout=I420
  Y plane: 852x480 stride=896
  U plane: 426x240 stride=448
  V plane: 426x240 stride=448
  Frame: 852x480 bpc=8 layout=I420
  Y plane: 852x480 stride=896
  U plane: 426x240 stride=448
  V plane: 426x240 stride=448
  Frame: 852x480 bpc=8 layout=I420
  Y plane: 852x480 stride=896
  U plane: 426x240 stride=448
  V plane: 426x240 stride=448
  Frame: 852x480 bpc=8 layout=I420
  Y plane: 852x480 stride=896
  U plane: 426x240 stride=448
  V plane: 426x240 stride=448
  Frame: 852x480 bpc=8 layout=I420
  Y plane: 852x480 stride=896
  U plane: 426x240 stride=448
  V plane: 426x240 stride=448
  Frame: 852x480 bpc=8 layout=I420
  Y plane: 852x480 stride=896
  U plane: 426x240 stride=448
  V plane: 426x240 stride=448
  Frame: 852x480 bpc=8 layout=I420
  Y plane: 852x480 stride=896
  U plane: 426x240 stride=448
  V plane: 426x240 stride=448
  Frame: 852x480 bpc=8 layout=I420
  Y plane: 852x480 stride=896
  U plane: 426x240 stride=448
  V plane: 426x240 stride=448
  Frame: 852x480 bpc=8 layout=I420
  Y plane: 852x480 stride=896
  U plane: 426x240 stride=448
  V plane: 426x240 stride=448
  Frame: 852x480 bpc=8 layout=I420
  Y plane: 852x480 stride=896
  U plane: 426x240 stride=448
  V plane: 426x240 stride=448
  Frame: 852x480 bpc=8 layout=I420
  Y plane: 852x480 stride=896
  U plane: 426x240 stride=448
  V plane: 426x240 stride=448
  Frame: 426x240 bpc=8 layout=I420
  Y plane: 426x240 stride=512
  U plane: 213x120 stride=256
  V plane: 213x120 stride=256
  Frame: 426x240 bpc=8 layout=I420
  Y plane: 426x240 stride=512
  U plane: 213x120 stride=256
  V plane: 213x120 stride=256
  Frame: 426x240 bpc=8 layout=I420
  Y plane: 426x240 stride=512
  U plane: 213x120 stride=256
  V plane: 213x120 stride=256
  Frame: 426x240 bpc=8 layout=I420
  Y plane: 426x240 stride=512
  U plane: 213x120 stride=256
  V plane: 213x120 stride=256
  Frame: 426x240 bpc=8 layout=I420
  Y plane: 426x240 stride=512
  U plane: 213x120 stride=256
  V plane: 213x120 stride=256
  Frame: 426x240 bpc=8 layout=I420
  Y plane: 426x240 stride=512
  U plane: 213x120 stride=256
  V plane: 213x120 stride=256
  Frame: 426x240 bpc=8 layout=I420
  Y plane: 426x240 stride=512
  U plane: 213x120 stride=256
  V plane: 213x120 stride=256
  Frame: 426x240 bpc=8 layout=I420
  Y plane: 426x240 stride=512
  U plane: 213x120 stride=256
  V plane: 213x120 stride=256
  Frame: 426x240 bpc=8 layout=I420
  Y plane: 426x240 stride=512
  U plane: 213x120 stride=256
  V plane: 213x120 stride=256
  Frame: 426x240 bpc=8 layout=I420
  Y plane: 426x240 stride=512
  U plane: 213x120 stride=256
  V plane: 213x120 stride=256
  Frame: 426x240 bpc=8 layout=I420
  Y plane: 426x240 stride=512
  U plane: 213x120 stride=256
  V plane: 213x120 stride=256
  Frame: 426x240 bpc=8 layout=I420
  Y plane: 426x240 stride=512
  U plane: 213x120 stride=256
  V plane: 213x120 stride=256
  Frame: 426x240 bpc=8 layout=I420
  Y plane: 426x240 stride=512
  U plane: 213x120 stride=256
  V plane: 213x120 stride=256
  Frame: 426x240 bpc=8 layout=I420
  Y plane: 426x240 stride=512
  U plane: 213x120 stride=256
  V plane: 213x120 stride=256
  Frame: 426x240 bpc=8 layout=I420
  Y plane: 426x240 stride=512
  U plane: 213x120 stride=256
  V plane: 213x120 stride=256
error: recipe `decode-vector` was terminated on line 105 by signal 15
run-heavy: done rc=124 120s | peak-RSS 0.00GiB | min-avail 27374MiB | peak-load 6.95
