run-heavy: mem-cap=16G (cgroup, hard) jobs=12/16 avail=29743MiB :: just build-conformance-modes target/lead-token-tier-safe target/lead-token-tier-untracked
CARGO_TARGET_DIR="target/lead-token-tier-safe" cargo build --release --no-default-features --features "bitdepth_8,bitdepth_16" --example decode_md5
   Compiling proc-macro2 v1.0.107
   Compiling unicode-ident v1.0.24
   Compiling quote v1.0.47
   Compiling libc v0.2.189
   Compiling cfg-if v1.0.4
   Compiling bitflags v2.13.1
   Compiling zerocopy v0.8.56
   Compiling rustix v1.1.4
   Compiling linux-raw-sys v0.12.1
   Compiling memchr v2.8.3
   Compiling autocfg v1.5.1
   Compiling heck v0.5.0
   Compiling shlex v2.0.1
   Compiling find-msvc-tools v0.1.12
   Compiling itoa v1.0.18
   Compiling serde_core v1.0.229
   Compiling cc v1.4.5
   Compiling utf8parse v0.2.2
   Compiling stable_deref_trait v1.2.1
   Compiling anstyle-parse v1.0.0
   Compiling zmij v1.0.23
   Compiling colorchoice v1.0.5
   Compiling anstyle v1.0.14
   Compiling is_terminal_polyfill v1.70.2
   Compiling anstyle-query v1.1.5
   Compiling memoffset v0.6.5
   Compiling serde v1.0.229
   Compiling bitflags v1.3.2
   Compiling anstream v1.0.0
   Compiling strsim v0.11.1
   Compiling serde_json v1.0.151
   Compiling semver v1.0.28
   Compiling getrandom v0.3.4
   Compiling scopeguard v1.2.0
   Compiling clap_lex v1.1.0
   Compiling version_check v0.9.5
   Compiling rustc_version v0.4.1
   Compiling syn v2.0.119
   Compiling syn v3.0.6
   Compiling lock_api v0.4.14
   Compiling ahash v0.8.12
   Compiling parking_lot_core v0.9.12
   Compiling smallvec v1.16.0
   Compiling log v0.4.34
   Compiling getrandom v0.4.3
   Compiling uuid v1.26.1
   Compiling whereat v0.1.5
   Compiling once_cell v1.21.4
   Compiling enough v0.4.4
   Compiling object v0.37.3
   Compiling jobserver v0.1.35
   Compiling cpp_demangle v0.4.5
   Compiling arrayvec v0.7.8
   Compiling findshlibs v0.10.2
   Compiling nasm-rs v0.3.2
   Compiling debugid v0.8.0
   Compiling likely_stable v0.1.3
   Compiling num-traits v0.2.19
   Compiling as-slice v0.2.1
   Compiling thiserror v2.0.21
   Compiling hashbrown v0.17.1
   Compiling getrandom v0.2.17
   Compiling memmap2 v0.9.11
   Compiling paste v1.0.15
   Compiling equivalent v1.0.2
   Compiling adler2 v2.0.1
   Compiling symbolic-demangle v12.18.3
   Compiling rand_core v0.6.4
   Compiling thiserror v1.0.69
   Compiling gimli v0.32.3
   Compiling rustc-demangle v0.1.28
   Compiling anyhow v1.0.104
   Compiling symbolic-common v12.18.3
   Compiling miniz_oxide v0.8.9
   Compiling rav1d-safe v0.6.0 (/home/ubuntu/tmp/rav1d-safe-lead-checkout)
   Compiling nix v0.23.2
   Compiling terminal_size v0.4.4
   Compiling clap_builder v4.6.6
   Compiling indexmap v2.14.2
   Compiling is-terminal v0.4.17
   Compiling aligned v0.4.3
   Compiling num-format v0.4.4
   Compiling almost-enough v0.4.4
   Compiling quick-xml v0.26.0
   Compiling spin v0.12.3
   Compiling safe_unaligned_simd v0.2.5
   Compiling fastrand v2.5.0
   Compiling lazy_static v1.5.0
   Compiling str_stack v0.1.1
   Compiling pprof v0.15.0
   Compiling colored v2.2.0
   Compiling tempfile v3.27.0
   Compiling zerocopy-derive v0.8.56
   Compiling equator-macro v0.4.2
   Compiling addr2line v0.25.1
   Compiling thiserror-impl v1.0.69
   Compiling bytemuck_derive v1.12.0
   Compiling clap_derive v4.6.4
   Compiling serde_derive v1.0.229
   Compiling archmage-macros v0.9.30 (https://github.com/imazen/archmage?rev=e2dbab66ef5aa08f8e23ed05248e7d1217f58475#e2dbab66)
   Compiling thiserror-impl v2.0.21
   Compiling equator v0.4.2
   Compiling aligned-vec v0.6.4
   Compiling strum_macros v0.28.0
   Compiling atomig-macro v0.4.0
   Compiling bytemuck v1.25.2
   Compiling zenpixels v0.2.16
   Compiling rgb v0.8.53
   Compiling atomig v0.4.3
   Compiling divan-macros v0.1.21
   Compiling clap v4.6.6
   Compiling archmage v0.9.30 (https://github.com/imazen/archmage?rev=e2dbab66ef5aa08f8e23ed05248e7d1217f58475#e2dbab66)
   Compiling parking_lot v0.12.5
   Compiling backtrace v0.3.76
   Compiling fs4 v1.1.0
   Compiling zencodec v0.1.26
   Compiling sysinfo v0.36.1
   Compiling nix v0.26.4
   Compiling spin v0.10.1
   Compiling raw-cpuid v11.6.0
   Compiling bitreader v0.3.11
   Compiling assert_matches v1.5.0
   Compiling byteorder v1.5.0
   Compiling strum v0.28.0
   Compiling leb128 v0.2.7
   Compiling fallible_collections v0.5.2
   Compiling glob-match v0.2.1
   Compiling to_method v1.1.0
   Compiling regex-lite v0.1.9
   Compiling condtype v1.3.0
   Compiling zenavif-parse v0.6.2
   Compiling md5 v0.8.1
   Compiling divan v0.1.21
   Compiling jsonrpc-types v0.3.3
   Compiling zenbench v0.1.9
   Compiling ppv-lite86 v0.2.21
   Compiling rav1d-disjoint-mut v0.4.0 (/home/ubuntu/tmp/rav1d-safe-lead-checkout/crates/rav1d-disjoint-mut)
   Compiling inferno v0.11.21
   Compiling rand_chacha v0.3.1
   Compiling rand v0.8.8
   Compiling shared_memory v0.12.4
   Compiling tango-bench v0.8.0
    Finished `release` profile [optimized + debuginfo] target(s) in 1m 05s
CARGO_TARGET_DIR="target/lead-token-tier-untracked" cargo build --release --no-default-features --features "bitdepth_8,bitdepth_16,untracked" --example decode_md5
   Compiling proc-macro2 v1.0.107
   Compiling quote v1.0.47
   Compiling unicode-ident v1.0.24
   Compiling libc v0.2.189
   Compiling cfg-if v1.0.4
   Compiling zerocopy v0.8.56
   Compiling bitflags v2.13.1
   Compiling rustix v1.1.4
   Compiling memchr v2.8.3
   Compiling linux-raw-sys v0.12.1
   Compiling autocfg v1.5.1
   Compiling shlex v2.0.1
   Compiling heck v0.5.0
   Compiling find-msvc-tools v0.1.12
   Compiling serde_core v1.0.229
   Compiling cc v1.4.5
   Compiling stable_deref_trait v1.2.1
   Compiling itoa v1.0.18
   Compiling utf8parse v0.2.2
   Compiling colorchoice v1.0.5
   Compiling anstyle v1.0.14
   Compiling is_terminal_polyfill v1.70.2
   Compiling anstyle-query v1.1.5
   Compiling anstyle-parse v1.0.0
   Compiling zmij v1.0.23
   Compiling memoffset v0.6.5
   Compiling strsim v0.11.1
   Compiling anstream v1.0.0
   Compiling bitflags v1.3.2
   Compiling semver v1.0.28
   Compiling getrandom v0.3.4
   Compiling scopeguard v1.2.0
   Compiling clap_lex v1.1.0
   Compiling serde v1.0.229
   Compiling version_check v0.9.5
   Compiling serde_json v1.0.151
   Compiling rustc_version v0.4.1
   Compiling lock_api v0.4.14
   Compiling syn v2.0.119
   Compiling syn v3.0.6
   Compiling ahash v0.8.12
   Compiling smallvec v1.16.0
   Compiling parking_lot_core v0.9.12
   Compiling getrandom v0.4.3
   Compiling whereat v0.1.5
   Compiling log v0.4.34
   Compiling uuid v1.26.1
   Compiling once_cell v1.21.4
   Compiling enough v0.4.4
   Compiling jobserver v0.1.35
   Compiling object v0.37.3
   Compiling cpp_demangle v0.4.5
   Compiling arrayvec v0.7.8
   Compiling nasm-rs v0.3.2
   Compiling debugid v0.8.0
   Compiling findshlibs v0.10.2
   Compiling getrandom v0.2.17
   Compiling memmap2 v0.9.11
   Compiling likely_stable v0.1.3
   Compiling num-traits v0.2.19
   Compiling rand_core v0.6.4
   Compiling as-slice v0.2.1
   Compiling hashbrown v0.17.1
   Compiling equivalent v1.0.2
   Compiling adler2 v2.0.1
   Compiling thiserror v1.0.69
   Compiling symbolic-demangle v12.18.3
   Compiling anyhow v1.0.104
   Compiling gimli v0.32.3
   Compiling rustc-demangle v0.1.28
   Compiling paste v1.0.15
   Compiling thiserror v2.0.21
   Compiling miniz_oxide v0.8.9
   Compiling rav1d-safe v0.6.0 (/home/ubuntu/tmp/rav1d-safe-lead-checkout)
   Compiling terminal_size v0.4.4
   Compiling aligned v0.4.3
   Compiling clap_builder v4.6.6
   Compiling symbolic-common v12.18.3
   Compiling nix v0.23.2
   Compiling indexmap v2.14.2
   Compiling is-terminal v0.4.17
   Compiling num-format v0.4.4
   Compiling almost-enough v0.4.4
   Compiling quick-xml v0.26.0
   Compiling lazy_static v1.5.0
   Compiling fastrand v2.5.0
   Compiling str_stack v0.1.1
   Compiling pprof v0.15.0
   Compiling safe_unaligned_simd v0.2.5
   Compiling spin v0.12.3
   Compiling tempfile v3.27.0
   Compiling colored v2.2.0
   Compiling addr2line v0.25.1
   Compiling parking_lot v0.12.5
   Compiling zerocopy-derive v0.8.56
   Compiling equator-macro v0.4.2
   Compiling strum_macros v0.28.0
   Compiling bytemuck_derive v1.12.0
   Compiling serde_derive v1.0.229
   Compiling clap_derive v4.6.4
   Compiling archmage-macros v0.9.30 (https://github.com/imazen/archmage?rev=e2dbab66ef5aa08f8e23ed05248e7d1217f58475#e2dbab66)
   Compiling thiserror-impl v2.0.21
   Compiling atomig-macro v0.4.0
   Compiling equator v0.4.2
   Compiling aligned-vec v0.6.4
   Compiling thiserror-impl v1.0.69
   Compiling atomig v0.4.3
   Compiling divan-macros v0.1.21
   Compiling bytemuck v1.25.2
   Compiling rgb v0.8.53
   Compiling zenpixels v0.2.16
   Compiling backtrace v0.3.76
   Compiling archmage v0.9.30 (https://github.com/imazen/archmage?rev=e2dbab66ef5aa08f8e23ed05248e7d1217f58475#e2dbab66)
   Compiling clap v4.6.6
   Compiling strum v0.28.0
   Compiling fs4 v1.1.0
   Compiling sysinfo v0.36.1
   Compiling nix v0.26.4
   Compiling spin v0.10.1
   Compiling zencodec v0.1.26
   Compiling raw-cpuid v11.6.0
   Compiling bitreader v0.3.11
   Compiling fallible_collections v0.5.2
   Compiling condtype v1.3.0
   Compiling assert_matches v1.5.0
   Compiling glob-match v0.2.1
   Compiling leb128 v0.2.7
   Compiling to_method v1.1.0
   Compiling byteorder v1.5.0
   Compiling regex-lite v0.1.9
   Compiling md5 v0.8.1
   Compiling jsonrpc-types v0.3.3
   Compiling zenbench v0.1.9
   Compiling zenavif-parse v0.6.2
   Compiling divan v0.1.21
   Compiling ppv-lite86 v0.2.21
   Compiling rav1d-disjoint-mut v0.4.0 (/home/ubuntu/tmp/rav1d-safe-lead-checkout/crates/rav1d-disjoint-mut)
   Compiling inferno v0.11.21
   Compiling rand_chacha v0.3.1
   Compiling rand v0.8.8
   Compiling shared_memory v0.12.4
   Compiling tango-bench v0.8.0
    Finished `release` profile [optimized + debuginfo] target(s) in 1m 01s
run-heavy: done rc=0 127s | peak-RSS 0.91GiB | min-avail 26168MiB | peak-load 15.23
36ec9b6b1f67b29f5261caf835de032d439a98959d6948866240a062e961f5f6  target/lead-token-tier-safe/release/examples/decode_md5
a0894da9125d456ef835c9c4e34e0ed3643f10e5ef8ef9f5a3c0368c7d9628de  target/lead-token-tier-untracked/release/examples/decode_md5
