run-heavy: mem-cap=16G (cgroup, hard) jobs=12/16 avail=27580MiB :: bash -c set -e; rustc --version; just clippy; just clippy-untracked; cargo check --no-default-features --features bitdepth_8,bitdepth_16,c-ffi; cargo check --no-default-features --features bitdepth_8,bitdepth_16,asm
rustc 1.99.0 (b940084d7 2026-09-28)
cargo clippy --release --no-default-features --features "bitdepth_8,bitdepth_16" --all-targets -- -D warnings
   Compiling rav1d-safe v0.6.0 (/home/ubuntu/tmp/rav1d-safe-lead-checkout)
    Finished `release` profile [optimized + debuginfo] target(s) in 14.68s
cargo clippy --release --no-default-features --features "bitdepth_8,bitdepth_16,untracked" --all-targets -- -D warnings
   Compiling rav1d-safe v0.6.0 (/home/ubuntu/tmp/rav1d-safe-lead-checkout)
    Finished `release` profile [optimized + debuginfo] target(s) in 13.92s
   Compiling proc-macro2 v1.0.107
   Compiling quote v1.0.47
   Compiling unicode-ident v1.0.24
   Compiling libc v0.2.189
   Compiling semver v1.0.28
   Compiling parking_lot_core v0.9.12
   Compiling find-msvc-tools v0.1.12
   Compiling zerocopy v0.8.56
    Checking stable_deref_trait v1.2.1
   Compiling log v0.4.34
   Compiling shlex v2.0.1
    Checking smallvec v1.16.0
    Checking as-slice v0.2.1
   Compiling paste v1.0.15
   Compiling heck v0.5.0
   Compiling cc v1.4.5
    Checking cfg-if v1.0.4
    Checking scopeguard v1.2.0
    Checking aligned v0.4.3
   Compiling rustc_version v0.4.1
    Checking lock_api v0.4.14
    Checking spin v0.12.3
    Checking safe_unaligned_simd v0.2.5
    Checking bitflags v2.13.1
    Checking to_method v1.1.0
    Checking assert_matches v1.5.0
    Checking enough v0.4.4
    Checking whereat v0.1.5
    Checking raw-cpuid v11.6.0
   Compiling likely_stable v0.1.3
   Compiling syn v2.0.119
   Compiling syn v3.0.6
   Compiling jobserver v0.1.35
    Checking parking_lot v0.12.5
   Compiling nasm-rs v0.3.2
   Compiling rav1d-safe v0.6.0 (/home/ubuntu/tmp/rav1d-safe-lead-checkout)
   Compiling equator-macro v0.4.2
   Compiling zerocopy-derive v0.8.56
   Compiling strum_macros v0.28.0
   Compiling atomig-macro v0.4.0
   Compiling archmage-macros v0.9.30 (https://github.com/imazen/archmage?rev=e2dbab66ef5aa08f8e23ed05248e7d1217f58475#e2dbab66)
    Checking atomig v0.4.3
    Checking equator v0.4.2
    Checking aligned-vec v0.6.4
    Checking archmage v0.9.30 (https://github.com/imazen/archmage?rev=e2dbab66ef5aa08f8e23ed05248e7d1217f58475#e2dbab66)
    Checking strum v0.28.0
    Checking rav1d-disjoint-mut v0.4.0 (/home/ubuntu/tmp/rav1d-safe-lead-checkout/crates/rav1d-disjoint-mut)
    Finished `dev` profile [unoptimized + debuginfo] target(s) in 25.34s
   Compiling rav1d-safe v0.6.0 (/home/ubuntu/tmp/rav1d-safe-lead-checkout)
warning: unused macro definition: `bpc_fn`
   --> include/common/bitdepth.rs:473:14
    |
473 | macro_rules! bpc_fn {
    |              ^^^^^^
    |
    = note: `#[warn(unused_macros)]` (part of `#[warn(unused)]`) on by default

warning: unused import: `crate::include::common::bitdepth::bpc_fn`
  --> src/mc.rs:53:5
   |
53 | use crate::include::common::bitdepth::bpc_fn;
   |     ^^^^^^^^^^^^^^^^^^^^^^^^^^^^^^^^^^^^^^^^
   |
   = note: `#[warn(unused_imports)]` (part of `#[warn(unused)]`) on by default

warning: unused import: `crate::src::pixels::Pixels`
   --> src/recon.rs:101:5
    |
101 | use crate::src::pixels::Pixels as _;
    |     ^^^^^^^^^^^^^^^^^^^^^^^^^^

warning: field `is_v` is never read
   --> src/loopfilter.rs:574:5
    |
553 | struct LfBlock<'a, 'b, BD: BitDepth> {
    |        ------- field in this struct
...
574 |     is_v: bool,
    |     ^^^^
    |
    = note: `#[warn(dead_code)]` (part of `#[warn(unused)]`) on by default

warning: field `symbol_adapt16` is never read
  --> src/msac.rs:83:5
   |
81 | pub struct Rav1dMsacDSPContext {
   |            ------------------- field in this struct
82 |     #[cfg(asm_msac)]
83 |     symbol_adapt16: unsafe extern "C" fn(
   |     ^^^^^^^^^^^^^^

warning: function pointer comparisons do not produce meaningful results since their addresses are not guaranteed to be unique
  --> src/wrap_fn_ptr.rs:57:27
   |
57 |               pub struct Fn(FnPtr);
   |                             ^^^^^
   |
  ::: src/cdef.rs:57:1
   |
57 | / wrap_fn_ptr!(pub unsafe extern "C" fn cdef(
58 | |     dst_ptr: *mut DynPixel,
59 | |     stride: ptrdiff_t,
60 | |     left: *const [LeftPixelRow2px<DynPixel>; 8],
...  |
71 | |     _bottom: *const FFISafe<CdefBottom>,
72 | | ) -> ());
   | |________- in this macro invocation
   |
   = note: the address of the same function can vary between different codegen units
   = note: furthermore, different functions could have the same address after being merged together
   = note: for more information visit <https://doc.rust-lang.org/nightly/core/ptr/fn.fn_addr_eq.html>
   = note: `#[warn(unpredictable_function_pointer_comparisons)]` on by default
   = note: this warning originates in the derive macro `PartialEq` which comes from the expansion of the macro `wrap_fn_ptr` (in Nightly builds, run with -Z macro-backtrace for more info)

warning: function pointer comparisons do not produce meaningful results since their addresses are not guaranteed to be unique
   --> src/wrap_fn_ptr.rs:57:27
    |
 57 |               pub struct Fn(FnPtr);
    |                             ^^^^^
    |
   ::: src/cdef.rs:341:1
    |
341 | / wrap_fn_ptr!(pub unsafe extern "C" fn cdef_dir(
342 | |     dst_ptr: *const DynPixel,
343 | |     dst_stride: ptrdiff_t,
344 | |     variance: &mut c_uint,
345 | |     bitdepth_max: c_int,
346 | |     _dst: *const FFISafe<PicOffset>,
347 | | ) -> c_int);
    | |___________- in this macro invocation
    |
    = note: the address of the same function can vary between different codegen units
    = note: furthermore, different functions could have the same address after being merged together
    = note: for more information visit <https://doc.rust-lang.org/nightly/core/ptr/fn.fn_addr_eq.html>
    = note: this warning originates in the derive macro `PartialEq` which comes from the expansion of the macro `wrap_fn_ptr` (in Nightly builds, run with -Z macro-backtrace for more info)

warning: function pointer comparisons do not produce meaningful results since their addresses are not guaranteed to be unique
   --> src/wrap_fn_ptr.rs:57:27
    |
 57 |               pub struct Fn(FnPtr);
    |                             ^^^^^
    |
   ::: src/cdef.rs:797:5
    |
797 | /     wrap_fn_ptr!(unsafe extern "C" fn padding(
798 | |         tmp: *mut u16,
799 | |         src: *const DynPixel,
800 | |         src_stride: ptrdiff_t,
...   |
805 | |         edges: CdefEdgeFlags,
806 | |     ) -> ());
    | |____________- in this macro invocation
    |
    = note: the address of the same function can vary between different codegen units
    = note: furthermore, different functions could have the same address after being merged together
    = note: for more information visit <https://doc.rust-lang.org/nightly/core/ptr/fn.fn_addr_eq.html>
    = note: this warning originates in the derive macro `PartialEq` which comes from the expansion of the macro `wrap_fn_ptr` (in Nightly builds, run with -Z macro-backtrace for more info)

warning: function pointer comparisons do not produce meaningful results since their addresses are not guaranteed to be unique
   --> src/wrap_fn_ptr.rs:57:27
    |
 57 |               pub struct Fn(FnPtr);
    |                             ^^^^^
    |
   ::: src/cdef.rs:839:5
    |
839 | /     wrap_fn_ptr!(unsafe extern "C" fn filter(
840 | |         dst: *mut DynPixel,
841 | |         dst_stride: ptrdiff_t,
842 | |         tmp: *const u16,
...   |
849 | |         bitdepth_max: c_int,
850 | |     ) -> ());
    | |____________- in this macro invocation
    |
    = note: the address of the same function can vary between different codegen units
    = note: furthermore, different functions could have the same address after being merged together
    = note: for more information visit <https://doc.rust-lang.org/nightly/core/ptr/fn.fn_addr_eq.html>
    = note: this warning originates in the derive macro `PartialEq` which comes from the expansion of the macro `wrap_fn_ptr` (in Nightly builds, run with -Z macro-backtrace for more info)

warning: function pointer comparisons do not produce meaningful results since their addresses are not guaranteed to be unique
  --> src/wrap_fn_ptr.rs:57:27
   |
57 |               pub struct Fn(FnPtr);
   |                             ^^^^^
   |
  ::: src/filmgrain.rs:51:1
   |
51 | / wrap_fn_ptr!(pub unsafe extern "C" fn generate_grain_y(
52 | |     buf: *mut GrainLut<DynEntry>,
53 | |     data: &Dav1dFilmGrainData,
54 | |     bitdepth_max: c_int,
55 | | ) -> ());
   | |________- in this macro invocation
   |
   = note: the address of the same function can vary between different codegen units
   = note: furthermore, different functions could have the same address after being merged together
   = note: for more information visit <https://doc.rust-lang.org/nightly/core/ptr/fn.fn_addr_eq.html>
   = note: this warning originates in the derive macro `PartialEq` which comes from the expansion of the macro `wrap_fn_ptr` (in Nightly builds, run with -Z macro-backtrace for more info)

warning: function pointer comparisons do not produce meaningful results since their addresses are not guaranteed to be unique
  --> src/wrap_fn_ptr.rs:57:27
   |
57 |               pub struct Fn(FnPtr);
   |                             ^^^^^
   |
  ::: src/filmgrain.rs:79:1
   |
79 | / wrap_fn_ptr!(pub unsafe extern "C" fn generate_grain_uv(
80 | |     buf: *mut GrainLut<DynEntry>,
81 | |     buf_y: *const GrainLut<DynEntry>,
82 | |     data: &Dav1dFilmGrainData,
83 | |     uv: intptr_t,
84 | |     bitdepth_max: c_int,
85 | | ) -> ());
   | |________- in this macro invocation
   |
   = note: the address of the same function can vary between different codegen units
   = note: furthermore, different functions could have the same address after being merged together
   = note: for more information visit <https://doc.rust-lang.org/nightly/core/ptr/fn.fn_addr_eq.html>
   = note: this warning originates in the derive macro `PartialEq` which comes from the expansion of the macro `wrap_fn_ptr` (in Nightly builds, run with -Z macro-backtrace for more info)

warning: function pointer comparisons do not produce meaningful results since their addresses are not guaranteed to be unique
   --> src/wrap_fn_ptr.rs:57:27
    |
 57 |               pub struct Fn(FnPtr);
    |                             ^^^^^
    |
   ::: src/filmgrain.rs:115:1
    |
115 | / wrap_fn_ptr!(pub unsafe extern "C" fn fgy_32x32xn(
116 | |     dst_row_ptr: *mut DynPixel,
117 | |     src_row_ptr: *const DynPixel,
118 | |     stride: ptrdiff_t,
...   |
127 | |     _src_src: *const FFISafe<PicOffset>,
128 | | ) -> ());
    | |________- in this macro invocation
    |
    = note: the address of the same function can vary between different codegen units
    = note: furthermore, different functions could have the same address after being merged together
    = note: for more information visit <https://doc.rust-lang.org/nightly/core/ptr/fn.fn_addr_eq.html>
    = note: this warning originates in the derive macro `PartialEq` which comes from the expansion of the macro `wrap_fn_ptr` (in Nightly builds, run with -Z macro-backtrace for more info)

warning: function pointer comparisons do not produce meaningful results since their addresses are not guaranteed to be unique
   --> src/wrap_fn_ptr.rs:57:27
    |
 57 |               pub struct Fn(FnPtr);
    |                             ^^^^^
    |
   ::: src/filmgrain.rs:184:1
    |
184 | / wrap_fn_ptr!(pub unsafe extern "C" fn fguv_32x32xn(
185 | |     dst_row_ptr: *mut DynPixel,
186 | |     src_row_ptr: *const DynPixel,
187 | |     stride: ptrdiff_t,
...   |
201 | |     _luma_row: *const FFISafe<PicOffset>,
202 | | ) -> ());
    | |________- in this macro invocation
    |
    = note: the address of the same function can vary between different codegen units
    = note: furthermore, different functions could have the same address after being merged together
    = note: for more information visit <https://doc.rust-lang.org/nightly/core/ptr/fn.fn_addr_eq.html>
    = note: this warning originates in the derive macro `PartialEq` which comes from the expansion of the macro `wrap_fn_ptr` (in Nightly builds, run with -Z macro-backtrace for more info)

warning: function pointer comparisons do not produce meaningful results since their addresses are not guaranteed to be unique
    --> src/wrap_fn_ptr.rs:57:27
     |
  57 |               pub struct Fn(FnPtr);
     |                             ^^^^^
     |
    ::: src/filmgrain.rs:1096:5
     |
1096 | /     wrap_fn_ptr!(unsafe extern "C" fn fgy_32x32xn_neon(
1097 | |         dst: *mut DynPixel,
1098 | |         src: *const DynPixel,
1099 | |         stride: ptrdiff_t,
...    |
1107 | |         bitdepth_max: c_int,
1108 | |     ) -> ());
     | |____________- in this macro invocation
     |
     = note: the address of the same function can vary between different codegen units
     = note: furthermore, different functions could have the same address after being merged together
     = note: for more information visit <https://doc.rust-lang.org/nightly/core/ptr/fn.fn_addr_eq.html>
     = note: this warning originates in the derive macro `PartialEq` which comes from the expansion of the macro `wrap_fn_ptr` (in Nightly builds, run with -Z macro-backtrace for more info)

warning: function pointer comparisons do not produce meaningful results since their addresses are not guaranteed to be unique
    --> src/wrap_fn_ptr.rs:57:27
     |
  57 |               pub struct Fn(FnPtr);
     |                             ^^^^^
     |
    ::: src/filmgrain.rs:1240:5
     |
1240 | /     wrap_fn_ptr!(unsafe extern "C" fn fguv_32x32xn_neon(
1241 | |         dst: *mut DynPixel,
1242 | |         src: *const DynPixel,
1243 | |         stride: ptrdiff_t,
...    |
1254 | |         bitdepth_max: c_int,
1255 | |     ) -> ());
     | |____________- in this macro invocation
     |
     = note: the address of the same function can vary between different codegen units
     = note: furthermore, different functions could have the same address after being merged together
     = note: for more information visit <https://doc.rust-lang.org/nightly/core/ptr/fn.fn_addr_eq.html>
     = note: this warning originates in the derive macro `PartialEq` which comes from the expansion of the macro `wrap_fn_ptr` (in Nightly builds, run with -Z macro-backtrace for more info)

warning: function pointer comparisons do not produce meaningful results since their addresses are not guaranteed to be unique
  --> src/wrap_fn_ptr.rs:57:27
   |
57 |               pub struct Fn(FnPtr);
   |                             ^^^^^
   |
  ::: src/ipred.rs:84:1
   |
84 | / wrap_fn_ptr!(pub unsafe extern "C" fn angular_ipred(
85 | |     dst_ptr: *mut DynPixel,
86 | |     stride: ptrdiff_t,
87 | |     topleft: *const DynPixel,
...  |
95 | |     _dst: *const FFISafe<PicOffset>,
96 | | ) -> ());
   | |________- in this macro invocation
   |
   = note: the address of the same function can vary between different codegen units
   = note: furthermore, different functions could have the same address after being merged together
   = note: for more information visit <https://doc.rust-lang.org/nightly/core/ptr/fn.fn_addr_eq.html>
   = note: this warning originates in the derive macro `PartialEq` which comes from the expansion of the macro `wrap_fn_ptr` (in Nightly builds, run with -Z macro-backtrace for more info)

warning: function pointer comparisons do not produce meaningful results since their addresses are not guaranteed to be unique
   --> src/wrap_fn_ptr.rs:57:27
    |
 57 |               pub struct Fn(FnPtr);
    |                             ^^^^^
    |
   ::: src/ipred.rs:297:1
    |
297 | / wrap_fn_ptr!(pub unsafe extern "C" fn cfl_ac(
298 | |     ac: &mut [i16; SCRATCH_AC_TXTP_LEN],
299 | |     y_ptr: *const DynPixel,
300 | |     stride: ptrdiff_t,
...   |
305 | |     _y: *const FFISafe<PicOffset>,
306 | | ) -> ());
    | |________- in this macro invocation
    |
    = note: the address of the same function can vary between different codegen units
    = note: furthermore, different functions could have the same address after being merged together
    = note: for more information visit <https://doc.rust-lang.org/nightly/core/ptr/fn.fn_addr_eq.html>
    = note: this warning originates in the derive macro `PartialEq` which comes from the expansion of the macro `wrap_fn_ptr` (in Nightly builds, run with -Z macro-backtrace for more info)

warning: function pointer comparisons do not produce meaningful results since their addresses are not guaranteed to be unique
   --> src/wrap_fn_ptr.rs:57:27
    |
 57 |               pub struct Fn(FnPtr);
    |                             ^^^^^
    |
   ::: src/ipred.rs:393:1
    |
393 | / wrap_fn_ptr!(pub unsafe extern "C" fn cfl_pred(
394 | |     dst_ptr: *mut DynPixel,
395 | |     stride: ptrdiff_t,
396 | |     topleft: *const DynPixel,
...   |
403 | |     _dst: *const FFISafe<PicOffset>,
404 | | ) -> ());
    | |________- in this macro invocation
    |
    = note: the address of the same function can vary between different codegen units
    = note: furthermore, different functions could have the same address after being merged together
    = note: for more information visit <https://doc.rust-lang.org/nightly/core/ptr/fn.fn_addr_eq.html>
    = note: this warning originates in the derive macro `PartialEq` which comes from the expansion of the macro `wrap_fn_ptr` (in Nightly builds, run with -Z macro-backtrace for more info)

warning: function pointer comparisons do not produce meaningful results since their addresses are not guaranteed to be unique
   --> src/wrap_fn_ptr.rs:57:27
    |
 57 |               pub struct Fn(FnPtr);
    |                             ^^^^^
    |
   ::: src/ipred.rs:498:1
    |
498 | / wrap_fn_ptr!(pub unsafe extern "C" fn pal_pred(
499 | |     dst_ptr: *mut DynPixel,
500 | |     stride: ptrdiff_t,
501 | |     pal: *const [DynPixel; 8],
...   |
505 | |     _dst: *const FFISafe<PicOffset>,
506 | | ) -> ());
    | |________- in this macro invocation
    |
    = note: the address of the same function can vary between different codegen units
    = note: furthermore, different functions could have the same address after being merged together
    = note: for more information visit <https://doc.rust-lang.org/nightly/core/ptr/fn.fn_addr_eq.html>
    = note: this warning originates in the derive macro `PartialEq` which comes from the expansion of the macro `wrap_fn_ptr` (in Nightly builds, run with -Z macro-backtrace for more info)

warning: function pointer comparisons do not produce meaningful results since their addresses are not guaranteed to be unique
    --> src/wrap_fn_ptr.rs:57:27
     |
  57 |               pub struct Fn(FnPtr);
     |                             ^^^^^
     |
    ::: src/ipred.rs:1857:5
     |
1857 | /     wrap_fn_ptr!(unsafe extern "C" fn z13_fill(
1858 | |         dst: *mut DynPixel,
1859 | |         stride: ptrdiff_t,
1860 | |         topleft: *const DynPixel,
...    |
1864 | |         max_base_xy: c_int,
1865 | |     ) -> ());
     | |____________- in this macro invocation
     |
     = note: the address of the same function can vary between different codegen units
     = note: furthermore, different functions could have the same address after being merged together
     = note: for more information visit <https://doc.rust-lang.org/nightly/core/ptr/fn.fn_addr_eq.html>
     = note: this warning originates in the derive macro `PartialEq` which comes from the expansion of the macro `wrap_fn_ptr` (in Nightly builds, run with -Z macro-backtrace for more info)

warning: function pointer comparisons do not produce meaningful results since their addresses are not guaranteed to be unique
    --> src/wrap_fn_ptr.rs:57:27
     |
  57 |               pub struct Fn(FnPtr);
     |                             ^^^^^
     |
    ::: src/ipred.rs:1885:5
     |
1885 | /     wrap_fn_ptr!(unsafe extern "C" fn z2_fill(
1886 | |         dst: *mut DynPixel,
1887 | |         stride: ptrdiff_t,
1888 | |         top: *const DynPixel,
...    |
1893 | |         dy: c_int,
1894 | |     ) -> ());
     | |____________- in this macro invocation
     |
     = note: the address of the same function can vary between different codegen units
     = note: furthermore, different functions could have the same address after being merged together
     = note: for more information visit <https://doc.rust-lang.org/nightly/core/ptr/fn.fn_addr_eq.html>
     = note: this warning originates in the derive macro `PartialEq` which comes from the expansion of the macro `wrap_fn_ptr` (in Nightly builds, run with -Z macro-backtrace for more info)

warning: function pointer comparisons do not produce meaningful results since their addresses are not guaranteed to be unique
    --> src/wrap_fn_ptr.rs:57:27
     |
  57 |               pub struct Fn(FnPtr);
     |                             ^^^^^
     |
    ::: src/ipred.rs:1916:5
     |
1916 | /     wrap_fn_ptr!(unsafe extern "C" fn z1_upsample_edge(
1917 | |         out: *mut DynPixel,
1918 | |         hsz: c_int,
1919 | |         in_0: *const DynPixel,
1920 | |         end: c_int,
1921 | |         _bitdepth_max: c_int,
1922 | |     ) -> ());
     | |____________- in this macro invocation
     |
     = note: the address of the same function can vary between different codegen units
     = note: furthermore, different functions could have the same address after being merged together
     = note: for more information visit <https://doc.rust-lang.org/nightly/core/ptr/fn.fn_addr_eq.html>
     = note: this warning originates in the derive macro `PartialEq` which comes from the expansion of the macro `wrap_fn_ptr` (in Nightly builds, run with -Z macro-backtrace for more info)

warning: function pointer comparisons do not produce meaningful results since their addresses are not guaranteed to be unique
    --> src/wrap_fn_ptr.rs:57:27
     |
  57 |               pub struct Fn(FnPtr);
     |                             ^^^^^
     |
    ::: src/ipred.rs:1941:5
     |
1941 | /     wrap_fn_ptr!(unsafe extern "C" fn z1_filter_edge(
1942 | |         out: *mut DynPixel,
1943 | |         sz: c_int,
1944 | |         in_0: *const DynPixel,
1945 | |         end: c_int,
1946 | |         strength: c_int,
1947 | |     ) -> ());
     | |____________- in this macro invocation
     |
     = note: the address of the same function can vary between different codegen units
     = note: furthermore, different functions could have the same address after being merged together
     = note: for more information visit <https://doc.rust-lang.org/nightly/core/ptr/fn.fn_addr_eq.html>
     = note: this warning originates in the derive macro `PartialEq` which comes from the expansion of the macro `wrap_fn_ptr` (in Nightly builds, run with -Z macro-backtrace for more info)

warning: function pointer comparisons do not produce meaningful results since their addresses are not guaranteed to be unique
    --> src/wrap_fn_ptr.rs:57:27
     |
  57 |               pub struct Fn(FnPtr);
     |                             ^^^^^
     |
    ::: src/ipred.rs:1965:5
     |
1965 | /     wrap_fn_ptr!(unsafe extern "C" fn z2_upsample_edge(
1966 | |         out: *mut DynPixel,
1967 | |         hsz: c_int,
1968 | |         in_0: *const DynPixel,
1969 | |         _bitdepth_max: c_int,
1970 | |     ) -> ());
     | |____________- in this macro invocation
     |
     = note: the address of the same function can vary between different codegen units
     = note: furthermore, different functions could have the same address after being merged together
     = note: for more information visit <https://doc.rust-lang.org/nightly/core/ptr/fn.fn_addr_eq.html>
     = note: this warning originates in the derive macro `PartialEq` which comes from the expansion of the macro `wrap_fn_ptr` (in Nightly builds, run with -Z macro-backtrace for more info)

warning: function pointer comparisons do not produce meaningful results since their addresses are not guaranteed to be unique
    --> src/wrap_fn_ptr.rs:57:27
     |
  57 |               pub struct Fn(FnPtr);
     |                             ^^^^^
     |
    ::: src/ipred.rs:1988:5
     |
1988 | /     wrap_fn_ptr!(unsafe extern "C" fn reverse(
1989 | |         dst: *mut DynPixel,
1990 | |         src: *const DynPixel,
1991 | |         n: c_int,
1992 | |     ) -> ());
     | |____________- in this macro invocation
     |
     = note: the address of the same function can vary between different codegen units
     = note: furthermore, different functions could have the same address after being merged together
     = note: for more information visit <https://doc.rust-lang.org/nightly/core/ptr/fn.fn_addr_eq.html>
     = note: this warning originates in the derive macro `PartialEq` which comes from the expansion of the macro `wrap_fn_ptr` (in Nightly builds, run with -Z macro-backtrace for more info)

warning: function pointer comparisons do not produce meaningful results since their addresses are not guaranteed to be unique
   --> src/wrap_fn_ptr.rs:57:27
    |
 57 |               pub struct Fn(FnPtr);
    |                             ^^^^^
    |
   ::: src/itx.rs:459:1
    |
459 | / wrap_fn_ptr!(unsafe extern "C" fn itxfm(
460 | |     dst_ptr: *mut DynPixel,
461 | |     dst_stride: isize,
462 | |     coeff: *mut DynCoef,
...   |
466 | |     _dst: *const FFISafe<PicOffset>,
467 | | ) -> ());
    | |________- in this macro invocation
    |
    = note: the address of the same function can vary between different codegen units
    = note: furthermore, different functions could have the same address after being merged together
    = note: for more information visit <https://doc.rust-lang.org/nightly/core/ptr/fn.fn_addr_eq.html>
    = note: this warning originates in the derive macro `PartialEq` which comes from the expansion of the macro `wrap_fn_ptr` (in Nightly builds, run with -Z macro-backtrace for more info)

warning: `extern` block uses type `A16`, which is not FFI-safe
    --> src/loopfilter.rs:38:10
     |
  38 |     lut: &Align16<Av1FilterLUT>,
     |          ^^^^^^^^^^^^^^^^^^^^^^ not FFI-safe
...
1583 |         self.loop_filter_sb.y.h = bd_fn!(loopfilter_sb::decl_fn, BD, lpf_h_sb_y, neon);
     |                                   ---------------------------------------------------- in this macro invocation
     |
     = help: consider adding a `#[repr(C)]` or `#[repr(transparent)]` attribute to this struct
     = note: this struct has unspecified layout
     = note: `#[warn(improper_ctypes)]` on by default
     = note: this warning originates in the macro `loopfilter_sb::decl_fn` which comes from the expansion of the macro `bd_fn` (in Nightly builds, run with -Z macro-backtrace for more info)

warning: `extern` block uses type `A16`, which is not FFI-safe
    --> src/loopfilter.rs:38:10
     |
  38 |     lut: &Align16<Av1FilterLUT>,
     |          ^^^^^^^^^^^^^^^^^^^^^^ not FFI-safe
...
1583 |         self.loop_filter_sb.y.h = bd_fn!(loopfilter_sb::decl_fn, BD, lpf_h_sb_y, neon);
     |                                   ---------------------------------------------------- in this macro invocation
     |
     = help: consider adding a `#[repr(C)]` or `#[repr(transparent)]` attribute to this struct
     = note: this struct has unspecified layout
     = note: this warning originates in the macro `loopfilter_sb::decl_fn` which comes from the expansion of the macro `bd_fn` (in Nightly builds, run with -Z macro-backtrace for more info)

warning: `extern` block uses type `A16`, which is not FFI-safe
    --> src/loopfilter.rs:38:10
     |
  38 |     lut: &Align16<Av1FilterLUT>,
     |          ^^^^^^^^^^^^^^^^^^^^^^ not FFI-safe
...
