run-heavy: mem-cap=16G (cgroup, hard) jobs=12/16 avail=29913MiB :: just conformance-scalar-modes target/lead-frame-limit-safe/release/examples/decode_md5 target/lead-frame-limit-untracked/release/examples/decode_md5
# Total: 952 test vectors
Conformance: level=scalar threads=1 delay=0 binary=target/lead-frame-limit-safe/release/examples/decode_md5 manifest=/home/ubuntu/tmp/rav1d-vectors.bXetJm.tsv
Progress: total=50 pass=50 fail=0 errors=0
Progress: total=100 pass=100 fail=0 errors=0
Progress: total=150 pass=150 fail=0 errors=0
Progress: total=200 pass=200 fail=0 errors=0
Progress: total=250 pass=250 fail=0 errors=0
Progress: total=300 pass=300 fail=0 errors=0
Progress: total=350 pass=350 fail=0 errors=0
Progress: total=400 pass=400 fail=0 errors=0
Progress: total=450 pass=450 fail=0 errors=0
Progress: total=500 pass=500 fail=0 errors=0
Progress: total=550 pass=550 fail=0 errors=0
Progress: total=600 pass=600 fail=0 errors=0
Progress: total=650 pass=650 fail=0 errors=0
Progress: total=700 pass=700 fail=0 errors=0
Progress: total=750 pass=750 fail=0 errors=0
Progress: total=800 pass=800 fail=0 errors=0
SUMMARY level=scalar threads=1 delay=0 total=803 pass=803 fail=0 errors=0 excluded=149
# Total: 952 test vectors
Conformance: level=scalar threads=2 delay=0 binary=target/lead-frame-limit-safe/release/examples/decode_md5 manifest=/home/ubuntu/tmp/rav1d-vectors.KcHbV8.tsv
Progress: total=50 pass=50 fail=0 errors=0
Progress: total=100 pass=100 fail=0 errors=0
Progress: total=150 pass=150 fail=0 errors=0
Progress: total=200 pass=200 fail=0 errors=0
Progress: total=250 pass=250 fail=0 errors=0
Progress: total=300 pass=300 fail=0 errors=0
Progress: total=350 pass=350 fail=0 errors=0
Progress: total=400 pass=400 fail=0 errors=0
Progress: total=450 pass=450 fail=0 errors=0
Progress: total=500 pass=500 fail=0 errors=0
Progress: total=550 pass=550 fail=0 errors=0
Progress: total=600 pass=600 fail=0 errors=0
Progress: total=650 pass=650 fail=0 errors=0
Progress: total=700 pass=700 fail=0 errors=0
Progress: total=750 pass=750 fail=0 errors=0
Progress: total=800 pass=800 fail=0 errors=0
SUMMARY level=scalar threads=2 delay=0 total=803 pass=803 fail=0 errors=0 excluded=149
# Total: 952 test vectors
Conformance: level=scalar threads=4 delay=0 binary=target/lead-frame-limit-safe/release/examples/decode_md5 manifest=/home/ubuntu/tmp/rav1d-vectors.3YEP7r.tsv
Progress: total=50 pass=50 fail=0 errors=0
Progress: total=100 pass=100 fail=0 errors=0
Progress: total=150 pass=150 fail=0 errors=0
Progress: total=200 pass=200 fail=0 errors=0
Progress: total=250 pass=250 fail=0 errors=0
Progress: total=300 pass=300 fail=0 errors=0
Progress: total=350 pass=350 fail=0 errors=0
Progress: total=400 pass=400 fail=0 errors=0
Progress: total=450 pass=450 fail=0 errors=0
Progress: total=500 pass=500 fail=0 errors=0
Progress: total=550 pass=550 fail=0 errors=0
Progress: total=600 pass=600 fail=0 errors=0
Progress: total=650 pass=650 fail=0 errors=0
Progress: total=700 pass=700 fail=0 errors=0
Progress: total=750 pass=750 fail=0 errors=0
Progress: total=800 pass=800 fail=0 errors=0
SUMMARY level=scalar threads=4 delay=0 total=803 pass=803 fail=0 errors=0 excluded=149
# Total: 952 test vectors
Conformance: level=scalar threads=8 delay=0 binary=target/lead-frame-limit-safe/release/examples/decode_md5 manifest=/home/ubuntu/tmp/rav1d-vectors.nkPm5A.tsv
Progress: total=50 pass=50 fail=0 errors=0
Progress: total=100 pass=100 fail=0 errors=0
Progress: total=150 pass=150 fail=0 errors=0
Progress: total=200 pass=200 fail=0 errors=0
Progress: total=250 pass=250 fail=0 errors=0
Progress: total=300 pass=300 fail=0 errors=0
Progress: total=350 pass=350 fail=0 errors=0
Progress: total=400 pass=400 fail=0 errors=0
Progress: total=450 pass=450 fail=0 errors=0
Progress: total=500 pass=500 fail=0 errors=0
Progress: total=550 pass=550 fail=0 errors=0
Progress: total=600 pass=600 fail=0 errors=0
Progress: total=650 pass=650 fail=0 errors=0
Progress: total=700 pass=700 fail=0 errors=0
Progress: total=750 pass=750 fail=0 errors=0
Progress: total=800 pass=800 fail=0 errors=0
SUMMARY level=scalar threads=8 delay=0 total=803 pass=803 fail=0 errors=0 excluded=149
# Total: 952 test vectors
Conformance: level=scalar threads=1 delay=0 binary=target/lead-frame-limit-untracked/release/examples/decode_md5 manifest=/home/ubuntu/tmp/rav1d-vectors.fpHIha.tsv
Progress: total=50 pass=50 fail=0 errors=0
Progress: total=100 pass=100 fail=0 errors=0
Progress: total=150 pass=150 fail=0 errors=0
Progress: total=200 pass=200 fail=0 errors=0
Progress: total=250 pass=250 fail=0 errors=0
Progress: total=300 pass=300 fail=0 errors=0
Progress: total=350 pass=350 fail=0 errors=0
Progress: total=400 pass=400 fail=0 errors=0
Progress: total=450 pass=450 fail=0 errors=0
Progress: total=500 pass=500 fail=0 errors=0
Progress: total=550 pass=550 fail=0 errors=0
Progress: total=600 pass=600 fail=0 errors=0
Progress: total=650 pass=650 fail=0 errors=0
Progress: total=700 pass=700 fail=0 errors=0
Progress: total=750 pass=750 fail=0 errors=0
Progress: total=800 pass=800 fail=0 errors=0
SUMMARY level=scalar threads=1 delay=0 total=803 pass=803 fail=0 errors=0 excluded=149
# Total: 952 test vectors
Conformance: level=scalar threads=2 delay=0 binary=target/lead-frame-limit-untracked/release/examples/decode_md5 manifest=/home/ubuntu/tmp/rav1d-vectors.NWi7nI.tsv
Progress: total=50 pass=50 fail=0 errors=0
Progress: total=100 pass=100 fail=0 errors=0
Progress: total=150 pass=150 fail=0 errors=0
Progress: total=200 pass=200 fail=0 errors=0
Progress: total=250 pass=250 fail=0 errors=0
Progress: total=300 pass=300 fail=0 errors=0
Progress: total=350 pass=350 fail=0 errors=0
Progress: total=400 pass=400 fail=0 errors=0
Progress: total=450 pass=450 fail=0 errors=0
Progress: total=500 pass=500 fail=0 errors=0
Progress: total=550 pass=550 fail=0 errors=0
Progress: total=600 pass=600 fail=0 errors=0
Progress: total=650 pass=650 fail=0 errors=0
Progress: total=700 pass=700 fail=0 errors=0
Progress: total=750 pass=750 fail=0 errors=0
Progress: total=800 pass=800 fail=0 errors=0
SUMMARY level=scalar threads=2 delay=0 total=803 pass=803 fail=0 errors=0 excluded=149
# Total: 952 test vectors
Conformance: level=scalar threads=4 delay=0 binary=target/lead-frame-limit-untracked/release/examples/decode_md5 manifest=/home/ubuntu/tmp/rav1d-vectors.pBRUp8.tsv
Progress: total=50 pass=50 fail=0 errors=0
Progress: total=100 pass=100 fail=0 errors=0
Progress: total=150 pass=150 fail=0 errors=0
Progress: total=200 pass=200 fail=0 errors=0
Progress: total=250 pass=250 fail=0 errors=0
Progress: total=300 pass=300 fail=0 errors=0
Progress: total=350 pass=350 fail=0 errors=0
Progress: total=400 pass=400 fail=0 errors=0
Progress: total=450 pass=450 fail=0 errors=0
Progress: total=500 pass=500 fail=0 errors=0
Progress: total=550 pass=550 fail=0 errors=0
Progress: total=600 pass=600 fail=0 errors=0
Progress: total=650 pass=650 fail=0 errors=0
Progress: total=700 pass=700 fail=0 errors=0
Progress: total=750 pass=750 fail=0 errors=0
Progress: total=800 pass=800 fail=0 errors=0
SUMMARY level=scalar threads=4 delay=0 total=803 pass=803 fail=0 errors=0 excluded=149
# Total: 952 test vectors
Conformance: level=scalar threads=8 delay=0 binary=target/lead-frame-limit-untracked/release/examples/decode_md5 manifest=/home/ubuntu/tmp/rav1d-vectors.5qjnd1.tsv
Progress: total=50 pass=50 fail=0 errors=0
Progress: total=100 pass=100 fail=0 errors=0
Progress: total=150 pass=150 fail=0 errors=0
Progress: total=200 pass=200 fail=0 errors=0
Progress: total=250 pass=250 fail=0 errors=0
Progress: total=300 pass=300 fail=0 errors=0
Progress: total=350 pass=350 fail=0 errors=0
Progress: total=400 pass=400 fail=0 errors=0
Progress: total=450 pass=450 fail=0 errors=0
Progress: total=500 pass=500 fail=0 errors=0
Progress: total=550 pass=550 fail=0 errors=0
Progress: total=600 pass=600 fail=0 errors=0
Progress: total=650 pass=650 fail=0 errors=0
Progress: total=700 pass=700 fail=0 errors=0
Progress: total=750 pass=750 fail=0 errors=0
Progress: total=800 pass=800 fail=0 errors=0
SUMMARY level=scalar threads=8 delay=0 total=803 pass=803 fail=0 errors=0 excluded=149
run-heavy: done rc=0 2096s | peak-RSS 0.24GiB | min-avail 27258MiB | peak-load 8.31
