run-heavy: mem-cap=16G (cgroup, hard) jobs=20/24 avail=26040MiB :: bash -c just test-cdef-direction-costs && just test-cdef-padding
cargo nextest run --cargo-profile release-thin --no-default-features --features "bitdepth_8,bitdepth_16" --lib -E 'test(direction_costs_match_scalar_at_all_depths_and_stride_signs)'
[1m[92m   Compiling[0m rav1d-safe v0.6.0 (/home/lilith/work/zen/rav1d-safe--lead-cdef)
[1m[92m    Finished[0m `release-thin` profile [optimized + debuginfo] target(s) in 13.54s
────────────
[32;1m Nextest run[0m ID [1ma16ba0ec-8584-4613-86bc-301e281e6958[0m with nextest profile: [1mdefault[0m
[32;1m    Starting[0m [1m1[0m test across [1m1[0m binary ([1m122[0m tests [33;1mskipped[0m)
[32;1m        PASS[0m [   0.015s] (1/1) [35;1mrav1d-safe[0m [36msrc::safe_simd::cdef::direction_cost_tests[0m[36m::[0m[34;1mdirection_costs_match_scalar_at_all_depths_and_stride_signs[0m
────────────
[32;1m     Summary[0m [   0.015s] [1m1[0m test run: [1m1[0m [32;1mpassed[0m, [1m122[0m [33;1mskipped[0m
cargo nextest run --cargo-profile release-thin --no-default-features --features "bitdepth_8,bitdepth_16" --lib -E 'test(padding_parity_tests)'
[1m[92m    Finished[0m `release-thin` profile [optimized + debuginfo] target(s) in 0.05s
────────────
[32;1m Nextest run[0m ID [1m6eb3cbcb-78d9-40f2-9cc8-d13a5e67344b[0m with nextest profile: [1mdefault[0m
[32;1m    Starting[0m [1m3[0m tests across [1m1[0m binary ([1m120[0m tests [33;1mskipped[0m)
[32;1m        PASS[0m [   0.003s] (1/3) [35;1mrav1d-safe[0m [36msrc::safe_simd::cdef::padding_parity_tests[0m[36m::[0m[34;1mrect_guard_arms_with_declared_stride[0m
[32;1m        PASS[0m [   0.004s] (2/3) [35;1mrav1d-safe[0m [36msrc::safe_simd::cdef::padding_parity_tests[0m[36m::[0m[34;1mpadding_8bpc_full_domain_parity[0m
[32;1m        PASS[0m [   0.005s] (3/3) [35;1mrav1d-safe[0m [36msrc::safe_simd::cdef::padding_parity_tests[0m[36m::[0m[34;1mpadding_16bpc_full_domain_parity[0m
────────────
[32;1m     Summary[0m [   0.005s] [1m3[0m tests run: [1m3[0m [32;1mpassed[0m, [1m120[0m [33;1mskipped[0m
run-heavy: done rc=0 14s | peak-RSS 1.72GiB | min-avail 24358MiB | peak-load 3.18
