run-heavy: mem-cap=16G (cgroup, hard) jobs=20/24 avail=26056MiB :: just test-cdef-padding
cargo nextest run --cargo-profile release-thin --no-default-features --features "bitdepth_8,bitdepth_16" --lib -E 'test(padding_parity_tests)'
[1m[92m   Compiling[0m rav1d-safe v0.6.0 (/home/lilith/work/zen/rav1d-safe--lead-cdef)
[1m[92m    Finished[0m `release-thin` profile [optimized + debuginfo] target(s) in 13.34s
────────────
[32;1m Nextest run[0m ID [1m1abf18a7-58a3-4ca4-9675-0716a3133e99[0m with nextest profile: [1mdefault[0m
[32;1m    Starting[0m [1m3[0m tests across [1m1[0m binary ([1m120[0m tests [33;1mskipped[0m)
[32;1m        PASS[0m [   0.003s] (1/3) [35;1mrav1d-safe[0m [36msrc::safe_simd::cdef::padding_parity_tests[0m[36m::[0m[34;1mrect_guard_arms_with_declared_stride[0m
[31;1m        FAIL[0m [   0.004s] (2/3) [35;1mrav1d-safe[0m [36msrc::safe_simd::cdef::padding_parity_tests[0m[36m::[0m[34;1mpadding_8bpc_full_domain_parity[0m
[31;1m [0m [31;1mstdout[0m [31;1m───[0m

    running 1 test
    test src::safe_simd::cdef::padding_parity_tests::padding_8bpc_full_domain_parity ... FAILED

    failures:

    failures:
        src::safe_simd::cdef::padding_parity_tests::padding_8bpc_full_domain_parity

    test result: FAILED. 0 passed; 1 failed; 0 ignored; 0 measured; 122 filtered out; finished in 0.00s
    [0m
[31;1m [0m [31;1mstderr[0m [31;1m───[0m

    [0m[31;1mthread 'src::safe_simd::cdef::padding_parity_tests::padding_8bpc_full_domain_parity' (2723692) panicked at src/safe_simd/cdef.rs:1344:40:[0m
    [31;1moverlapping DisjointMut:[0m
     current:    & _[72..108] on ThreadId(2) at src/safe_simd/cdef.rs:1344:40
    existing: &mut _[88..89]
    note: run with `RUST_BACKTRACE=1` environment variable to display a backtrace[0m

[32;1m        PASS[0m [   0.005s] (3/3) [35;1mrav1d-safe[0m [36msrc::safe_simd::cdef::padding_parity_tests[0m[36m::[0m[34;1mpadding_16bpc_full_domain_parity[0m
────────────
[31;1m     Summary[0m [   0.005s] [1m3[0m tests run: [1m2[0m [32;1mpassed[0m, [1m1[0m [31;1mfailed[0m, [1m120[0m [33;1mskipped[0m
[31;1m        FAIL[0m [   0.004s] (2/3) [35;1mrav1d-safe[0m [36msrc::safe_simd::cdef::padding_parity_tests[0m[36m::[0m[34;1mpadding_8bpc_full_domain_parity[0m
[31;1merror[0m: test run failed
error: recipe `test-cdef-padding` failed on line 179 with exit code 100
run-heavy: done rc=100 14s | peak-RSS 1.61GiB | min-avail 24459MiB | peak-load 3.40
