## aom_real1080_96.ivf t=4
  untr  d1= 23.224(1.00x)  d2= 10.884(0.47x)
  safe  d1= 47.603(1.00x)  d2= 31.785(0.67x)
## aom_real1080_96.ivf t=8
  untr  d1= 23.578(1.00x)  d2= 11.299(0.48x)
  safe  d1= 47.437(1.00x)  d2= 33.229(0.70x)
## svt_real1080_96.ivf t=4
  untr  d1= 13.096(1.00x)  d2=  6.917(0.53x)
  safe  d1= 25.127(1.00x)  d2= 18.661(0.74x)
## svt_real1080_96.ivf t=8
  untr  d1= 14.198(1.00x)  d2=  6.899(0.49x)
  safe  d1= 27.063(1.00x)  d2= 17.592(0.65x)
## aom_real4k_48.ivf t=4
  untr  d1= 67.522(1.00x)  d2= 33.483(0.50x)
  safe  d1=200.915(1.00x)  d2=162.033(0.81x)
## aom_real4k_48.ivf t=8
  untr  d1= 71.439(1.00x)  d2= 33.796(0.47x)
  safe  d1=215.978(1.00x)  d2=161.610(0.75x)
## svt_real4k_48.ivf t=4
  untr  d1= 42.826(1.00x)  d2= 24.157(0.56x)
  safe  d1=163.522(1.00x)  d2=135.562(0.83x)
## svt_real4k_48.ivf t=8
  untr  d1= 44.429(1.00x)  d2= 24.667(0.56x)
  safe  d1=171.156(1.00x)  d2=143.220(0.84x)
