## auto delay 2
stitch150.ivf              t=2 d=2  before     3.65  after     3.54  ratio 0.971  (min 3.61 -> 3.51)
stitch150.ivf              t=4 d=2  before     4.03  after     3.95  ratio 0.982  (min 3.61 -> 3.50)
aom_real720.ivf            t=2 d=2  before     7.64  after     7.36  ratio 0.964  (min 7.63 -> 7.31)
aom_real720.ivf            t=4 d=2  before     7.15  after     6.97  ratio 0.975  (min 6.28 -> 5.98)
aom_real1080_96.ivf        t=2 d=2  before    32.90  after    28.53  ratio 0.867  (min 32.78 -> 28.37)
aom_real1080_96.ivf        t=4 d=2  before    30.32  after    24.93  ratio 0.822  (min 27.22 -> 22.83)
## delay 1 (tile only)
svt_real4k_48.ivf          t=1 d=1  before    59.70  after    56.83  ratio 0.952  (min 59.47 -> 56.29)
svt_real4k_48.ivf          t=4 d=1  before   144.66  after    70.67  ratio 0.489  (min 128.85 -> 66.89)
svt_real4k_48.ivf          t=8 d=1  before   152.87  after    67.38  ratio 0.441  (min 136.67 -> 66.62)
aom_real4k_48.ivf          t=1 d=1  before    95.06  after    91.86  ratio 0.966  (min 94.95 -> 91.56)
aom_real4k_48.ivf          t=4 d=1  before   191.63  after   124.72  ratio 0.651  (min 180.63 -> 119.80)
aom_real4k_48.ivf          t=8 d=1  before   208.14  after   120.98  ratio 0.581  (min 180.29 -> 120.13)
aom_real1080_96.ivf        t=1 d=1  before    29.46  after    28.78  ratio 0.977  (min 29.34 -> 28.48)
aom_real1080_96.ivf        t=4 d=1  before    47.04  after    41.02  ratio 0.872  (min 43.96 -> 40.54)
aom_real1080_96.ivf        t=8 d=1  before    44.89  after    40.83  ratio 0.909  (min 44.70 -> 40.61)
photo40.ivf                t=1 d=1  before    38.30  after    38.43  ratio 1.003  (min 38.15 -> 38.14)
photo40.ivf                t=4 d=1  before    15.84  after    15.92  ratio 1.005  (min 15.76 -> 15.69)
photo40.ivf                t=8 d=1  before    14.32  after    14.19  ratio 0.991  (min 14.01 -> 14.01)
MATRIX_DONE
