run-heavy: mem-cap=16G (cgroup, hard) jobs=20/24 avail=26048MiB :: bash -c set -euo pipefail; for stage in before after; do for mode in safe untracked; do just test-benchmark-errors "target/lead-mc-final-$stage-$mode/release/examples/decode_md5" "target/lead-mc-final-$stage-$mode/release/examples/profile_ivf"; done; done
python3 tools/test_decode_md5_limit.py "target/lead-mc-final-before-safe/release/examples/decode_md5" --profile-binary "target/lead-mc-final-before-safe/release/examples/profile_ivf"
{"limit": null, "returncode": 0, "stdout": "9604569c8e5fcd812a940b82ef39b552\n", "stderr": "  Frame: 64x64 bpc=8 layout=I420\n  Y plane: 64x64 stride=128\n  U plane: 32x32 stride=64\n  V plane: 32x32 stride=64\nDecode error: Error: InvalidData\n\n    at src/managed.rs:804\n (invalid data)\nFrames: 1\n"}
{"limit": 0, "returncode": 0, "stdout": "d41d8cd98f00b204e9800998ecf8427e\n", "stderr": "Frames: 0\n"}
{"limit": 1, "returncode": 0, "stdout": "9604569c8e5fcd812a940b82ef39b552\n", "stderr": "  Frame: 64x64 bpc=8 layout=I420\n  Y plane: 64x64 stride=128\n  U plane: 32x32 stride=64\n  V plane: 32x32 stride=64\nFrames: 1\n"}
{"profile_control": "malformed", "returncode": 101, "stdout": "", "stderr": "Input: /home/lilith/tmp/tmpnsdzf4_e/valid-frame-then-malformed-packet.ivf (2 IVF frames)\nIterations: 1\n\nthread 'main' (3019034) panicked at examples/profile_ivf.rs:74:14:\ndecode failed during benchmark: Error: InvalidData\n\n    at src/managed.rs:804\n\nnote: run with `RUST_BACKTRACE=1` environment variable to display a backtrace\n"}
{"profile_control": "valid", "returncode": 0, "stdout": "RESULT\trun\t0\t1\t1\t0.118546\nRESULT\trun\t1\t1\t1\t0.038794\n", "stderr": "Input: /home/lilith/tmp/tmpnsdzf4_e/valid-frame.ivf (1 IVF frames)\nIterations: 1\nFrames decoded per iteration: 1\nrun: 0.0388 ms/frame\n"}
PASS: malformed control and both frame-limit gates
python3 tools/test_decode_md5_limit.py "target/lead-mc-final-before-untracked/release/examples/decode_md5" --profile-binary "target/lead-mc-final-before-untracked/release/examples/profile_ivf"
{"limit": null, "returncode": 0, "stdout": "9604569c8e5fcd812a940b82ef39b552\n", "stderr": "  Frame: 64x64 bpc=8 layout=I420\n  Y plane: 64x64 stride=128\n  U plane: 32x32 stride=64\n  V plane: 32x32 stride=64\nDecode error: Error: InvalidData\n\n    at src/managed.rs:804\n (invalid data)\nFrames: 1\n"}
{"limit": 0, "returncode": 0, "stdout": "d41d8cd98f00b204e9800998ecf8427e\n", "stderr": "Frames: 0\n"}
{"limit": 1, "returncode": 0, "stdout": "9604569c8e5fcd812a940b82ef39b552\n", "stderr": "  Frame: 64x64 bpc=8 layout=I420\n  Y plane: 64x64 stride=128\n  U plane: 32x32 stride=64\n  V plane: 32x32 stride=64\nFrames: 1\n"}
{"profile_control": "malformed", "returncode": 101, "stdout": "", "stderr": "Input: /home/lilith/tmp/tmpjhl1phrn/valid-frame-then-malformed-packet.ivf (2 IVF frames)\nIterations: 1\n\nthread 'main' (3019043) panicked at examples/profile_ivf.rs:74:14:\ndecode failed during benchmark: Error: InvalidData\n\n    at src/managed.rs:804\n\nnote: run with `RUST_BACKTRACE=1` environment variable to display a backtrace\n"}
{"profile_control": "valid", "returncode": 0, "stdout": "RESULT\trun\t0\t1\t1\t0.084460\nRESULT\trun\t1\t1\t1\t0.019277\n", "stderr": "Input: /home/lilith/tmp/tmpjhl1phrn/valid-frame.ivf (1 IVF frames)\nIterations: 1\nFrames decoded per iteration: 1\nrun: 0.0193 ms/frame\n"}
PASS: malformed control and both frame-limit gates
python3 tools/test_decode_md5_limit.py "target/lead-mc-final-after-safe/release/examples/decode_md5" --profile-binary "target/lead-mc-final-after-safe/release/examples/profile_ivf"
{"limit": null, "returncode": 0, "stdout": "9604569c8e5fcd812a940b82ef39b552\n", "stderr": "  Frame: 64x64 bpc=8 layout=I420\n  Y plane: 64x64 stride=128\n  U plane: 32x32 stride=64\n  V plane: 32x32 stride=64\nDecode error: Error: InvalidData\n\n    at src/managed.rs:804\n (invalid data)\nFrames: 1\n"}
{"limit": 0, "returncode": 0, "stdout": "d41d8cd98f00b204e9800998ecf8427e\n", "stderr": "Frames: 0\n"}
{"limit": 1, "returncode": 0, "stdout": "9604569c8e5fcd812a940b82ef39b552\n", "stderr": "  Frame: 64x64 bpc=8 layout=I420\n  Y plane: 64x64 stride=128\n  U plane: 32x32 stride=64\n  V plane: 32x32 stride=64\nFrames: 1\n"}
{"profile_control": "malformed", "returncode": 101, "stdout": "", "stderr": "Input: /home/lilith/tmp/tmp6bddn5q2/valid-frame-then-malformed-packet.ivf (2 IVF frames)\nIterations: 1\n\nthread 'main' (3019059) panicked at examples/profile_ivf.rs:74:14:\ndecode failed during benchmark: Error: InvalidData\n\n    at src/managed.rs:804\n\nnote: run with `RUST_BACKTRACE=1` environment variable to display a backtrace\n"}
{"profile_control": "valid", "returncode": 0, "stdout": "RESULT\trun\t0\t1\t1\t0.129636\nRESULT\trun\t1\t1\t1\t0.038643\n", "stderr": "Input: /home/lilith/tmp/tmp6bddn5q2/valid-frame.ivf (1 IVF frames)\nIterations: 1\nFrames decoded per iteration: 1\nrun: 0.0386 ms/frame\n"}
PASS: malformed control and both frame-limit gates
python3 tools/test_decode_md5_limit.py "target/lead-mc-final-after-untracked/release/examples/decode_md5" --profile-binary "target/lead-mc-final-after-untracked/release/examples/profile_ivf"
{"limit": null, "returncode": 0, "stdout": "9604569c8e5fcd812a940b82ef39b552\n", "stderr": "  Frame: 64x64 bpc=8 layout=I420\n  Y plane: 64x64 stride=128\n  U plane: 32x32 stride=64\n  V plane: 32x32 stride=64\nDecode error: Error: InvalidData\n\n    at src/managed.rs:804\n (invalid data)\nFrames: 1\n"}
{"limit": 0, "returncode": 0, "stdout": "d41d8cd98f00b204e9800998ecf8427e\n", "stderr": "Frames: 0\n"}
{"limit": 1, "returncode": 0, "stdout": "9604569c8e5fcd812a940b82ef39b552\n", "stderr": "  Frame: 64x64 bpc=8 layout=I420\n  Y plane: 64x64 stride=128\n  U plane: 32x32 stride=64\n  V plane: 32x32 stride=64\nFrames: 1\n"}
{"profile_control": "malformed", "returncode": 101, "stdout": "", "stderr": "Input: /home/lilith/tmp/tmp2m2g2c30/valid-frame-then-malformed-packet.ivf (2 IVF frames)\nIterations: 1\n\nthread 'main' (3019068) panicked at examples/profile_ivf.rs:74:14:\ndecode failed during benchmark: Error: InvalidData\n\n    at src/managed.rs:804\n\nnote: run with `RUST_BACKTRACE=1` environment variable to display a backtrace\n"}
{"profile_control": "valid", "returncode": 0, "stdout": "RESULT\trun\t0\t1\t1\t0.086745\nRESULT\trun\t1\t1\t1\t0.019217\n", "stderr": "Input: /home/lilith/tmp/tmp2m2g2c30/valid-frame.ivf (1 IVF frames)\nIterations: 1\nFrames decoded per iteration: 1\nrun: 0.0192 ms/frame\n"}
PASS: malformed control and both frame-limit gates
run-heavy: done rc=0 0s | peak-RSS 0.02GiB | min-avail 26047MiB | peak-load 0.16
