run-heavy: mem-cap=16G (cgroup, hard) jobs=20/24 avail=25280MiB :: bash -c set -e; just test-mc-pair-windows; just test-mc-pair-windows bitdepth_8,bitdepth_16,c-ffi
cargo nextest run --cargo-profile release-thin --no-default-features --features "bitdepth_8,bitdepth_16" --lib -E 'test(mc_x86_8bpc_parity)' --test-threads 1
[1m[92m    Finished[0m `release-thin` profile [optimized + debuginfo] target(s) in 0.05s
────────────
[32;1m Nextest run[0m ID [1m1bad6688-9fef-497a-a5f8-46878f2e80ad[0m with nextest profile: [1mdefault[0m
[32;1m    Starting[0m [1m4[0m tests across [1m1[0m binary ([1m115[0m tests [33;1mskipped[0m)
[32;1m        PASS[0m [   0.003s] (1/4) [35;1mrav1d-safe[0m [36msrc::safe_simd::mc_x86_8bpc_parity[0m[36m::[0m[34;1mpair_window_arithmetic_fits_i16_for_all_filter_rows[0m
[32;1m        PASS[0m [  11.941s] (2/4) [35;1mrav1d-safe[0m [36msrc::safe_simd::mc_x86_8bpc_parity[0m[36m::[0m[34;1mput_prep_8bpc_endpoint_and_tail_parity[0m
[32;1m        PASS[0m [  14.524s] (3/4) [35;1mrav1d-safe[0m [36msrc::safe_simd::mc_x86_8bpc_parity[0m[36m::[0m[34;1mput_prep_8bpc_full_domain_parity[0m
[32;1m        PASS[0m [   6.786s] (4/4) [35;1mrav1d-safe[0m [36msrc::safe_simd::mc_x86_8bpc_parity[0m[36m::[0m[34;1mreversed_source_rows_match_scalar_for_all_8tap_filters[0m
────────────
[32;1m     Summary[0m [  33.255s] [1m4[0m tests run: [1m4[0m [32;1mpassed[0m, [1m115[0m [33;1mskipped[0m
cargo nextest run --cargo-profile release-thin --no-default-features --features "bitdepth_8,bitdepth_16,c-ffi" --lib -E 'test(mc_x86_8bpc_parity)' --test-threads 1
[1m[92m   Compiling[0m rav1d-safe v0.6.0 (/home/lilith/work/zen/rav1d-safe--lead-mc)
[1m[92m   Compiling[0m rav1d-disjoint-mut v0.4.0 (/home/lilith/work/zen/rav1d-safe--lead-mc/crates/rav1d-disjoint-mut)
[1m[92m    Finished[0m `release-thin` profile [optimized + debuginfo] target(s) in 13.42s
────────────
[32;1m Nextest run[0m ID [1mb6fd4498-69e5-4ad9-bafa-45cad12cce6b[0m with nextest profile: [1mdefault[0m
[32;1m    Starting[0m [1m3[0m tests across [1m1[0m binary ([1m71[0m tests [33;1mskipped[0m)
[32;1m        PASS[0m [   0.003s] (1/3) [35;1mrav1d-safe[0m [36msrc::safe_simd::mc_x86_8bpc_parity[0m[36m::[0m[34;1mpair_window_arithmetic_fits_i16_for_all_filter_rows[0m
[32;1m        PASS[0m [   1.372s] (2/3) [35;1mrav1d-safe[0m [36msrc::safe_simd::mc_x86_8bpc_parity[0m[36m::[0m[34;1mput_prep_8bpc_endpoint_and_tail_parity[0m
[32;1m        PASS[0m [   1.342s] (3/3) [35;1mrav1d-safe[0m [36msrc::safe_simd::mc_x86_8bpc_parity[0m[36m::[0m[34;1mput_prep_8bpc_full_domain_parity[0m
────────────
[32;1m     Summary[0m [   2.718s] [1m3[0m tests run: [1m3[0m [32;1mpassed[0m, [1m71[0m [33;1mskipped[0m
run-heavy: done rc=0 49s | peak-RSS 1.43GiB | min-avail 23889MiB | peak-load 1.72
