run-heavy: mem-cap=16G (cgroup, hard) jobs=20/24 avail=26056MiB :: bash -c set -e; CARGO_TARGET_DIR=target/lead-frame-count-guard cargo build --profile release-thin --no-default-features --features bitdepth_8,bitdepth_16 --example profile_ivf; just bench-frame-count target/lead-frame-count-guard/release-thin/examples/profile_ivf /home/lilith/tmp/rav1d-handoff-2026-10-07/streams/aom_real1080_96.ivf 1 3; CARGO_TARGET_DIR=target/lead-frame-count-guard cargo clippy --release --no-default-features --features bitdepth_8,bitdepth_16 --example profile_ivf -- -D warnings
[1m[92m   Compiling[0m rav1d-safe v0.6.0 (/home/lilith/work/zen/rav1d-safe)
[1m[92m    Finished[0m `release-thin` profile [optimized + debuginfo] target(s) in 13.21s
RAV1D_THREADS=1 RAV1D_REPS=3 RAV1D_FRAME_DELAY=1 RAV1D_LEVEL=native RAV1D_INLOOP=all "target/lead-frame-count-guard/release-thin/examples/profile_ivf" "/home/lilith/tmp/rav1d-handoff-2026-10-07/streams/aom_real1080_96.ivf" 1
Input: /home/lilith/tmp/rav1d-handoff-2026-10-07/streams/aom_real1080_96.ivf (96 IVF frames)
Iterations: 1
Frames decoded per iteration: 96
RESULT	run	0	1	96	28.548591
RESULT	run	1	1	96	28.434942
RESULT	run	2	1	96	28.582308
run: 28.5823 ms/frame
[1m[92m   Compiling[0m proc-macro2 v1.0.107
[1m[92m   Compiling[0m quote v1.0.47
[1m[92m   Compiling[0m unicode-ident v1.0.24
[1m[92m   Compiling[0m libc v0.2.189
[1m[92m    Checking[0m cfg-if v1.0.4
[1m[92m    Checking[0m bitflags v2.13.1
[1m[92m   Compiling[0m zerocopy v0.8.56
[1m[92m   Compiling[0m rustix v1.1.4
[1m[92m    Checking[0m memchr v2.8.3
[1m[92m    Checking[0m linux-raw-sys v0.12.1
[1m[92m   Compiling[0m autocfg v1.5.1
[1m[92m   Compiling[0m shlex v2.0.1
[1m[92m   Compiling[0m heck v0.5.0
[1m[92m   Compiling[0m find-msvc-tools v0.1.12
[1m[92m    Checking[0m stable_deref_trait v1.2.1
[1m[92m    Checking[0m utf8parse v0.2.2
[1m[92m    Checking[0m itoa v1.0.18
[1m[92m   Compiling[0m serde_core v1.0.229
[1m[92m   Compiling[0m zmij v1.0.23
[1m[92m    Checking[0m is_terminal_polyfill v1.70.2
[1m[92m    Checking[0m anstyle-query v1.1.5
[1m[92m    Checking[0m colorchoice v1.0.5
[1m[92m    Checking[0m anstyle-parse v1.0.0
[1m[92m    Checking[0m anstyle v1.0.14
[1m[92m   Compiling[0m serde v1.0.229
[1m[92m   Compiling[0m serde_json v1.0.151
[1m[92m    Checking[0m clap_lex v1.1.0
[1m[92m   Compiling[0m cc v1.4.5
[1m[92m   Compiling[0m getrandom v0.3.4
[1m[92m   Compiling[0m semver v1.0.28
[1m[92m   Compiling[0m version_check v0.9.5
[1m[92m    Checking[0m strsim v0.11.1
[1m[92m    Checking[0m bitflags v1.3.2
[1m[92m    Checking[0m scopeguard v1.2.0
[1m[92m    Checking[0m uuid v1.26.1
[1m[92m    Checking[0m anstream v1.0.0
[1m[92m   Compiling[0m log v0.4.34
[1m[92m    Checking[0m lock_api v0.4.14
[1m[92m   Compiling[0m getrandom v0.4.3
[1m[92m   Compiling[0m parking_lot_core v0.9.12
[1m[92m   Compiling[0m memoffset v0.6.5
[1m[92m    Checking[0m whereat v0.1.5
[1m[92m   Compiling[0m rustc_version v0.4.1
[1m[92m    Checking[0m once_cell v1.21.4
[1m[92m   Compiling[0m ahash v0.8.12
[1m[92m   Compiling[0m object v0.37.3
[1m[92m   Compiling[0m cpp_demangle v0.4.5
[1m[92m    Checking[0m smallvec v1.16.0
[1m[92m    Checking[0m arrayvec v0.7.8
[1m[92m    Checking[0m enough v0.4.4
[1m[92m   Compiling[0m num-traits v0.2.19
[1m[92m    Checking[0m as-slice v0.2.1
[1m[92m    Checking[0m hashbrown v0.17.1
[1m[92m   Compiling[0m symbolic-demangle v12.18.3
[1m[92m   Compiling[0m thiserror v2.0.21
[1m[92m    Checking[0m debugid v0.8.0
[1m[92m    Checking[0m equivalent v1.0.2
[1m[92m    Checking[0m adler2 v2.0.1
[1m[92m    Checking[0m gimli v0.32.3
[1m[92m   Compiling[0m paste v1.0.15
[1m[92m   Compiling[0m likely_stable v0.1.3
[1m[92m   Compiling[0m thiserror v1.0.69
[1m[92m    Checking[0m rustc-demangle v0.1.28
[1m[92m   Compiling[0m anyhow v1.0.104
[1m[92m    Checking[0m miniz_oxide v0.8.9
[1m[92m    Checking[0m num-format v0.4.4
[1m[92m    Checking[0m almost-enough v0.4.4
[1m[92m    Checking[0m aligned v0.4.3
[1m[92m    Checking[0m quick-xml v0.26.0
[1m[92m    Checking[0m safe_unaligned_simd v0.2.5
[1m[92m    Checking[0m fastrand v2.5.0
[1m[92m    Checking[0m str_stack v0.1.1
[1m[92m   Compiling[0m pprof v0.15.0
[1m[92m    Checking[0m lazy_static v1.5.0
[1m[92m    Checking[0m spin v0.12.3
[1m[92m    Checking[0m colored v2.2.0
[1m[92m   Compiling[0m syn v2.0.119
[1m[92m   Compiling[0m syn v3.0.6
[1m[92m    Checking[0m spin v0.10.1
[1m[92m    Checking[0m raw-cpuid v11.6.0
[1m[92m    Checking[0m bitreader v0.3.11
[1m[92m    Checking[0m assert_matches v1.5.0
[1m[92m    Checking[0m indexmap v2.14.2
[1m[92m    Checking[0m regex-lite v0.1.9
[1m[92m    Checking[0m byteorder v1.5.0
[1m[92m    Checking[0m leb128 v0.2.7
[1m[92m    Checking[0m condtype v1.3.0
[1m[92m    Checking[0m fallible_collections v0.5.2
[1m[92m    Checking[0m glob-match v0.2.1
[1m[92m    Checking[0m to_method v1.1.0
[1m[92m    Checking[0m md5 v0.8.1
[1m[92m   Compiling[0m findshlibs v0.10.2
[1m[92m   Compiling[0m jobserver v0.1.35
[1m[92m   Compiling[0m nasm-rs v0.3.2
[1m[92m   Compiling[0m rav1d-safe v0.6.0 (/home/lilith/work/zen/rav1d-safe)
[1m[92m    Checking[0m getrandom v0.2.17
[1m[92m    Checking[0m memmap2 v0.9.11
[1m[92m    Checking[0m nix v0.23.2
[1m[92m    Checking[0m is-terminal v0.4.17
[1m[92m    Checking[0m nix v0.26.4
[1m[92m    Checking[0m sysinfo v0.36.1
[1m[92m    Checking[0m rand_core v0.6.4
[1m[92m    Checking[0m symbolic-common v12.18.3
[1m[92m    Checking[0m parking_lot v0.12.5
[1m[92m    Checking[0m terminal_size v0.4.4
[1m[92m    Checking[0m fs4 v1.1.0
[1m[92m    Checking[0m tempfile v3.27.0
[1m[92m    Checking[0m clap_builder v4.6.6
[1m[92m    Checking[0m addr2line v0.25.1
[1m[92m   Compiling[0m zerocopy-derive v0.8.56
[1m[92m   Compiling[0m equator-macro v0.4.2
[1m[92m   Compiling[0m thiserror-impl v1.0.69
[1m[92m   Compiling[0m strum_macros v0.28.0
[1m[92m   Compiling[0m atomig-macro v0.4.0
[1m[92m   Compiling[0m divan-macros v0.1.21
[1m[92m   Compiling[0m bytemuck_derive v1.12.0
[1m[92m   Compiling[0m serde_derive v1.0.229
[1m[92m   Compiling[0m clap_derive v4.6.4
[1m[92m   Compiling[0m archmage-macros v0.9.30 (https://github.com/imazen/archmage?rev=e2dbab66ef5aa08f8e23ed05248e7d1217f58475#e2dbab66)
[1m[92m   Compiling[0m thiserror-impl v2.0.21
[1m[92m    Checking[0m atomig v0.4.3
[1m[92m    Checking[0m backtrace v0.3.76
[1m[92m    Checking[0m equator v0.4.2
[1m[92m    Checking[0m aligned-vec v0.6.4
[1m[92m    Checking[0m bytemuck v1.25.2
[1m[92m    Checking[0m archmage v0.9.30 (https://github.com/imazen/archmage?rev=e2dbab66ef5aa08f8e23ed05248e7d1217f58475#e2dbab66)
[1m[92m    Checking[0m zenpixels v0.2.16
[1m[92m    Checking[0m rgb v0.8.53
[1m[92m    Checking[0m strum v0.28.0
[1m[92m    Checking[0m clap v4.6.6
[1m[92m    Checking[0m divan v0.1.21
[1m[92m    Checking[0m zencodec v0.1.26
[1m[92m    Checking[0m zenavif-parse v0.6.2
[1m[92m    Checking[0m jsonrpc-types v0.3.3
[1m[92m    Checking[0m zenbench v0.1.9
[1m[92m    Checking[0m ppv-lite86 v0.2.21
[1m[92m    Checking[0m rav1d-disjoint-mut v0.4.0 (/home/lilith/work/zen/rav1d-safe/crates/rav1d-disjoint-mut)
[1m[92m    Checking[0m inferno v0.11.21
[1m[92m    Checking[0m rand_chacha v0.3.1
[1m[92m    Checking[0m rand v0.8.8
[1m[92m    Checking[0m shared_memory v0.12.4
[1m[92m    Checking[0m tango-bench v0.8.0
[1m[92m    Finished[0m `release` profile [optimized + debuginfo] target(s) in 9.31s
run-heavy: done rc=0 34s | peak-RSS 1.29GiB | min-avail 24774MiB | peak-load 2.77
