run-heavy: mem-cap=16G (cgroup, hard) jobs=20/24 avail=26108MiB :: just test-conformance-token-tiers
cargo nextest run --release --no-default-features --features "bitdepth_8,bitdepth_16" --example decode_md5 --test-threads 1
[1m[92m   Compiling[0m rav1d-safe v0.6.0 (/home/lilith/work/zen/rav1d-safe)
[1m[92m    Finished[0m `release` profile [optimized + debuginfo] target(s) in 11.90s
────────────
[32;1m Nextest run[0m ID [1m8eb1e72f-8448-4dad-819e-d018bc5f52fd[0m with nextest profile: [1mdefault[0m
[32;1m    Starting[0m [1m1[0m test across [1m1[0m binary
[31;1m        FAIL[0m [   0.003s] (1/1) [35;1mrav1d-safe::example/decode_md5[0m [36mx86_tier_tests[0m[36m::[0m[34;1mtier_caps_apply_to_workers_and_restore_baseline_tokens[0m
[31;1m [0m [31;1mstdout[0m [31;1m───[0m

    running 1 test
    test x86_tier_tests::tier_caps_apply_to_workers_and_restore_baseline_tokens ... FAILED

    failures:

    failures:
        x86_tier_tests::tier_caps_apply_to_workers_and_restore_baseline_tokens

    test result: FAILED. 0 passed; 1 failed; 0 ignored; 0 measured; 0 filtered out; finished in 0.00s
    [0m
[31;1m [0m [31;1mstderr[0m [31;1m───[0m

    thread '<unnamed>' (2637401) panicked at examples/decode_md5.rs:275:33:
    assertion failed: archmage::X64V1Token::summon().is_none()
    note: run with `RUST_BACKTRACE=1` environment variable to display a backtrace

    thread '<unnamed>' (2637402) panicked at examples/decode_md5.rs:275:33:
    assertion failed: archmage::X64V1Token::summon().is_none()

    thread 'x86_tier_tests::tier_caps_apply_to_workers_and_restore_baseline_tokens' (2637400) panicked at examples/decode_md5.rs:292:31:
    called `Result::unwrap()` on an `Err` value: Any { .. }

    thread '<unnamed>' (2637403) panicked at examples/decode_md5.rs:275:33:
    assertion failed: archmage::X64V1Token::summon().is_none()

    [0m[31;1mthread '<unnamed>' (2637404) panicked at examples/decode_md5.rs:275:33:[0m
    [31;1massertion failed: archmage::X64V1Token::summon().is_none()[0m[0m

────────────
[31;1m     Summary[0m [   0.004s] [1m1[0m test run: [1m0[0m [32;1mpassed[0m, [1m1[0m [31;1mfailed[0m, [1m0[0m [33;1mskipped[0m
[31;1m        FAIL[0m [   0.003s] (1/1) [35;1mrav1d-safe::example/decode_md5[0m [36mx86_tier_tests[0m[36m::[0m[34;1mtier_caps_apply_to_workers_and_restore_baseline_tokens[0m
[31;1merror[0m: test run failed
error: recipe `test-conformance-token-tiers` failed on line 88 with exit code 100
run-heavy: done rc=100 12s | peak-RSS 1.29GiB | min-avail 25158MiB | peak-load 0.39
